Archive member included to satisfy reference by file (symbol)

c:/program files/microchip/xc32/v4.21/bin/bin/../../lib/gcc/pic32c/8.3.1/../../../../pic32c/lib/thumb/v7e-m+fp/hard\libpic32c.a(data_init_wrapper.o)
                              C:\Users\Loyola\AppData\Local\Temp\cc65FL0A.o (__pic32c_data_initialization)
c:/program files/microchip/xc32/v4.21/bin/bin/../../lib/gcc/pic32c/8.3.1/../../../../pic32c/lib/thumb/v7e-m+fp/hard\libpic32c.a(data_init_0_1.o)
                              c:/program files/microchip/xc32/v4.21/bin/bin/../../lib/gcc/pic32c/8.3.1/../../../../pic32c/lib/thumb/v7e-m+fp/hard\libpic32c.a(data_init_wrapper.o) (__pic32c_data_initialization_impl)
c:/program files/microchip/xc32/v4.21/bin/bin/../../lib/gcc/pic32c/8.3.1/../../../../pic32c/lib/thumb/v7e-m+fp/hard\libm-emfloat.a(__aeabi_dsub.o)
                              build/Default/debug/hpl/sercom/hpl_sercom.o (__aeabi_dsub)
c:/program files/microchip/xc32/v4.21/bin/bin/../../lib/gcc/pic32c/8.3.1/../../../../pic32c/lib/thumb/v7e-m+fp/hard\libm-emfloat.a(__aeabi_dmul.o)
                              build/Default/debug/hpl/sercom/hpl_sercom.o (__aeabi_dmul)
c:/program files/microchip/xc32/v4.21/bin/bin/../../lib/gcc/pic32c/8.3.1/../../../../pic32c/lib/thumb/v7e-m+fp/hard\libm-emfloat.a(__aeabi_ddiv.o)
                              build/Default/debug/hpl/sercom/hpl_sercom.o (__aeabi_ddiv)
c:/program files/microchip/xc32/v4.21/bin/bin/../../lib/gcc/pic32c/8.3.1/../../../../pic32c/lib/thumb/v7e-m+fp/hard\libm-emfloat.a(__aeabi_d2uiz.o)
                              build/Default/debug/hpl/sercom/hpl_sercom.o (__aeabi_d2uiz)
c:/program files/microchip/xc32/v4.21/bin/bin/../../lib/gcc/pic32c/8.3.1/../../../../pic32c/lib/thumb/v7e-m+fp/hard\libm-emfloat.a(__aeabi_i2d.o)
                              build/Default/debug/hpl/sercom/hpl_sercom.o (__aeabi_i2d)
c:/program files/microchip/xc32/v4.21/bin/bin/../../lib/gcc/pic32c/8.3.1/../../../../pic32c/lib/thumb/v7e-m+fp/hard\libm-emfloat.a(__aeabi_ui2d.o)
                              build/Default/debug/hpl/sercom/hpl_sercom.o (__aeabi_ui2d)
c:/program files/microchip/xc32/v4.21/bin/bin/../../lib/gcc/pic32c/8.3.1/../../../../pic32c/lib/thumb/v7e-m+fp/hard\libm-emfloat.a(__aeabi_dadd.o)
                              c:/program files/microchip/xc32/v4.21/bin/bin/../../lib/gcc/pic32c/8.3.1/../../../../pic32c/lib/thumb/v7e-m+fp/hard\libm-emfloat.a(__aeabi_dsub.o) (__aeabi_dadd)
c:/program files/microchip/xc32/v4.21/bin/bin/../../lib/gcc/pic32c/8.3.1/../../../../pic32c/lib/thumb/v7e-m+fp/hard\libg-musl.a(__libc_start_main.o)
                              C:\Users\Loyola\AppData\Local\Temp\cc65FL0A.o (__libc_init_array)
c:/program files/microchip/xc32/v4.21/bin/bin/../../lib/gcc/pic32c/8.3.1/../../../../pic32c/lib/thumb/v7e-m+fp/hard\libg-musl.a(libc.o)
                              c:/program files/microchip/xc32/v4.21/bin/bin/../../lib/gcc/pic32c/8.3.1/../../../../pic32c/lib/thumb/v7e-m+fp/hard\libg-musl.a(__libc_start_main.o) (__progname_full)
c:/program files/microchip/xc32/v4.21/bin/bin/../../lib/gcc/pic32c/8.3.1/../../../../pic32c/lib/thumb/v7e-m+fp/hard\libg-musl.a(__sio_printf_doux.o)
                              (_printf_cdnopuxX)
c:/program files/microchip/xc32/v4.21/bin/bin/../../lib/gcc/pic32c/8.3.1/../../../../pic32c/lib/thumb/v7e-m+fp/hard\libg-musl.a(__sio_sprintf_doux.o)
                              (_sprintf_cdnopuxX)
c:/program files/microchip/xc32/v4.21/bin/bin/../../lib/gcc/pic32c/8.3.1/../../../../pic32c/lib/thumb/v7e-m+fp/hard\libg-musl.a(__fmt_d.o)
                              c:/program files/microchip/xc32/v4.21/bin/bin/../../lib/gcc/pic32c/8.3.1/../../../../pic32c/lib/thumb/v7e-m+fp/hard\libg-musl.a(__sio_printf_doux.o) (__fmt_d_needed)
c:/program files/microchip/xc32/v4.21/bin/bin/../../lib/gcc/pic32c/8.3.1/../../../../pic32c/lib/thumb/v7e-m+fp/hard\libg-musl.a(__fmt_o.o)
                              c:/program files/microchip/xc32/v4.21/bin/bin/../../lib/gcc/pic32c/8.3.1/../../../../pic32c/lib/thumb/v7e-m+fp/hard\libg-musl.a(__sio_printf_doux.o) (__fmt_o_needed)
c:/program files/microchip/xc32/v4.21/bin/bin/../../lib/gcc/pic32c/8.3.1/../../../../pic32c/lib/thumb/v7e-m+fp/hard\libg-musl.a(__fmt_s.o)
                              c:/program files/microchip/xc32/v4.21/bin/bin/../../lib/gcc/pic32c/8.3.1/../../../../pic32c/lib/thumb/v7e-m+fp/hard\libg-musl.a(__sio_printf_doux.o) (__fmt_s_needed)
c:/program files/microchip/xc32/v4.21/bin/bin/../../lib/gcc/pic32c/8.3.1/../../../../pic32c/lib/thumb/v7e-m+fp/hard\libg-musl.a(__fmt_u.o)
                              c:/program files/microchip/xc32/v4.21/bin/bin/../../lib/gcc/pic32c/8.3.1/../../../../pic32c/lib/thumb/v7e-m+fp/hard\libg-musl.a(__fmt_d.o) (__cvt_u)
c:/program files/microchip/xc32/v4.21/bin/bin/../../lib/gcc/pic32c/8.3.1/../../../../pic32c/lib/thumb/v7e-m+fp/hard\libg-musl.a(__fmt_x.o)
[...]
Memory Configuration

Name             Origin             Length             Attributes
rom              0x00000000         0x00100000         xrl
ram              0x20000000         0x00040000         xw !r
tcm              0x03000000         0x00000000         xw
bkupram          0x47000000         0x00002000
config_00804000  0x00804000         0x00000004
config_00804004  0x00804004         0x00000004
config_00804008  0x00804008         0x00000004
*default*        0x00000000         0xffffffff

Linker script and memory map

LOAD c:/program files/microchip/xc32/v4.21/bin/bin/../../lib/gcc/pic32c/8.3.1/thumb/v7e-m+fp/hard/crti.o
LOAD c:/program files/microchip/xc32/v4.21/bin/bin/../../lib/gcc/pic32c/8.3.1/thumb/v7e-m+fp/hard/crtbegin.o
LOAD build/Default/debug/examples/driver_examples.o
LOAD build/Default/debug/gcc/system_same54.o
LOAD build/Default/debug/hal/src/hal_atomic.o
LOAD build/Default/debug/hal/src/hal_cache.o
LOAD build/Default/debug/hal/src/hal_delay.o
LOAD build/Default/debug/hal/src/hal_gpio.o
LOAD build/Default/debug/hal/src/hal_init.o
LOAD build/Default/debug/hal/src/hal_io.o
LOAD build/Default/debug/hal/src/hal_sleep.o
LOAD build/Default/debug/hal/src/hal_usart_sync.o
LOAD build/Default/debug/hal/utils/src/utils_assert.o
LOAD build/Default/debug/hal/utils/src/utils_event.o
LOAD build/Default/debug/hal/utils/src/utils_list.o
LOAD build/Default/debug/hal/utils/src/utils_syscalls.o
LOAD build/Default/debug/hpl/cmcc/hpl_cmcc.o
LOAD build/Default/debug/hpl/core/hpl_core_m4.o
LOAD build/Default/debug/hpl/core/hpl_init.o
LOAD build/Default/debug/hpl/dmac/hpl_dmac.o
LOAD build/Default/debug/hpl/gclk/hpl_gclk.o
LOAD build/Default/debug/hpl/mclk/hpl_mclk.o
LOAD build/Default/debug/hpl/osc32kctrl/hpl_osc32kctrl.o
LOAD build/Default/debug/hpl/oscctrl/hpl_oscctrl.o
LOAD build/Default/debug/hpl/pm/hpl_pm.o
LOAD build/Default/debug/hpl/ramecc/hpl_ramecc.o
LOAD build/Default/debug/hpl/sercom/hpl_sercom.o
LOAD build/Default/debug/hpl/tcc/tcc_lite.o
LOAD build/Default/debug/thirdparty/RTOS/freertos/FreeRTOSV10.0.0/Source/portable/GCC/ARM_CM4F/port.o
LOAD build/Default/debug/thirdparty/RTOS/freertos/FreeRTOSV10.0.0/Source/portable/MemMang/heap_1.o
LOAD build/Default/debug/thirdparty/RTOS/freertos/FreeRTOSV10.0.0/Source/croutine.o
LOAD build/Default/debug/thirdparty/RTOS/freertos/FreeRTOSV10.0.0/Source/event_groups.o
LOAD build/Default/debug/thirdparty/RTOS/freertos/FreeRTOSV10.0.0/Source/list.o
LOAD build/Default/debug/thirdparty/RTOS/freertos/FreeRTOSV10.0.0/Source/queue.o
LOAD build/Default/debug/thirdparty/RTOS/freertos/FreeRTOSV10.0.0/Source/stream_buffer.o
LOAD build/Default/debug/thirdparty/RTOS/freertos/FreeRTOSV10.0.0/Source/tasks.o
LOAD build/Default/debug/thirdparty/RTOS/freertos/FreeRTOSV10.0.0/Source/timers.o
LOAD build/Default/debug/thirdparty/RTOS/freertos/FreeRTOSV10.0.0/rtos_port.o
LOAD build/Default/debug/main.o
LOAD build/Default/debug/driver_init.o
LOAD build/Default/debug/rtos_start.o
LOAD build/Default/debug/atmel_start.o
LOAD build/Default/debug/WiFi.o
LOAD build/Default/debug/interrupts.o
                0x00000001                __MPLAB_BUILD = 0x1
                0x00000001                __ICD2RAM = 0x1
                0x00000001                __MPLAB_DEBUG = 0x1
                0x00000001                __DEBUG = 0x1
LOAD C:\Users\Loyola\AppData\Local\Temp\cc65FL0A.o
START GROUP
LOAD c:/program files/microchip/xc32/v4.21/bin/bin/../../lib/gcc/pic32c/8.3.1/../../../../pic32c/lib/thumb/v7e-m+fp/hard\libpic32c.a
LOAD c:/program files/microchip/xc32/v4.21/bin/bin/../../lib/gcc/pic32c/8.3.1/../../../../pic32c/lib/thumb/v7e-m+fp/hard\libm-emfloat.a
LOAD c:/program files/microchip/xc32/v4.21/bin/bin/../../lib/gcc/pic32c/8.3.1/../../../../pic32c/lib/thumb/v7e-m+fp/hard\libg-musl.a
LOAD c:/program files/microchip/xc32/v4.21/bin/bin/../../lib/gcc/pic32c/8.3.1/../../../../pic32c/lib/thumb/v7e-m+fp/hard\libc-musl.a
LOAD c:/program files/microchip/xc32/v4.21/bin/bin/../../lib/gcc/pic32c/8.3.1/../../../../pic32c/lib/thumb/v7e-m+fp/hard\libm-emfloat.a
LOAD c:/program files/microchip/xc32/v4.21/bin/bin/../../lib/gcc/pic32c/8.3.1/thumb/v7e-m+fp/hard\libgcc.a
END GROUP
LOAD c:/program files/microchip/xc32/v4.21/bin/bin/../../lib/gcc/pic32c/8.3.1/thumb/v7e-m+fp/hard/crtend.o
LOAD c:/program files/microchip/xc32/v4.21/bin/bin/../../lib/gcc/pic32c/8.3.1/thumb/v7e-m+fp/hard/crtn.o
                0x00100000                __rom_end = (ORIGIN (rom) + LENGTH (rom))
                0x20040000                __ram_end = (ORIGIN (ram) + LENGTH (ram))

.config_00804000
 *(.config_00804000)

.config_00804004
 *(.config_00804004)

.config_00804008
 *(.config_00804008)

.vectors        0x00000000      0x264
                0x00000000                . = ALIGN (0x4)
                0x00000000                _sfixed = .
 *(.vectors .vectors.* .vectors_default .vectors_default.*)
 .vectors.default
                0x00000000      0x264 C:\Users\Loyola\AppData\Local\Temp\cc65FL0A.o
                0x00000000                exception_table
 *(.isr_vector)
 *(.reset*)
 *(.after_vectors)

.text           0x00000264       0x20
                0x00000264                . = ALIGN (0x4)
 *(.glue_7t)
 .glue_7t       0x00000264        0x0 linker stubs
 *(.glue_7)
 .glue_7        0x00000264        0x0 linker stubs
 *(.gnu.linkonce.r.*)
 *(.ARM.extab* .gnu.linkonce.armextab.*)
 .ARM.extab     0x00000264        0x0 c:/program files/microchip/xc32/v4.21/bin/bin/../../lib/gcc/pic32c/8.3.1/thumb/v7e-m+fp/hard\libgcc.a(_udivmoddi4.o)
                0x00000264                . = ALIGN (0x4)
 *(.init)
 .init          0x00000264        0x4 c:/program files/microchip/xc32/v4.21/bin/bin/../../lib/gcc/pic32c/8.3.1/thumb/v7e-m+fp/hard/crti.o
                0x00000264                _init
 .init          0x00000268        0x8 c:/program files/microchip/xc32/v4.21/bin/bin/../../lib/gcc/pic32c/8.3.1/thumb/v7e-m+fp/hard/crtn.o
                0x00000270                . = ALIGN (0x4)
                0x00000270                __preinit_array_start = .
 *(.preinit_array)
                0x00000270                __preinit_array_end = .
                0x00000270                . = ALIGN (0x4)
                0x00000270                __init_array_start = .
 *(SORT_BY_NAME(.init_array.*))
 *(.init_array)
 .init_array    0x00000270        0x4 c:/program files/microchip/xc32/v4.21/bin/bin/../../lib/gcc/pic32c/8.3.1/thumb/v7e-m+fp/hard/crtbegin.o
                0x00000274                __init_array_end = .
                0x00000274                . = ALIGN (0x4)
 *crtbegin.o(.ctors)
 *(EXCLUDE_FILE(*crtend.o) .ctors)
 *(SORT_BY_NAME(.ctors.*))
 *crtend.o(.ctors)
                0x00000274                . = ALIGN (0x4)
 *(.fini)
 .fini          0x00000274        0x4 c:/program files/microchip/xc32/v4.21/bin/bin/../../lib/gcc/pic32c/8.3.1/thumb/v7e-m+fp/hard/crti.o
                0x00000274                _fini
 .fini          0x00000278        0x8 c:/program files/microchip/xc32/v4.21/bin/bin/../../lib/gcc/pic32c/8.3.1/thumb/v7e-m+fp/hard/crtn.o
                0x00000280                . = ALIGN (0x4)
                0x00000280                __fini_array_start = .
 *(.fini_array)
 .fini_array    0x00000280        0x4 c:/program files/microchip/xc32/v4.21/bin/bin/../../lib/gcc/pic32c/8.3.1/thumb/v7e-m+fp/hard/crtbegin.o
 *(SORT_BY_NAME(.fini_array.*))
                0x00000284                __fini_array_end = .
 *crtbegin.o(.dtors)
 *(EXCLUDE_FILE(*crtend.o) .dtors)
 *(SORT_BY_NAME(.dtors.*))
 *crtend.o(.dtors)
                0x00000284                . = ALIGN (0x4)
                0x00000284                _efixed = .
                [!provide]                PROVIDE (__exidx_start = .)

.ARM.exidx      0x00000284        0x8
 *(.ARM.exidx* .gnu.linkonce.armexidx.*)
 .ARM.exidx     0x00000284        0x8 c:/program files/microchip/xc32/v4.21/bin/bin/../../lib/gcc/pic32c/8.3.1/thumb/v7e-m+fp/hard\libgcc.a(_udivmoddi4.o)
                [!provide]                PROVIDE (__exidx_end = .)
                0x0000028c                . = ALIGN (0x4)
                0x0000028c                _etext = .

.bss            0x20000000      0x264
                0x20000000                . = ALIGN (0x4)
                0x20000000                __bss_start__ = .
                0x20000000                _sbss = .
                0x20000000                _szero = .
 *(COMMON)
 COMMON         0x20000000      0x224 build/Default/debug/hpl/core/hpl_core_m4.o
                0x20000000                _irq_table
 COMMON         0x20000224       0x10 build/Default/debug/hpl/ramecc/hpl_ramecc.o
                0x20000224                device
 COMMON         0x20000234       0x30 build/Default/debug/driver_init.o
                0x20000234                USART_2
                0x20000240                EDBG_COM
                0x2000024c                USART_0
                0x20000258                USART_1
                0x20000264                . = ALIGN (0x4)
                0x20000264                __bss_end__ = .
                0x20000264                _ebss = .
                0x20000264                _ezero = .
                0x20000264                . = ALIGN (0x4)
                0x20000264                _end = .
                0x2003ffff                _ram_end_ = ((ORIGIN (ram) + LENGTH (ram)) - 0x1)

.bkupram_bss
 *(.bkupram_bss .bkupram_bss.*)
 *(.pbss .pbss.*)
OUTPUT(dist/Default/debug/plane-RTOS.X.debug.elf elf32-littlearm)
LOAD stack
LOAD data_init

.ARM.attributes
                0x00000000       0x32
 .ARM.attributes
                0x00000000       0x1e c:/program files/microchip/xc32/v4.21/bin/bin/../../lib/gcc/pic32c/8.3.1/thumb/v7e-m+fp/hard/crti.o
 .ARM.attributes
                0x0000001e       0x34 c:/program files/microchip/xc32/v4.21/bin/bin/../../lib/gcc/pic32c/8.3.1/thumb/v7e-m+fp/hard/crtbegin.o
 .ARM.attributes
                0x00000052       0x34 build/Default/debug/examples/driver_examples.o
 .ARM.attributes
                0x00000086       0x34 build/Default/debug/gcc/system_same54.o
 .ARM.attributes
                0x000000ba       0x34 build/Default/debug/hal/src/hal_atomic.o
 .ARM.attributes
                0x000000ee       0x34 build/Default/debug/hal/src/hal_cache.o
 .ARM.attributes
                0x00000122       0x34 build/Default/debug/hal/src/hal_delay.o
 .ARM.attributes
                0x00000156       0x34 build/Default/debug/hal/src/hal_gpio.o
 .ARM.attributes
                0x0000018a       0x34 build/Default/debug/hal/src/hal_init.o
 .ARM.attributes
                0x000001be       0x34 build/Default/debug/hal/src/hal_io.o
 .ARM.attributes
                0x000001f2       0x34 build/Default/debug/hal/src/hal_sleep.o
 .ARM.attributes
                0x00000226       0x34 build/Default/debug/hal/src/hal_usart_sync.o
 .ARM.attributes
                0x0000025a       0x34 build/Default/debug/hal/utils/src/utils_assert.o
 .ARM.attributes
                0x0000028e       0x34 build/Default/debug/hal/utils/src/utils_event.o
 .ARM.attributes
                0x000002c2       0x34 build/Default/debug/hal/utils/src/utils_list.o
 .ARM.attributes
                0x000002f6       0x34 build/Default/debug/hal/utils/src/utils_syscalls.o
 .ARM.attributes
                0x0000032a       0x34 build/Default/debug/hpl/cmcc/hpl_cmcc.o
 .ARM.attributes
                0x0000035e       0x34 build/Default/debug/hpl/core/hpl_core_m4.o
 .ARM.attributes
                0x00000392       0x34 build/Default/debug/hpl/core/hpl_init.o
 .ARM.attributes
                0x000003c6       0x39 build/Default/debug/hpl/dmac/hpl_dmac.o
 .ARM.attributes
                0x000003ff       0x34 build/Default/debug/hpl/gclk/hpl_gclk.o
 .ARM.attributes
                0x00000433       0x34 build/Default/debug/hpl/mclk/hpl_mclk.o
 .ARM.attributes
                0x00000467       0x34 build/Default/debug/hpl/osc32kctrl/hpl_osc32kctrl.o
 .ARM.attributes
                0x0000049b       0x34 build/Default/debug/hpl/oscctrl/hpl_oscctrl.o
 .ARM.attributes
                0x000004cf       0x34 build/Default/debug/hpl/pm/hpl_pm.o
 .ARM.attributes
                0x00000503       0x34 build/Default/debug/hpl/ramecc/hpl_ramecc.o
 .ARM.attributes
                0x00000537       0x34 build/Default/debug/hpl/sercom/hpl_sercom.o
 .ARM.attributes
                0x0000056b       0x34 build/Default/debug/hpl/tcc/tcc_lite.o
 .ARM.attributes
                0x0000059f       0x34 build/Default/debug/thirdparty/RTOS/freertos/FreeRTOSV10.0.0/Source/portable/GCC/ARM_CM4F/port.o
 .ARM.attributes
                0x000005d3       0x34 build/Default/debug/thirdparty/RTOS/freertos/FreeRTOSV10.0.0/Source/portable/MemMang/heap_1.o
 .ARM.attributes
                0x00000607       0x39 build/Default/debug/thirdparty/RTOS/freertos/FreeRTOSV10.0.0/Source/croutine.o
 .ARM.attributes
                0x00000640       0x34 build/Default/debug/thirdparty/RTOS/freertos/FreeRTOSV10.0.0/Source/event_groups.o
 .ARM.attributes
                0x00000674       0x34 build/Default/debug/thirdparty/RTOS/freertos/FreeRTOSV10.0.0/Source/list.o
 .ARM.attributes
                0x000006a8       0x34 build/Default/debug/thirdparty/RTOS/freertos/FreeRTOSV10.0.0/Source/queue.o
 .ARM.attributes
                0x000006dc       0x34 build/Default/debug/thirdparty/RTOS/freertos/FreeRTOSV10.0.0/Source/stream_buffer.o
 .ARM.attributes
                0x00000710       0x34 build/Default/debug/thirdparty/RTOS/freertos/FreeRTOSV10.0.0/Source/tasks.o
 .ARM.attributes
                0x00000744       0x34 build/Default/debug/thirdparty/RTOS/freertos/FreeRTOSV10.0.0/Source/timers.o
 .ARM.attributes
                0x00000778       0x34 build/Default/debug/thirdparty/RTOS/freertos/FreeRTOSV10.0.0/rtos_port.o
 .ARM.attributes
                0x000007ac       0x34 build/Default/debug/main.o
 .ARM.attributes
                0x000007e0       0x34 build/Default/debug/driver_init.o
 .ARM.attributes
                0x00000814       0x34 build/Default/debug/rtos_start.o
 .ARM.attributes
                0x00000848       0x34 build/Default/debug/atmel_start.o
 .ARM.attributes
                0x0000087c       0x34 build/Default/debug/WiFi.o
 .ARM.attributes
                0x000008b0       0x34 build/Default/debug/interrupts.o
 .ARM.attributes
                0x000008e4       0x34 C:\Users\Loyola\AppData\Local\Temp\cc65FL0A.o
 .ARM.attributes
                0x00000918       0x34 c:/program files/microchip/xc32/v4.21/bin/bin/../../lib/gcc/pic32c/8.3.1/../../../../pic32c/lib/thumb/v7e-m+fp/hard\libpic32c.a(data_init_wrapper.o)
 .ARM.attributes
                0x0000094c       0x34 c:/program files/microchip/xc32/v4.21/bin/bin/../../lib/gcc/pic32c/8.3.1/../../../../pic32c/lib/thumb/v7e-m+fp/hard\libpic32c.a(data_init_0_1.o)
 .ARM.attributes
                0x00000980       0x20 c:/program files/microchip/xc32/v4.21/bin/bin/../../lib/gcc/pic32c/8.3.1/../../../../pic32c/lib/thumb/v7e-m+fp/hard\libm-emfloat.a(__aeabi_dsub.o)
 .ARM.attributes
                0x000009a0       0x20 c:/program files/microchip/xc32/v4.21/bin/bin/../../lib/gcc/pic32c/8.3.1/../../../../pic32c/lib/thumb/v7e-m+fp/hard\libm-emfloat.a(__aeabi_dmul.o)
 .ARM.attributes
                0x000009c0       0x20 c:/program files/microchip/xc32/v4.21/bin/bin/../../lib/gcc/pic32c/8.3.1/../../../../pic32c/lib/thumb/v7e-m+fp/hard\libm-emfloat.a(__aeabi_ddiv.o)
 .ARM.attributes
                0x000009e0       0x20 c:/program files/microchip/xc32/v4.21/bin/bin/../../lib/gcc/pic32c/8.3.1/../../../../pic32c/lib/thumb/v7e-m+fp/hard\libm-emfloat.a(__aeabi_d2uiz.o)
 .ARM.attributes
                0x00000a00       0x20 c:/program files/microchip/xc32/v4.21/bin/bin/../../lib/gcc/pic32c/8.3.1/../../../../pic32c/lib/thumb/v7e-m+fp/hard\libm-emfloat.a(__aeabi_i2d.o)
 .ARM.attributes
                0x00000a20       0x20 c:/program files/microchip/xc32/v4.21/bin/bin/../../lib/gcc/pic32c/8.3.1/../../../../pic32c/lib/thumb/v7e-m+fp/hard\libm-emfloat.a(__aeabi_ui2d.o)
 .ARM.attributes
                0x00000a40       0x20 c:/program files/microchip/xc32/v4.21/bin/bin/../../lib/gcc/pic32c/8.3.1/../../../../pic32c/lib/thumb/v7e-m+fp/hard\libm-emfloat.a(__aeabi_dadd.o)
 .ARM.attributes
                0x00000a60       0x36 c:/program files/microchip/xc32/v4.21/bin/bin/../../lib/gcc/pic32c/8.3.1/../../../../pic32c/lib/thumb/v7e-m+fp/hard\libg-musl.a(__libc_start_main.o)
 .ARM.attributes
                0x00000a96       0x34 c:/program files/microchip/xc32/v4.21/bin/bin/../../lib/gcc/pic32c/8.3.1/../../../../pic32c/lib/thumb/v7e-m+fp/hard\libg-musl.a(libc.o)
 .ARM.attributes
                0x00000aca       0x36 c:/program files/microchip/xc32/v4.21/bin/bin/../../lib/gcc/pic32c/8.3.1/../../../../pic32c/lib/thumb/v7e-m+fp/hard\libg-musl.a(__sio_printf_doux.o)
 .ARM.attributes
                0x00000b00       0x36 c:/program files/microchip/xc32/v4.21/bin/bin/../../lib/gcc/pic32c/8.3.1/../../../../pic32c/lib/thumb/v7e-m+fp/hard\libg-musl.a(__sio_sprintf_doux.o)
 .ARM.attributes
                0x00000b36       0x36 c:/program files/microchip/xc32/v4.21/bin/bin/../../lib/gcc/pic32c/8.3.1/../../../../pic32c/lib/thumb/v7e-m+fp/hard\libg-musl.a(__fmt_d.o)
 .ARM.attributes
                0x00000b6c       0x36 c:/program files/microchip/xc32/v4.21/bin/bin/../../lib/gcc/pic32c/8.3.1/../../../../pic32c/lib/thumb/v7e-m+fp/hard\libg-musl.a(__fmt_o.o)
 .ARM.attributes
                0x00000ba2       0x36 c:/program files/microchip/xc32/v4.21/bin/bin/../../lib/gcc/pic32c/8.3.1/../../../../pic32c/lib/thumb/v7e-m+fp/hard\libg-musl.a(__fmt_s.o)
 .ARM.attributes
                0x00000bd8       0x36 c:/program files/microchip/xc32/v4.21/bin/bin/../../lib/gcc/pic32c/8.3.1/../../../../pic32c/lib/thumb/v7e-m+fp/hard\libg-musl.a(__fmt_u.o)
 .ARM.attributes
                0x00000c0e       0x36 c:/program files/microchip/xc32/v4.21/bin/bin/../../lib/gcc/pic32c/8.3.1/../../../../pic32c/lib/thumb/v7e-m+fp/hard\libg-musl.a(__fmt_x.o)
 .ARM.attributes
                0x00000c44       0x36 c:/program files/microchip/xc32/v4.21/bin/bin/../../lib/gcc/pic32c/8.3.1/../../../../pic32c/lib/thumb/v7e-m+fp/hard\libg-musl.a(__pop_int.o)
 .ARM.attributes
                0x00000c7a       0x36 c:/program files/microchip/xc32/v4.21/bin/bin/../../lib/gcc/pic32c/8.3.1/../../../../pic32c/lib/thumb/v7e-m+fp/hard\libg-musl.a(__pop_ptr.o)
 .ARM.attributes
                0x00000cb0       0x36 c:/program files/microchip/xc32/v4.21/bin/bin/../../lib/gcc/pic32c/8.3.1/../../../../pic32c/lib/thumb/v7e-m+fp/hard\libg-musl.a(__printf_core.o)
 .ARM.attributes
                0x00000ce6       0x36 c:/program files/microchip/xc32/v4.21/bin/bin/../../lib/gcc/pic32c/8.3.1/../../../../pic32c/lib/thumb/v7e-m+fp/hard\libg-musl.a(stdout.o)
 .ARM.attributes
                0x00000d1c       0x36 c:/program files/microchip/xc32/v4.21/bin/bin/../../lib/gcc/pic32c/8.3.1/../../../../pic32c/lib/thumb/v7e-m+fp/hard\libg-musl.a(atoi.o)
 .ARM.attributes
                0x00000d52       0x36 c:/program files/microchip/xc32/v4.21/bin/bin/../../lib/gcc/pic32c/8.3.1/../../../../pic32c/lib/thumb/v7e-m+fp/hard\libg-musl.a(memcpy.o)
 .ARM.attributes
                0x00000d88       0x36 c:/program files/microchip/xc32/v4.21/bin/bin/../../lib/gcc/pic32c/8.3.1/../../../../pic32c/lib/thumb/v7e-m+fp/hard\libg-musl.a(memset.o)
 .ARM.attributes
                0x00000dbe       0x36 c:/program files/microchip/xc32/v4.21/bin/bin/../../lib/gcc/pic32c/8.3.1/../../../../pic32c/lib/thumb/v7e-m+fp/hard\libg-musl.a(strlen.o)
 .ARM.attributes
                0x00000df4       0x36 c:/program files/microchip/xc32/v4.21/bin/bin/../../lib/gcc/pic32c/8.3.1/../../../../pic32c/lib/thumb/v7e-m+fp/hard\libg-musl.a(strstr.o)
 .ARM.attributes
                0x00000e2a       0x36 c:/program files/microchip/xc32/v4.21/bin/bin/../../lib/gcc/pic32c/8.3.1/../../../../pic32c/lib/thumb/v7e-m+fp/hard\libg-musl.a(strcpy.o)
 .ARM.attributes
                0x00000e60       0x36 c:/program files/microchip/xc32/v4.21/bin/bin/../../lib/gcc/pic32c/8.3.1/../../../../pic32c/lib/thumb/v7e-m+fp/hard\libg-musl.a(tolower.o)
 .ARM.attributes
                0x00000e96       0x36 c:/program files/microchip/xc32/v4.21/bin/bin/../../lib/gcc/pic32c/8.3.1/../../../../pic32c/lib/thumb/v7e-m+fp/hard\libg-musl.a(toupper.o)
 .ARM.attributes
                0x00000ecc       0x34 c:/program files/microchip/xc32/v4.21/bin/bin/../../lib/gcc/pic32c/8.3.1/../../../../pic32c/lib/thumb/v7e-m+fp/hard\libg-musl.a(__environ.o)
 .ARM.attributes
                0x00000f00       0x34 c:/program files/microchip/xc32/v4.21/bin/bin/../../lib/gcc/pic32c/8.3.1/../../../../pic32c/lib/thumb/v7e-m+fp/hard\libg-musl.a(__errno_location.o)
 .ARM.attributes
                0x00000f34       0x36 c:/program files/microchip/xc32/v4.21/bin/bin/../../lib/gcc/pic32c/8.3.1/../../../../pic32c/lib/thumb/v7e-m+fp/hard\libg-musl.a(__int_vfprintf.o)
 .ARM.attributes
                0x00000f6a       0x36 c:/program files/microchip/xc32/v4.21/bin/bin/../../lib/gcc/pic32c/8.3.1/../../../../pic32c/lib/thumb/v7e-m+fp/hard\libg-musl.a(__int_vsprintf.o)
 .ARM.attributes
                0x00000fa0       0x36 c:/program files/microchip/xc32/v4.21/bin/bin/../../lib/gcc/pic32c/8.3.1/../../../../pic32c/lib/thumb/v7e-m+fp/hard\libg-musl.a(__io_init_needed.o)
 .ARM.attributes
                0x00000fd6       0x36 c:/program files/microchip/xc32/v4.21/bin/bin/../../lib/gcc/pic32c/8.3.1/../../../../pic32c/lib/thumb/v7e-m+fp/hard\libg-musl.a(__pop_float.o)
 .ARM.attributes
                0x0000100c       0x36 c:/program files/microchip/xc32/v4.21/bin/bin/../../lib/gcc/pic32c/8.3.1/../../../../pic32c/lib/thumb/v7e-m+fp/hard\libg-musl.a(stpcpy.o)
 .ARM.attributes
                0x00001042       0x36 c:/program files/microchip/xc32/v4.21/bin/bin/../../lib/gcc/pic32c/8.3.1/../../../../pic32c/lib/thumb/v7e-m+fp/hard\libg-musl.a(__int_vsnprintf.o)
 .ARM.attributes
                0x00001078       0x36 c:/program files/microchip/xc32/v4.21/bin/bin/../../lib/gcc/pic32c/8.3.1/../../../../pic32c/lib/thumb/v7e-m+fp/hard\libg-musl.a(__init_stdio.o)
 .ARM.attributes
                0x000010ae       0x36 c:/program files/microchip/xc32/v4.21/bin/bin/../../lib/gcc/pic32c/8.3.1/../../../../pic32c/lib/thumb/v7e-m+fp/hard\libg-musl.a(__io_file_needed.o)
 .ARM.attributes
                0x000010e4       0x36 c:/program files/microchip/xc32/v4.21/bin/bin/../../lib/gcc/pic32c/8.3.1/../../../../pic32c/lib/thumb/v7e-m+fp/hard\libg-musl.a(__out.o)
 .ARM.attributes
                0x0000111a       0x1e c:/program files/microchip/xc32/v4.21/bin/bin/../../lib/gcc/pic32c/8.3.1/thumb/v7e-m+fp/hard\libgcc.a(_aeabi_uldivmod.o)
 .ARM.attributes
                0x00001138       0x34 c:/program files/microchip/xc32/v4.21/bin/bin/../../lib/gcc/pic32c/8.3.1/thumb/v7e-m+fp/hard\libgcc.a(_udivmoddi4.o)
 .ARM.attributes
                0x0000116c       0x1e c:/program files/microchip/xc32/v4.21/bin/bin/../../lib/gcc/pic32c/8.3.1/thumb/v7e-m+fp/hard\libgcc.a(_dvmd_tls.o)
 .ARM.attributes
                0x0000118a       0x34 c:/program files/microchip/xc32/v4.21/bin/bin/../../lib/gcc/pic32c/8.3.1/../../../../pic32c/lib/thumb/v7e-m+fp/hard\libpic32c.a(write.o)
 .ARM.attributes
                0x000011be       0x34 c:/program files/microchip/xc32/v4.21/bin/bin/../../lib/gcc/pic32c/8.3.1/../../../../pic32c/lib/thumb/v7e-m+fp/hard\libpic32c.a(_mon_putc.o)
 .ARM.attributes
                0x000011f2       0x32 c:/program files/microchip/xc32/v4.21/bin/bin/../../lib/gcc/pic32c/8.3.1/thumb/v7e-m+fp/hard/crtend.o
 .ARM.attributes
                0x00001224       0x1e c:/program files/microchip/xc32/v4.21/bin/bin/../../lib/gcc/pic32c/8.3.1/thumb/v7e-m+fp/hard/crtn.o

.comment        0x00000000       0x2b
 .comment       0x00000000       0x2b c:/program files/microchip/xc32/v4.21/bin/bin/../../lib/gcc/pic32c/8.3.1/thumb/v7e-m+fp/hard/crtbegin.o
                                 0x2c (size before relaxing)
 .comment       0x0000002b       0x2c build/Default/debug/examples/driver_examples.o
 .comment       0x0000002b       0x2c build/Default/debug/gcc/system_same54.o
 .comment       0x0000002b       0x2c build/Default/debug/hal/src/hal_atomic.o
 .comment       0x0000002b       0x2c build/Default/debug/hal/src/hal_cache.o
 .comment       0x0000002b       0x2c build/Default/debug/hal/src/hal_delay.o
 .comment       0x0000002b       0x2c build/Default/debug/hal/src/hal_gpio.o
 .comment       0x0000002b       0x2c build/Default/debug/hal/src/hal_init.o
 .comment       0x0000002b       0x2c build/Default/debug/hal/src/hal_io.o
 .comment       0x0000002b       0x2c build/Default/debug/hal/src/hal_sleep.o
 .comment       0x0000002b       0x2c build/Default/debug/hal/src/hal_usart_sync.o
 .comment       0x0000002b       0x2c build/Default/debug/hal/utils/src/utils_assert.o
 .comment       0x0000002b       0x2c build/Default/debug/hal/utils/src/utils_event.o
 .comment       0x0000002b       0x2c build/Default/debug/hal/utils/src/utils_list.o
 .comment       0x0000002b       0x2c build/Default/debug/hal/utils/src/utils_syscalls.o
 .comment       0x0000002b       0x2c build/Default/debug/hpl/cmcc/hpl_cmcc.o
 .comment       0x0000002b       0x2c build/Default/debug/hpl/core/hpl_core_m4.o
 .comment       0x0000002b       0x2c build/Default/debug/hpl/core/hpl_init.o
 .comment       0x0000002b       0x2c build/Default/debug/hpl/dmac/hpl_dmac.o
 .comment       0x0000002b       0x2c build/Default/debug/hpl/gclk/hpl_gclk.o
 .comment       0x0000002b       0x2c build/Default/debug/hpl/mclk/hpl_mclk.o
 .comment       0x0000002b       0x2c build/Default/debug/hpl/osc32kctrl/hpl_osc32kctrl.o
 .comment       0x0000002b       0x2c build/Default/debug/hpl/oscctrl/hpl_oscctrl.o
 .comment       0x0000002b       0x2c build/Default/debug/hpl/pm/hpl_pm.o
 .comment       0x0000002b       0x2c build/Default/debug/hpl/ramecc/hpl_ramecc.o
 .comment       0x0000002b       0x2c build/Default/debug/hpl/sercom/hpl_sercom.o
 .comment       0x0000002b       0x2c build/Default/debug/hpl/tcc/tcc_lite.o
 .comment       0x0000002b       0x2c build/Default/debug/thirdparty/RTOS/freertos/FreeRTOSV10.0.0/Source/portable/GCC/ARM_CM4F/port.o
 .comment       0x0000002b       0x2c build/Default/debug/thirdparty/RTOS/freertos/FreeRTOSV10.0.0/Source/portable/MemMang/heap_1.o
 .comment       0x0000002b       0x2c build/Default/debug/thirdparty/RTOS/freertos/FreeRTOSV10.0.0/Source/croutine.o
 .comment       0x0000002b       0x2c build/Default/debug/thirdparty/RTOS/freertos/FreeRTOSV10.0.0/Source/event_groups.o
 .comment       0x0000002b       0x2c build/Default/debug/thirdparty/RTOS/freertos/FreeRTOSV10.0.0/Source/list.o
 .comment       0x0000002b       0x2c build/Default/debug/thirdparty/RTOS/freertos/FreeRTOSV10.0.0/Source/queue.o
 .comment       0x0000002b       0x2c build/Default/debug/thirdparty/RTOS/freertos/FreeRTOSV10.0.0/Source/stream_buffer.o
 .comment       0x0000002b       0x2c build/Default/debug/thirdparty/RTOS/freertos/FreeRTOSV10.0.0/Source/tasks.o
 .comment       0x0000002b       0x2c build/Default/debug/thirdparty/RTOS/freertos/FreeRTOSV10.0.0/Source/timers.o
 .comment       0x0000002b       0x2c build/Default/debug/thirdparty/RTOS/freertos/FreeRTOSV10.0.0/rtos_port.o
 .comment       0x0000002b       0x2c build/Default/debug/main.o
 .comment       0x0000002b       0x2c build/Default/debug/driver_init.o
 .comment       0x0000002b       0x2c build/Default/debug/rtos_start.o
 .comment       0x0000002b       0x2c build/Default/debug/atmel_start.o
 .comment       0x0000002b       0x2c build/Default/debug/WiFi.o
 .comment       0x0000002b       0x2c build/Default/debug/interrupts.o
 .comment       0x0000002b       0x2c C:\Users\Loyola\AppData\Local\Temp\cc65FL0A.o
 .comment       0x0000002b       0x2c c:/program files/microchip/xc32/v4.21/bin/bin/../../lib/gcc/pic32c/8.3.1/../../../../pic32c/lib/thumb/v7e-m+fp/hard\libpic32c.a(data_init_wrapper.o)
 .comment       0x0000002b       0x2c c:/program files/microchip/xc32/v4.21/bin/bin/../../lib/gcc/pic32c/8.3.1/../../../../pic32c/lib/thumb/v7e-m+fp/hard\libpic32c.a(data_init_0_1.o)
 .comment       0x0000002b       0x2c c:/program files/microchip/xc32/v4.21/bin/bin/../../lib/gcc/pic32c/8.3.1/../../../../pic32c/lib/thumb/v7e-m+fp/hard\libg-musl.a(__libc_start_main.o)
 .comment       0x0000002b       0x2c c:/program files/microchip/xc32/v4.21/bin/bin/../../lib/gcc/pic32c/8.3.1/../../../../pic32c/lib/thumb/v7e-m+fp/hard\libg-musl.a(libc.o)
 .comment       0x0000002b       0x2c c:/program files/microchip/xc32/v4.21/bin/bin/../../lib/gcc/pic32c/8.3.1/../../../../pic32c/lib/thumb/v7e-m+fp/hard\libg-musl.a(__sio_printf_doux.o)
 .comment       0x0000002b       0x2c c:/program files/microchip/xc32/v4.21/bin/bin/../../lib/gcc/pic32c/8.3.1/../../../../pic32c/lib/thumb/v7e-m+fp/hard\libg-musl.a(__sio_sprintf_doux.o)
 .comment       0x0000002b       0x2c c:/program files/microchip/xc32/v4.21/bin/bin/../../lib/gcc/pic32c/8.3.1/../../../../pic32c/lib/thumb/v7e-m+fp/hard\libg-musl.a(__fmt_d.o)
 .comment       0x0000002b       0x2c c:/program files/microchip/xc32/v4.21/bin/bin/../../lib/gcc/pic32c/8.3.1/../../../../pic32c/lib/thumb/v7e-m+fp/hard\libg-musl.a(__fmt_o.o)
 .comment       0x0000002b       0x2c c:/program files/microchip/xc32/v4.21/bin/bin/../../lib/gcc/pic32c/8.3.1/../../../../pic32c/lib/thumb/v7e-m+fp/hard\libg-musl.a(__fmt_s.o)
 .comment       0x0000002b       0x2c c:/program files/microchip/xc32/v4.21/bin/bin/../../lib/gcc/pic32c/8.3.1/../../../../pic32c/lib/thumb/v7e-m+fp/hard\libg-musl.a(__fmt_u.o)
 .comment       0x0000002b       0x2c c:/program files/microchip/xc32/v4.21/bin/bin/../../lib/gcc/pic32c/8.3.1/../../../../pic32c/lib/thumb/v7e-m+fp/hard\libg-musl.a(__fmt_x.o)
 .comment       0x0000002b       0x2c c:/program files/microchip/xc32/v4.21/bin/bin/../../lib/gcc/pic32c/8.3.1/../../../../pic32c/lib/thumb/v7e-m+fp/hard\libg-musl.a(__pop_int.o)
 .comment       0x0000002b       0x2c c:/program files/microchip/xc32/v4.21/bin/bin/../../lib/gcc/pic32c/8.3.1/../../../../pic32c/lib/thumb/v7e-m+fp/hard\libg-musl.a(__pop_ptr.o)
 .comment       0x0000002b       0x2c c:/program files/microchip/xc32/v4.21/bin/bin/../../lib/gcc/pic32c/8.3.1/../../../../pic32c/lib/thumb/v7e-m+fp/hard\libg-musl.a(__printf_core.o)
 .comment       0x0000002b       0x2c c:/program files/microchip/xc32/v4.21/bin/bin/../../lib/gcc/pic32c/8.3.1/../../../../pic32c/lib/thumb/v7e-m+fp/hard\libg-musl.a(stdout.o)
 .comment       0x0000002b       0x2c c:/program files/microchip/xc32/v4.21/bin/bin/../../lib/gcc/pic32c/8.3.1/../../../../pic32c/lib/thumb/v7e-m+fp/hard\libg-musl.a(atoi.o)
 .comment       0x0000002b       0x2c c:/program files/microchip/xc32/v4.21/bin/bin/../../lib/gcc/pic32c/8.3.1/../../../../pic32c/lib/thumb/v7e-m+fp/hard\libg-musl.a(memcpy.o)
 .comment       0x0000002b       0x2c c:/program files/microchip/xc32/v4.21/bin/bin/../../lib/gcc/pic32c/8.3.1/../../../../pic32c/lib/thumb/v7e-m+fp/hard\libg-musl.a(memset.o)
 .comment       0x0000002b       0x2c c:/program files/microchip/xc32/v4.21/bin/bin/../../lib/gcc/pic32c/8.3.1/../../../../pic32c/lib/thumb/v7e-m+fp/hard\libg-musl.a(strlen.o)
 .comment       0x0000002b       0x2c c:/program files/microchip/xc32/v4.21/bin/bin/../../lib/gcc/pic32c/8.3.1/../../../../pic32c/lib/thumb/v7e-m+fp/hard\libg-musl.a(strstr.o)
 .comment       0x0000002b       0x2c c:/program files/microchip/xc32/v4.21/bin/bin/../../lib/gcc/pic32c/8.3.1/../../../../pic32c/lib/thumb/v7e-m+fp/hard\libg-musl.a(strcpy.o)
 .comment       0x0000002b       0x2c c:/program files/microchip/xc32/v4.21/bin/bin/../../lib/gcc/pic32c/8.3.1/../../../../pic32c/lib/thumb/v7e-m+fp/hard\libg-musl.a(tolower.o)
 .comment       0x0000002b       0x2c c:/program files/microchip/xc32/v4.21/bin/bin/../../lib/gcc/pic32c/8.3.1/../../../../pic32c/lib/thumb/v7e-m+fp/hard\libg-musl.a(toupper.o)
 .comment       0x0000002b       0x2c c:/program files/microchip/xc32/v4.21/bin/bin/../../lib/gcc/pic32c/8.3.1/../../../../pic32c/lib/thumb/v7e-m+fp/hard\libg-musl.a(__environ.o)
 .comment       0x0000002b       0x2c c:/program files/microchip/xc32/v4.21/bin/bin/../../lib/gcc/pic32c/8.3.1/../../../../pic32c/lib/thumb/v7e-m+fp/hard\libg-musl.a(__errno_location.o)
 .comment       0x0000002b       0x2c c:/program files/microchip/xc32/v4.21/bin/bin/../../lib/gcc/pic32c/8.3.1/../../../../pic32c/lib/thumb/v7e-m+fp/hard\libg-musl.a(__int_vfprintf.o)
 .comment       0x0000002b       0x2c c:/program files/microchip/xc32/v4.21/bin/bin/../../lib/gcc/pic32c/8.3.1/../../../../pic32c/lib/thumb/v7e-m+fp/hard\libg-musl.a(__int_vsprintf.o)
 .comment       0x0000002b       0x2c c:/program files/microchip/xc32/v4.21/bin/bin/../../lib/gcc/pic32c/8.3.1/../../../../pic32c/lib/thumb/v7e-m+fp/hard\libg-musl.a(__io_init_needed.o)
 .comment       0x0000002b       0x2c c:/program files/microchip/xc32/v4.21/bin/bin/../../lib/gcc/pic32c/8.3.1/../../../../pic32c/lib/thumb/v7e-m+fp/hard\libg-musl.a(__pop_float.o)
 .comment       0x0000002b       0x2c c:/program files/microchip/xc32/v4.21/bin/bin/../../lib/gcc/pic32c/8.3.1/../../../../pic32c/lib/thumb/v7e-m+fp/hard\libg-musl.a(stpcpy.o)
 .comment       0x0000002b       0x2c c:/program files/microchip/xc32/v4.21/bin/bin/../../lib/gcc/pic32c/8.3.1/../../../../pic32c/lib/thumb/v7e-m+fp/hard\libg-musl.a(__int_vsnprintf.o)
 .comment       0x0000002b       0x2c c:/program files/microchip/xc32/v4.21/bin/bin/../../lib/gcc/pic32c/8.3.1/../../../../pic32c/lib/thumb/v7e-m+fp/hard\libg-musl.a(__init_stdio.o)
 .comment       0x0000002b       0x2c c:/program files/microchip/xc32/v4.21/bin/bin/../../lib/gcc/pic32c/8.3.1/../../../../pic32c/lib/thumb/v7e-m+fp/hard\libg-musl.a(__io_file_needed.o)
 .comment       0x0000002b       0x2c c:/program files/microchip/xc32/v4.21/bin/bin/../../lib/gcc/pic32c/8.3.1/../../../../pic32c/lib/thumb/v7e-m+fp/hard\libg-musl.a(__out.o)
 .comment       0x0000002b       0x2c c:/program files/microchip/xc32/v4.21/bin/bin/../../lib/gcc/pic32c/8.3.1/thumb/v7e-m+fp/hard\libgcc.a(_udivmoddi4.o)
 .comment       0x0000002b       0x2c c:/program files/microchip/xc32/v4.21/bin/bin/../../lib/gcc/pic32c/8.3.1/../../../../pic32c/lib/thumb/v7e-m+fp/hard\libpic32c.a(write.o)
 .comment       0x0000002b       0x2c c:/program files/microchip/xc32/v4.21/bin/bin/../../lib/gcc/pic32c/8.3.1/../../../../pic32c/lib/thumb/v7e-m+fp/hard\libpic32c.a(_mon_putc.o)
 .comment       0x0000002b       0x2c c:/program files/microchip/xc32/v4.21/bin/bin/../../lib/gcc/pic32c/8.3.1/thumb/v7e-m+fp/hard/crtend.o

.debug_info     0x00000000    0x3a856
 .debug_info    0x00000000      0x518 build/Default/debug/examples/driver_examples.o
 .debug_info    0x00000518      0x2fd build/Default/debug/gcc/system_same54.o
 .debug_info    0x00000815      0x452 build/Default/debug/hal/src/hal_atomic.o
 .debug_info    0x00000c67      0xc50 build/Default/debug/hal/src/hal_cache.o
 .debug_info    0x000018b7      0x386 build/Default/debug/hal/src/hal_delay.o
 .debug_info    0x00001c3d      0x2c4 build/Default/debug/hal/src/hal_gpio.o
 .debug_info    0x00001f01      0x2c4 build/Default/debug/hal/src/hal_init.o
 .debug_info    0x000021c5      0x464 build/Default/debug/hal/src/hal_io.o
 .debug_info    0x00002629      0x309 build/Default/debug/hal/src/hal_sleep.o
 .debug_info    0x00002932      0xd1b build/Default/debug/hal/src/hal_usart_sync.o
 .debug_info    0x0000364d      0x313 build/Default/debug/hal/utils/src/utils_assert.o
 .debug_info    0x00003960      0x621 build/Default/debug/hal/utils/src/utils_event.o
 .debug_info    0x00003f81      0x523 build/Default/debug/hal/utils/src/utils_list.o
 .debug_info    0x000044a4      0x718 build/Default/debug/hal/utils/src/utils_syscalls.o
 .debug_info    0x00004bbc     0x14d8 build/Default/debug/hpl/cmcc/hpl_cmcc.o
 .debug_info    0x00006094     0x1468 build/Default/debug/hpl/core/hpl_core_m4.o
 .debug_info    0x000074fc      0xf8b build/Default/debug/hpl/core/hpl_init.o
 .debug_info    0x00008487      0x283 build/Default/debug/hpl/dmac/hpl_dmac.o
 .debug_info    0x0000870a      0x8bc build/Default/debug/hpl/gclk/hpl_gclk.o
 .debug_info    0x00008fc6      0xe68 build/Default/debug/hpl/mclk/hpl_mclk.o
 .debug_info    0x00009e2e      0xae6 build/Default/debug/hpl/osc32kctrl/hpl_osc32kctrl.o
 .debug_info    0x0000a914     0x165c build/Default/debug/hpl/oscctrl/hpl_oscctrl.o
 .debug_info    0x0000bf70      0x8a5 build/Default/debug/hpl/pm/hpl_pm.o
 .debug_info    0x0000c815     0x151d build/Default/debug/hpl/ramecc/hpl_ramecc.o
 .debug_info    0x0000dd32     0xae86 build/Default/debug/hpl/sercom/hpl_sercom.o
 .debug_info    0x00018bb8     0x28ba build/Default/debug/hpl/tcc/tcc_lite.o
 .debug_info    0x0001b472      0x9ae build/Default/debug/thirdparty/RTOS/freertos/FreeRTOSV10.0.0/Source/portable/GCC/ARM_CM4F/port.o
 .debug_info    0x0001be20      0x48b build/Default/debug/thirdparty/RTOS/freertos/FreeRTOSV10.0.0/Source/portable/MemMang/heap_1.o
 .debug_info    0x0001c2ab      0x2b2 build/Default/debug/thirdparty/RTOS/freertos/FreeRTOSV10.0.0/Source/croutine.o
 .debug_info    0x0001c55d      0xe40 build/Default/debug/thirdparty/RTOS/freertos/FreeRTOSV10.0.0/Source/event_groups.o
 .debug_info    0x0001d39d      0x5e3 build/Default/debug/thirdparty/RTOS/freertos/FreeRTOSV10.0.0/Source/list.o
 .debug_info    0x0001d980     0x207f build/Default/debug/thirdparty/RTOS/freertos/FreeRTOSV10.0.0/Source/queue.o
 .debug_info    0x0001f9ff     0x17b7 build/Default/debug/thirdparty/RTOS/freertos/FreeRTOSV10.0.0/Source/stream_buffer.o
 .debug_info    0x000211b6     0x2938 build/Default/debug/thirdparty/RTOS/freertos/FreeRTOSV10.0.0/Source/tasks.o
 .debug_info    0x00023aee     0x12b6 build/Default/debug/thirdparty/RTOS/freertos/FreeRTOSV10.0.0/Source/timers.o
 .debug_info    0x00024da4      0x67e build/Default/debug/thirdparty/RTOS/freertos/FreeRTOSV10.0.0/rtos_port.o
 .debug_info    0x00025422      0x31b build/Default/debug/main.o
 .debug_info    0x0002573d     0x592f build/Default/debug/driver_init.o
 .debug_info    0x0002b06c      0x319 build/Default/debug/rtos_start.o
 .debug_info    0x0002b385      0x2d9 build/Default/debug/atmel_start.o
 .debug_info    0x0002b65e      0xa6f build/Default/debug/WiFi.o
 .debug_info    0x0002c0cd     0x2fa7 build/Default/debug/interrupts.o
 .debug_info    0x0002f074     0x1bde C:\Users\Loyola\AppData\Local\Temp\cc65FL0A.o
 .debug_info    0x00030c52      0x2a0 c:/program files/microchip/xc32/v4.21/bin/bin/../../lib/gcc/pic32c/8.3.1/../../../../pic32c/lib/thumb/v7e-m+fp/hard\libpic32c.a(data_init_wrapper.o)
 .debug_info    0x00030ef2      0x2a3 c:/program files/microchip/xc32/v4.21/bin/bin/../../lib/gcc/pic32c/8.3.1/../../../../pic32c/lib/thumb/v7e-m+fp/hard\libpic32c.a(data_init_0_1.o)
 .debug_info    0x00031195      0x621 c:/program files/microchip/xc32/v4.21/bin/bin/../../lib/gcc/pic32c/8.3.1/../../../../pic32c/lib/thumb/v7e-m+fp/hard\libg-musl.a(__libc_start_main.o)
 .debug_info    0x000317b6      0x533 c:/program files/microchip/xc32/v4.21/bin/bin/../../lib/gcc/pic32c/8.3.1/../../../../pic32c/lib/thumb/v7e-m+fp/hard\libg-musl.a(libc.o)
 .debug_info    0x00031ce9      0x498 c:/program files/microchip/xc32/v4.21/bin/bin/../../lib/gcc/pic32c/8.3.1/../../../../pic32c/lib/thumb/v7e-m+fp/hard\libg-musl.a(__sio_printf_doux.o)
 .debug_info    0x00032181      0x47e c:/program files/microchip/xc32/v4.21/bin/bin/../../lib/gcc/pic32c/8.3.1/../../../../pic32c/lib/thumb/v7e-m+fp/hard\libg-musl.a(__sio_sprintf_doux.o)
 .debug_info    0x000325ff      0x5c0 c:/program files/microchip/xc32/v4.21/bin/bin/../../lib/gcc/pic32c/8.3.1/../../../../pic32c/lib/thumb/v7e-m+fp/hard\libg-musl.a(__fmt_d.o)
 .debug_info    0x00032bbf      0x591 c:/program files/microchip/xc32/v4.21/bin/bin/../../lib/gcc/pic32c/8.3.1/../../../../pic32c/lib/thumb/v7e-m+fp/hard\libg-musl.a(__fmt_o.o)
 .debug_info    0x00033150      0x535 c:/program files/microchip/xc32/v4.21/bin/bin/../../lib/gcc/pic32c/8.3.1/../../../../pic32c/lib/thumb/v7e-m+fp/hard\libg-musl.a(__fmt_s.o)
 .debug_info    0x00033685      0x65e c:/program files/microchip/xc32/v4.21/bin/bin/../../lib/gcc/pic32c/8.3.1/../../../../pic32c/lib/thumb/v7e-m+fp/hard\libg-musl.a(__fmt_u.o)
 .debug_info    0x00033ce3      0x5ff c:/program files/microchip/xc32/v4.21/bin/bin/../../lib/gcc/pic32c/8.3.1/../../../../pic32c/lib/thumb/v7e-m+fp/hard\libg-musl.a(__fmt_x.o)
 .debug_info    0x000342e2      0x3ff c:/program files/microchip/xc32/v4.21/bin/bin/../../lib/gcc/pic32c/8.3.1/../../../../pic32c/lib/thumb/v7e-m+fp/hard\libg-musl.a(__pop_int.o)
 .debug_info    0x000346e1      0x405 c:/program files/microchip/xc32/v4.21/bin/bin/../../lib/gcc/pic32c/8.3.1/../../../../pic32c/lib/thumb/v7e-m+fp/hard\libg-musl.a(__pop_ptr.o)
 .debug_info    0x00034ae6      0xd31 c:/program files/microchip/xc32/v4.21/bin/bin/../../lib/gcc/pic32c/8.3.1/../../../../pic32c/lib/thumb/v7e-m+fp/hard\libg-musl.a(__printf_core.o)
 .debug_info    0x00035817      0x481 c:/program files/microchip/xc32/v4.21/bin/bin/../../lib/gcc/pic32c/8.3.1/../../../../pic32c/lib/thumb/v7e-m+fp/hard\libg-musl.a(stdout.o)
 .debug_info    0x00035c98      0x2f9 c:/program files/microchip/xc32/v4.21/bin/bin/../../lib/gcc/pic32c/8.3.1/../../../../pic32c/lib/thumb/v7e-m+fp/hard\libg-musl.a(atoi.o)
 .debug_info    0x00035f91      0x2ef c:/program files/microchip/xc32/v4.21/bin/bin/../../lib/gcc/pic32c/8.3.1/../../../../pic32c/lib/thumb/v7e-m+fp/hard\libg-musl.a(memcpy.o)
 .debug_info    0x00036280      0x2b3 c:/program files/microchip/xc32/v4.21/bin/bin/../../lib/gcc/pic32c/8.3.1/../../../../pic32c/lib/thumb/v7e-m+fp/hard\libg-musl.a(memset.o)
 .debug_info    0x00036533      0x2a4 c:/program files/microchip/xc32/v4.21/bin/bin/../../lib/gcc/pic32c/8.3.1/../../../../pic32c/lib/thumb/v7e-m+fp/hard\libg-musl.a(strlen.o)
 .debug_info    0x000367d7      0x2c5 c:/program files/microchip/xc32/v4.21/bin/bin/../../lib/gcc/pic32c/8.3.1/../../../../pic32c/lib/thumb/v7e-m+fp/hard\libg-musl.a(strstr.o)
 .debug_info    0x00036a9c      0x2b2 c:/program files/microchip/xc32/v4.21/bin/bin/../../lib/gcc/pic32c/8.3.1/../../../../pic32c/lib/thumb/v7e-m+fp/hard\libg-musl.a(strcpy.o)
 .debug_info    0x00036d4e      0x351 c:/program files/microchip/xc32/v4.21/bin/bin/../../lib/gcc/pic32c/8.3.1/../../../../pic32c/lib/thumb/v7e-m+fp/hard\libg-musl.a(tolower.o)
 .debug_info    0x0003709f      0x351 c:/program files/microchip/xc32/v4.21/bin/bin/../../lib/gcc/pic32c/8.3.1/../../../../pic32c/lib/thumb/v7e-m+fp/hard\libg-musl.a(toupper.o)
 .debug_info    0x000373f0      0x2ad c:/program files/microchip/xc32/v4.21/bin/bin/../../lib/gcc/pic32c/8.3.1/../../../../pic32c/lib/thumb/v7e-m+fp/hard\libg-musl.a(__environ.o)
 .debug_info    0x0003769d      0x271 c:/program files/microchip/xc32/v4.21/bin/bin/../../lib/gcc/pic32c/8.3.1/../../../../pic32c/lib/thumb/v7e-m+fp/hard\libg-musl.a(__errno_location.o)
 .debug_info    0x0003790e      0x477 c:/program files/microchip/xc32/v4.21/bin/bin/../../lib/gcc/pic32c/8.3.1/../../../../pic32c/lib/thumb/v7e-m+fp/hard\libg-musl.a(__int_vfprintf.o)
 .debug_info    0x00037d85      0x3a2 c:/program files/microchip/xc32/v4.21/bin/bin/../../lib/gcc/pic32c/8.3.1/../../../../pic32c/lib/thumb/v7e-m+fp/hard\libg-musl.a(__int_vsprintf.o)
 .debug_info    0x00038127      0x366 c:/program files/microchip/xc32/v4.21/bin/bin/../../lib/gcc/pic32c/8.3.1/../../../../pic32c/lib/thumb/v7e-m+fp/hard\libg-musl.a(__io_init_needed.o)
 .debug_info    0x0003848d      0x3db c:/program files/microchip/xc32/v4.21/bin/bin/../../lib/gcc/pic32c/8.3.1/../../../../pic32c/lib/thumb/v7e-m+fp/hard\libg-musl.a(__pop_float.o)
 .debug_info    0x00038868      0x2b6 c:/program files/microchip/xc32/v4.21/bin/bin/../../lib/gcc/pic32c/8.3.1/../../../../pic32c/lib/thumb/v7e-m+fp/hard\libg-musl.a(stpcpy.o)
 .debug_info    0x00038b1e      0x4a4 c:/program files/microchip/xc32/v4.21/bin/bin/../../lib/gcc/pic32c/8.3.1/../../../../pic32c/lib/thumb/v7e-m+fp/hard\libg-musl.a(__int_vsnprintf.o)
 .debug_info    0x00038fc2      0x32a c:/program files/microchip/xc32/v4.21/bin/bin/../../lib/gcc/pic32c/8.3.1/../../../../pic32c/lib/thumb/v7e-m+fp/hard\libg-musl.a(__init_stdio.o)
 .debug_info    0x000392ec      0x323 c:/program files/microchip/xc32/v4.21/bin/bin/../../lib/gcc/pic32c/8.3.1/../../../../pic32c/lib/thumb/v7e-m+fp/hard\libg-musl.a(__io_file_needed.o)
 .debug_info    0x0003960f      0x536 c:/program files/microchip/xc32/v4.21/bin/bin/../../lib/gcc/pic32c/8.3.1/../../../../pic32c/lib/thumb/v7e-m+fp/hard\libg-musl.a(__out.o)
 .debug_info    0x00039b45       0x26 c:/program files/microchip/xc32/v4.21/bin/bin/../../lib/gcc/pic32c/8.3.1/thumb/v7e-m+fp/hard\libgcc.a(_aeabi_uldivmod.o)
 .debug_info    0x00039b6b      0x7c0 c:/program files/microchip/xc32/v4.21/bin/bin/../../lib/gcc/pic32c/8.3.1/thumb/v7e-m+fp/hard\libgcc.a(_udivmoddi4.o)
 .debug_info    0x0003a32b       0x26 c:/program files/microchip/xc32/v4.21/bin/bin/../../lib/gcc/pic32c/8.3.1/thumb/v7e-m+fp/hard\libgcc.a(_dvmd_tls.o)
 .debug_info    0x0003a351      0x27f c:/program files/microchip/xc32/v4.21/bin/bin/../../lib/gcc/pic32c/8.3.1/../../../../pic32c/lib/thumb/v7e-m+fp/hard\libpic32c.a(write.o)
 .debug_info    0x0003a5d0      0x286 c:/program files/microchip/xc32/v4.21/bin/bin/../../lib/gcc/pic32c/8.3.1/../../../../pic32c/lib/thumb/v7e-m+fp/hard\libpic32c.a(_mon_putc.o)

.debug_abbrev   0x00000000     0x5edf
 .debug_abbrev  0x00000000       0xe2 build/Default/debug/examples/driver_examples.o
 .debug_abbrev  0x000000e2       0x6a build/Default/debug/gcc/system_same54.o
 .debug_abbrev  0x0000014c      0x14e build/Default/debug/hal/src/hal_atomic.o
 .debug_abbrev  0x0000029a      0x201 build/Default/debug/hal/src/hal_cache.o
 .debug_abbrev  0x0000049b       0xb0 build/Default/debug/hal/src/hal_delay.o
 .debug_abbrev  0x0000054b       0x4a build/Default/debug/hal/src/hal_gpio.o
 .debug_abbrev  0x00000595       0x4a build/Default/debug/hal/src/hal_init.o
 .debug_abbrev  0x000005df       0xdd build/Default/debug/hal/src/hal_io.o
 .debug_abbrev  0x000006bc       0x8d build/Default/debug/hal/src/hal_sleep.o
 .debug_abbrev  0x00000749      0x220 build/Default/debug/hal/src/hal_usart_sync.o
 .debug_abbrev  0x00000969       0x5c build/Default/debug/hal/utils/src/utils_assert.o
 .debug_abbrev  0x000009c5      0x117 build/Default/debug/hal/utils/src/utils_event.o
 .debug_abbrev  0x00000adc       0xd3 build/Default/debug/hal/utils/src/utils_list.o
 .debug_abbrev  0x00000baf      0x134 build/Default/debug/hal/utils/src/utils_syscalls.o
 .debug_abbrev  0x00000ce3      0x27d build/Default/debug/hpl/cmcc/hpl_cmcc.o
 .debug_abbrev  0x00000f60      0x2b7 build/Default/debug/hpl/core/hpl_core_m4.o
 .debug_abbrev  0x00001217      0x177 build/Default/debug/hpl/core/hpl_init.o
 .debug_abbrev  0x0000138e       0x1b build/Default/debug/hpl/dmac/hpl_dmac.o
 .debug_abbrev  0x000013a9      0x159 build/Default/debug/hpl/gclk/hpl_gclk.o
 .debug_abbrev  0x00001502      0x191 build/Default/debug/hpl/mclk/hpl_mclk.o
 .debug_abbrev  0x00001693      0x1b0 build/Default/debug/hpl/osc32kctrl/hpl_osc32kctrl.o
 .debug_abbrev  0x00001843      0x1da build/Default/debug/hpl/oscctrl/hpl_oscctrl.o
 .debug_abbrev  0x00001a1d      0x15c build/Default/debug/hpl/pm/hpl_pm.o
 .debug_abbrev  0x00001b79      0x23f build/Default/debug/hpl/ramecc/hpl_ramecc.o
 .debug_abbrev  0x00001db8      0x407 build/Default/debug/hpl/sercom/hpl_sercom.o
 .debug_abbrev  0x000021bf      0x1f2 build/Default/debug/hpl/tcc/tcc_lite.o
 .debug_abbrev  0x000023b1      0x242 build/Default/debug/thirdparty/RTOS/freertos/FreeRTOSV10.0.0/Source/portable/GCC/ARM_CM4F/port.o
 .debug_abbrev  0x000025f3      0x134 build/Default/debug/thirdparty/RTOS/freertos/FreeRTOSV10.0.0/Source/portable/MemMang/heap_1.o
 .debug_abbrev  0x00002727       0x1b build/Default/debug/thirdparty/RTOS/freertos/FreeRTOSV10.0.0/Source/croutine.o
 .debug_abbrev  0x00002742      0x287 build/Default/debug/thirdparty/RTOS/freertos/FreeRTOSV10.0.0/Source/event_groups.o
 .debug_abbrev  0x000029c9      0x126 build/Default/debug/thirdparty/RTOS/freertos/FreeRTOSV10.0.0/Source/list.o
 .debug_abbrev  0x00002aef      0x26b build/Default/debug/thirdparty/RTOS/freertos/FreeRTOSV10.0.0/Source/queue.o
 .debug_abbrev  0x00002d5a      0x2cd build/Default/debug/thirdparty/RTOS/freertos/FreeRTOSV10.0.0/Source/stream_buffer.o
 .debug_abbrev  0x00003027      0x334 build/Default/debug/thirdparty/RTOS/freertos/FreeRTOSV10.0.0/Source/tasks.o
 .debug_abbrev  0x0000335b      0x274 build/Default/debug/thirdparty/RTOS/freertos/FreeRTOSV10.0.0/Source/timers.o
 .debug_abbrev  0x000035cf       0xd6 build/Default/debug/thirdparty/RTOS/freertos/FreeRTOSV10.0.0/rtos_port.o
 .debug_abbrev  0x000036a5       0x73 build/Default/debug/main.o
 .debug_abbrev  0x00003718      0x2e8 build/Default/debug/driver_init.o
 .debug_abbrev  0x00003a00       0x60 build/Default/debug/rtos_start.o
 .debug_abbrev  0x00003a60       0x5d build/Default/debug/atmel_start.o
 .debug_abbrev  0x00003abd      0x20d build/Default/debug/WiFi.o
 .debug_abbrev  0x00003cca      0x203 build/Default/debug/interrupts.o
 .debug_abbrev  0x00003ecd      0x1ea C:\Users\Loyola\AppData\Local\Temp\cc65FL0A.o
 .debug_abbrev  0x000040b7       0x2b c:/program files/microchip/xc32/v4.21/bin/bin/../../lib/gcc/pic32c/8.3.1/../../../../pic32c/lib/thumb/v7e-m+fp/hard\libpic32c.a(data_init_wrapper.o)
 .debug_abbrev  0x000040e2       0x2e c:/program files/microchip/xc32/v4.21/bin/bin/../../lib/gcc/pic32c/8.3.1/../../../../pic32c/lib/thumb/v7e-m+fp/hard\libpic32c.a(data_init_0_1.o)
 .debug_abbrev  0x00004110      0x117 c:/program files/microchip/xc32/v4.21/bin/bin/../../lib/gcc/pic32c/8.3.1/../../../../pic32c/lib/thumb/v7e-m+fp/hard\libg-musl.a(__libc_start_main.o)
 .debug_abbrev  0x00004227       0xb8 c:/program files/microchip/xc32/v4.21/bin/bin/../../lib/gcc/pic32c/8.3.1/../../../../pic32c/lib/thumb/v7e-m+fp/hard\libg-musl.a(libc.o)
 .debug_abbrev  0x000042df      0x145 c:/program files/microchip/xc32/v4.21/bin/bin/../../lib/gcc/pic32c/8.3.1/../../../../pic32c/lib/thumb/v7e-m+fp/hard\libg-musl.a(__sio_printf_doux.o)
 .debug_abbrev  0x00004424      0x12e c:/program files/microchip/xc32/v4.21/bin/bin/../../lib/gcc/pic32c/8.3.1/../../../../pic32c/lib/thumb/v7e-m+fp/hard\libg-musl.a(__sio_sprintf_doux.o)
 .debug_abbrev  0x00004552      0x120 c:/program files/microchip/xc32/v4.21/bin/bin/../../lib/gcc/pic32c/8.3.1/../../../../pic32c/lib/thumb/v7e-m+fp/hard\libg-musl.a(__fmt_d.o)
 .debug_abbrev  0x00004672      0x120 c:/program files/microchip/xc32/v4.21/bin/bin/../../lib/gcc/pic32c/8.3.1/../../../../pic32c/lib/thumb/v7e-m+fp/hard\libg-musl.a(__fmt_o.o)
 .debug_abbrev  0x00004792      0x10b c:/program files/microchip/xc32/v4.21/bin/bin/../../lib/gcc/pic32c/8.3.1/../../../../pic32c/lib/thumb/v7e-m+fp/hard\libg-musl.a(__fmt_s.o)
 .debug_abbrev  0x0000489d      0x163 c:/program files/microchip/xc32/v4.21/bin/bin/../../lib/gcc/pic32c/8.3.1/../../../../pic32c/lib/thumb/v7e-m+fp/hard\libg-musl.a(__fmt_u.o)
 .debug_abbrev  0x00004a00      0x10f c:/program files/microchip/xc32/v4.21/bin/bin/../../lib/gcc/pic32c/8.3.1/../../../../pic32c/lib/thumb/v7e-m+fp/hard\libg-musl.a(__fmt_x.o)
 .debug_abbrev  0x00004b0f       0xbd c:/program files/microchip/xc32/v4.21/bin/bin/../../lib/gcc/pic32c/8.3.1/../../../../pic32c/lib/thumb/v7e-m+fp/hard\libg-musl.a(__pop_int.o)
 .debug_abbrev  0x00004bcc       0xce c:/program files/microchip/xc32/v4.21/bin/bin/../../lib/gcc/pic32c/8.3.1/../../../../pic32c/lib/thumb/v7e-m+fp/hard\libg-musl.a(__pop_ptr.o)
 .debug_abbrev  0x00004c9a      0x2c5 c:/program files/microchip/xc32/v4.21/bin/bin/../../lib/gcc/pic32c/8.3.1/../../../../pic32c/lib/thumb/v7e-m+fp/hard\libg-musl.a(__printf_core.o)
 .debug_abbrev  0x00004f5f      0x135 c:/program files/microchip/xc32/v4.21/bin/bin/../../lib/gcc/pic32c/8.3.1/../../../../pic32c/lib/thumb/v7e-m+fp/hard\libg-musl.a(stdout.o)
 .debug_abbrev  0x00005094       0xbb c:/program files/microchip/xc32/v4.21/bin/bin/../../lib/gcc/pic32c/8.3.1/../../../../pic32c/lib/thumb/v7e-m+fp/hard\libg-musl.a(atoi.o)
 .debug_abbrev  0x0000514f       0x9c c:/program files/microchip/xc32/v4.21/bin/bin/../../lib/gcc/pic32c/8.3.1/../../../../pic32c/lib/thumb/v7e-m+fp/hard\libg-musl.a(memcpy.o)
 .debug_abbrev  0x000051eb       0x97 c:/program files/microchip/xc32/v4.21/bin/bin/../../lib/gcc/pic32c/8.3.1/../../../../pic32c/lib/thumb/v7e-m+fp/hard\libg-musl.a(memset.o)
 .debug_abbrev  0x00005282       0x86 c:/program files/microchip/xc32/v4.21/bin/bin/../../lib/gcc/pic32c/8.3.1/../../../../pic32c/lib/thumb/v7e-m+fp/hard\libg-musl.a(strlen.o)
 .debug_abbrev  0x00005308       0x97 c:/program files/microchip/xc32/v4.21/bin/bin/../../lib/gcc/pic32c/8.3.1/../../../../pic32c/lib/thumb/v7e-m+fp/hard\libg-musl.a(strstr.o)
 .debug_abbrev  0x0000539f       0x8e c:/program files/microchip/xc32/v4.21/bin/bin/../../lib/gcc/pic32c/8.3.1/../../../../pic32c/lib/thumb/v7e-m+fp/hard\libg-musl.a(strcpy.o)
 .debug_abbrev  0x0000542d       0xfd c:/program files/microchip/xc32/v4.21/bin/bin/../../lib/gcc/pic32c/8.3.1/../../../../pic32c/lib/thumb/v7e-m+fp/hard\libg-musl.a(tolower.o)
 .debug_abbrev  0x0000552a       0xfd c:/program files/microchip/xc32/v4.21/bin/bin/../../lib/gcc/pic32c/8.3.1/../../../../pic32c/lib/thumb/v7e-m+fp/hard\libg-musl.a(toupper.o)
 .debug_abbrev  0x00005627       0x57 c:/program files/microchip/xc32/v4.21/bin/bin/../../lib/gcc/pic32c/8.3.1/../../../../pic32c/lib/thumb/v7e-m+fp/hard\libg-musl.a(__environ.o)
 .debug_abbrev  0x0000567e       0x2e c:/program files/microchip/xc32/v4.21/bin/bin/../../lib/gcc/pic32c/8.3.1/../../../../pic32c/lib/thumb/v7e-m+fp/hard\libg-musl.a(__errno_location.o)
 .debug_abbrev  0x000056ac      0x111 c:/program files/microchip/xc32/v4.21/bin/bin/../../lib/gcc/pic32c/8.3.1/../../../../pic32c/lib/thumb/v7e-m+fp/hard\libg-musl.a(__int_vfprintf.o)
 .debug_abbrev  0x000057bd       0xc3 c:/program files/microchip/xc32/v4.21/bin/bin/../../lib/gcc/pic32c/8.3.1/../../../../pic32c/lib/thumb/v7e-m+fp/hard\libg-musl.a(__int_vsprintf.o)
 .debug_abbrev  0x00005880       0x79 c:/program files/microchip/xc32/v4.21/bin/bin/../../lib/gcc/pic32c/8.3.1/../../../../pic32c/lib/thumb/v7e-m+fp/hard\libg-musl.a(__io_init_needed.o)
 .debug_abbrev  0x000058f9       0xbd c:/program files/microchip/xc32/v4.21/bin/bin/../../lib/gcc/pic32c/8.3.1/../../../../pic32c/lib/thumb/v7e-m+fp/hard\libg-musl.a(__pop_float.o)
 .debug_abbrev  0x000059b6       0x63 c:/program files/microchip/xc32/v4.21/bin/bin/../../lib/gcc/pic32c/8.3.1/../../../../pic32c/lib/thumb/v7e-m+fp/hard\libg-musl.a(stpcpy.o)
 .debug_abbrev  0x00005a19      0x127 c:/program files/microchip/xc32/v4.21/bin/bin/../../lib/gcc/pic32c/8.3.1/../../../../pic32c/lib/thumb/v7e-m+fp/hard\libg-musl.a(__int_vsnprintf.o)
 .debug_abbrev  0x00005b40       0x5a c:/program files/microchip/xc32/v4.21/bin/bin/../../lib/gcc/pic32c/8.3.1/../../../../pic32c/lib/thumb/v7e-m+fp/hard\libg-musl.a(__init_stdio.o)
 .debug_abbrev  0x00005b9a       0x5f c:/program files/microchip/xc32/v4.21/bin/bin/../../lib/gcc/pic32c/8.3.1/../../../../pic32c/lib/thumb/v7e-m+fp/hard\libg-musl.a(__io_file_needed.o)
 .debug_abbrev  0x00005bf9      0x170 c:/program files/microchip/xc32/v4.21/bin/bin/../../lib/gcc/pic32c/8.3.1/../../../../pic32c/lib/thumb/v7e-m+fp/hard\libg-musl.a(__out.o)
 .debug_abbrev  0x00005d69       0x14 c:/program files/microchip/xc32/v4.21/bin/bin/../../lib/gcc/pic32c/8.3.1/thumb/v7e-m+fp/hard\libgcc.a(_aeabi_uldivmod.o)
 .debug_abbrev  0x00005d7d       0xf2 c:/program files/microchip/xc32/v4.21/bin/bin/../../lib/gcc/pic32c/8.3.1/thumb/v7e-m+fp/hard\libgcc.a(_udivmoddi4.o)
 .debug_abbrev  0x00005e6f       0x14 c:/program files/microchip/xc32/v4.21/bin/bin/../../lib/gcc/pic32c/8.3.1/thumb/v7e-m+fp/hard\libgcc.a(_dvmd_tls.o)
 .debug_abbrev  0x00005e83       0x2e c:/program files/microchip/xc32/v4.21/bin/bin/../../lib/gcc/pic32c/8.3.1/../../../../pic32c/lib/thumb/v7e-m+fp/hard\libpic32c.a(write.o)
 .debug_abbrev  0x00005eb1       0x2e c:/program files/microchip/xc32/v4.21/bin/bin/../../lib/gcc/pic32c/8.3.1/../../../../pic32c/lib/thumb/v7e-m+fp/hard\libpic32c.a(_mon_putc.o)

.debug_loc      0x00000000    0x104e3
 .debug_loc     0x00000000      0x140 build/Default/debug/examples/driver_examples.o
 .debug_loc     0x00000140       0x88 build/Default/debug/gcc/system_same54.o
 .debug_loc     0x000001c8       0xfc build/Default/debug/hal/src/hal_atomic.o
 .debug_loc     0x000002c4      0x364 build/Default/debug/hal/src/hal_cache.o
 .debug_loc     0x00000628      0x134 build/Default/debug/hal/src/hal_delay.o
 .debug_loc     0x0000075c       0x44 build/Default/debug/hal/src/hal_gpio.o
 .debug_loc     0x000007a0       0x44 build/Default/debug/hal/src/hal_init.o
 .debug_loc     0x000007e4       0xe4 build/Default/debug/hal/src/hal_io.o
 .debug_loc     0x000008c8       0x94 build/Default/debug/hal/src/hal_sleep.o
 .debug_loc     0x0000095c      0x5a0 build/Default/debug/hal/src/hal_usart_sync.o
 .debug_loc     0x00000efc       0x5c build/Default/debug/hal/utils/src/utils_assert.o
 .debug_loc     0x00000f58      0x1a8 build/Default/debug/hal/utils/src/utils_event.o
 .debug_loc     0x00001100      0x228 build/Default/debug/hal/utils/src/utils_list.o
 .debug_loc     0x00001328      0x300 build/Default/debug/hal/utils/src/utils_syscalls.o
 .debug_loc     0x00001628      0xa40 build/Default/debug/hpl/cmcc/hpl_cmcc.o
 .debug_loc     0x00002068      0x640 build/Default/debug/hpl/core/hpl_core_m4.o
 .debug_loc     0x000026a8       0x88 build/Default/debug/hpl/core/hpl_init.o
 .debug_loc     0x00002730      0x128 build/Default/debug/hpl/gclk/hpl_gclk.o
 .debug_loc     0x00002858       0xac build/Default/debug/hpl/mclk/hpl_mclk.o
 .debug_loc     0x00002904      0x164 build/Default/debug/hpl/osc32kctrl/hpl_osc32kctrl.o
 .debug_loc     0x00002a68      0x164 build/Default/debug/hpl/oscctrl/hpl_oscctrl.o
 .debug_loc     0x00002bcc      0x108 build/Default/debug/hpl/pm/hpl_pm.o
 .debug_loc     0x00002cd4      0x3ac build/Default/debug/hpl/ramecc/hpl_ramecc.o
 .debug_loc     0x00003080     0x5ea6 build/Default/debug/hpl/sercom/hpl_sercom.o
 .debug_loc     0x00008f26      0x224 build/Default/debug/hpl/tcc/tcc_lite.o
 .debug_loc     0x0000914a      0x30c build/Default/debug/thirdparty/RTOS/freertos/FreeRTOSV10.0.0/Source/portable/GCC/ARM_CM4F/port.o
 .debug_loc     0x00009456      0x134 build/Default/debug/thirdparty/RTOS/freertos/FreeRTOSV10.0.0/Source/portable/MemMang/heap_1.o
 .debug_loc     0x0000958a      0x3f4 build/Default/debug/thirdparty/RTOS/freertos/FreeRTOSV10.0.0/Source/event_groups.o
 .debug_loc     0x0000997e      0x1cc build/Default/debug/thirdparty/RTOS/freertos/FreeRTOSV10.0.0/Source/list.o
 .debug_loc     0x00009b4a      0xc40 build/Default/debug/thirdparty/RTOS/freertos/FreeRTOSV10.0.0/Source/queue.o
 .debug_loc     0x0000a78a      0x78b build/Default/debug/thirdparty/RTOS/freertos/FreeRTOSV10.0.0/Source/stream_buffer.o
 .debug_loc     0x0000af15     0x111e build/Default/debug/thirdparty/RTOS/freertos/FreeRTOSV10.0.0/Source/tasks.o
 .debug_loc     0x0000c033      0x6f8 build/Default/debug/thirdparty/RTOS/freertos/FreeRTOSV10.0.0/Source/timers.o
 .debug_loc     0x0000c72b      0x184 build/Default/debug/thirdparty/RTOS/freertos/FreeRTOSV10.0.0/rtos_port.o
 .debug_loc     0x0000c8af       0x2c build/Default/debug/main.o
 .debug_loc     0x0000c8db      0x7e4 build/Default/debug/driver_init.o
 .debug_loc     0x0000d0bf       0x44 build/Default/debug/rtos_start.o
 .debug_loc     0x0000d103       0x2c build/Default/debug/atmel_start.o
 .debug_loc     0x0000d12f      0x3c4 build/Default/debug/WiFi.o
 .debug_loc     0x0000d4f3      0x288 build/Default/debug/interrupts.o
 .debug_loc     0x0000d77b       0x14 c:/program files/microchip/xc32/v4.21/bin/bin/../../lib/gcc/pic32c/8.3.1/../../../../pic32c/lib/thumb/v7e-m+fp/hard\libpic32c.a(data_init_0_1.o)
 .debug_loc     0x0000d78f       0x51 c:/program files/microchip/xc32/v4.21/bin/bin/../../lib/gcc/pic32c/8.3.1/../../../../pic32c/lib/thumb/v7e-m+fp/hard\libg-musl.a(__libc_start_main.o)
 .debug_loc     0x0000d7e0       0x91 c:/program files/microchip/xc32/v4.21/bin/bin/../../lib/gcc/pic32c/8.3.1/../../../../pic32c/lib/thumb/v7e-m+fp/hard\libg-musl.a(__sio_printf_doux.o)
 .debug_loc     0x0000d871       0xb6 c:/program files/microchip/xc32/v4.21/bin/bin/../../lib/gcc/pic32c/8.3.1/../../../../pic32c/lib/thumb/v7e-m+fp/hard\libg-musl.a(__sio_sprintf_doux.o)
 .debug_loc     0x0000d927      0x1ef c:/program files/microchip/xc32/v4.21/bin/bin/../../lib/gcc/pic32c/8.3.1/../../../../pic32c/lib/thumb/v7e-m+fp/hard\libg-musl.a(__fmt_d.o)
 .debug_loc     0x0000db16      0x10a c:/program files/microchip/xc32/v4.21/bin/bin/../../lib/gcc/pic32c/8.3.1/../../../../pic32c/lib/thumb/v7e-m+fp/hard\libg-musl.a(__fmt_o.o)
 .debug_loc     0x0000dc20      0x157 c:/program files/microchip/xc32/v4.21/bin/bin/../../lib/gcc/pic32c/8.3.1/../../../../pic32c/lib/thumb/v7e-m+fp/hard\libg-musl.a(__fmt_s.o)
 .debug_loc     0x0000dd77      0x2a2 c:/program files/microchip/xc32/v4.21/bin/bin/../../lib/gcc/pic32c/8.3.1/../../../../pic32c/lib/thumb/v7e-m+fp/hard\libg-musl.a(__fmt_u.o)
 .debug_loc     0x0000e019      0x2a9 c:/program files/microchip/xc32/v4.21/bin/bin/../../lib/gcc/pic32c/8.3.1/../../../../pic32c/lib/thumb/v7e-m+fp/hard\libg-musl.a(__fmt_x.o)
 .debug_loc     0x0000e2c2      0x2f5 c:/program files/microchip/xc32/v4.21/bin/bin/../../lib/gcc/pic32c/8.3.1/../../../../pic32c/lib/thumb/v7e-m+fp/hard\libg-musl.a(__pop_int.o)
 .debug_loc     0x0000e5b7      0x1db c:/program files/microchip/xc32/v4.21/bin/bin/../../lib/gcc/pic32c/8.3.1/../../../../pic32c/lib/thumb/v7e-m+fp/hard\libg-musl.a(__pop_ptr.o)
 .debug_loc     0x0000e792      0x5e9 c:/program files/microchip/xc32/v4.21/bin/bin/../../lib/gcc/pic32c/8.3.1/../../../../pic32c/lib/thumb/v7e-m+fp/hard\libg-musl.a(__printf_core.o)
 .debug_loc     0x0000ed7b       0x20 c:/program files/microchip/xc32/v4.21/bin/bin/../../lib/gcc/pic32c/8.3.1/../../../../pic32c/lib/thumb/v7e-m+fp/hard\libg-musl.a(stdout.o)
 .debug_loc     0x0000ed9b       0xd8 c:/program files/microchip/xc32/v4.21/bin/bin/../../lib/gcc/pic32c/8.3.1/../../../../pic32c/lib/thumb/v7e-m+fp/hard\libg-musl.a(atoi.o)
 .debug_loc     0x0000ee73       0xe5 c:/program files/microchip/xc32/v4.21/bin/bin/../../lib/gcc/pic32c/8.3.1/../../../../pic32c/lib/thumb/v7e-m+fp/hard\libg-musl.a(memcpy.o)
 .debug_loc     0x0000ef58       0x56 c:/program files/microchip/xc32/v4.21/bin/bin/../../lib/gcc/pic32c/8.3.1/../../../../pic32c/lib/thumb/v7e-m+fp/hard\libg-musl.a(memset.o)
 .debug_loc     0x0000efae       0x47 c:/program files/microchip/xc32/v4.21/bin/bin/../../lib/gcc/pic32c/8.3.1/../../../../pic32c/lib/thumb/v7e-m+fp/hard\libg-musl.a(strlen.o)
 .debug_loc     0x0000eff5       0xa7 c:/program files/microchip/xc32/v4.21/bin/bin/../../lib/gcc/pic32c/8.3.1/../../../../pic32c/lib/thumb/v7e-m+fp/hard\libg-musl.a(strstr.o)
 .debug_loc     0x0000f09c       0x67 c:/program files/microchip/xc32/v4.21/bin/bin/../../lib/gcc/pic32c/8.3.1/../../../../pic32c/lib/thumb/v7e-m+fp/hard\libg-musl.a(strcpy.o)
 .debug_loc     0x0000f103       0x4a c:/program files/microchip/xc32/v4.21/bin/bin/../../lib/gcc/pic32c/8.3.1/../../../../pic32c/lib/thumb/v7e-m+fp/hard\libg-musl.a(tolower.o)
 .debug_loc     0x0000f14d       0x4a c:/program files/microchip/xc32/v4.21/bin/bin/../../lib/gcc/pic32c/8.3.1/../../../../pic32c/lib/thumb/v7e-m+fp/hard\libg-musl.a(toupper.o)
 .debug_loc     0x0000f197       0x88 c:/program files/microchip/xc32/v4.21/bin/bin/../../lib/gcc/pic32c/8.3.1/../../../../pic32c/lib/thumb/v7e-m+fp/hard\libg-musl.a(__int_vfprintf.o)
 .debug_loc     0x0000f21f       0x6c c:/program files/microchip/xc32/v4.21/bin/bin/../../lib/gcc/pic32c/8.3.1/../../../../pic32c/lib/thumb/v7e-m+fp/hard\libg-musl.a(__int_vsprintf.o)
 .debug_loc     0x0000f28b       0xa6 c:/program files/microchip/xc32/v4.21/bin/bin/../../lib/gcc/pic32c/8.3.1/../../../../pic32c/lib/thumb/v7e-m+fp/hard\libg-musl.a(__pop_float.o)
 .debug_loc     0x0000f331       0x60 c:/program files/microchip/xc32/v4.21/bin/bin/../../lib/gcc/pic32c/8.3.1/../../../../pic32c/lib/thumb/v7e-m+fp/hard\libg-musl.a(stpcpy.o)
 .debug_loc     0x0000f391       0xfd c:/program files/microchip/xc32/v4.21/bin/bin/../../lib/gcc/pic32c/8.3.1/../../../../pic32c/lib/thumb/v7e-m+fp/hard\libg-musl.a(__int_vsnprintf.o)
 .debug_loc     0x0000f48e       0x20 c:/program files/microchip/xc32/v4.21/bin/bin/../../lib/gcc/pic32c/8.3.1/../../../../pic32c/lib/thumb/v7e-m+fp/hard\libg-musl.a(__init_stdio.o)
 .debug_loc     0x0000f4ae      0x1a8 c:/program files/microchip/xc32/v4.21/bin/bin/../../lib/gcc/pic32c/8.3.1/../../../../pic32c/lib/thumb/v7e-m+fp/hard\libg-musl.a(__out.o)
 .debug_loc     0x0000f656      0xe79 c:/program files/microchip/xc32/v4.21/bin/bin/../../lib/gcc/pic32c/8.3.1/thumb/v7e-m+fp/hard\libgcc.a(_udivmoddi4.o)
 .debug_loc     0x000104cf       0x14 c:/program files/microchip/xc32/v4.21/bin/bin/../../lib/gcc/pic32c/8.3.1/../../../../pic32c/lib/thumb/v7e-m+fp/hard\libpic32c.a(write.o)

.debug_aranges  0x00000000      0xaa8
 .debug_aranges
                0x00000000       0x20 build/Default/debug/examples/driver_examples.o
 .debug_aranges
                0x00000020       0x20 build/Default/debug/gcc/system_same54.o
 .debug_aranges
                0x00000040       0x20 build/Default/debug/hal/src/hal_atomic.o
 .debug_aranges
                0x00000060       0x20 build/Default/debug/hal/src/hal_cache.o
 .debug_aranges
                0x00000080       0x20 build/Default/debug/hal/src/hal_delay.o
 .debug_aranges
                0x000000a0       0x20 build/Default/debug/hal/src/hal_gpio.o
 .debug_aranges
                0x000000c0       0x20 build/Default/debug/hal/src/hal_init.o
 .debug_aranges
                0x000000e0       0x20 build/Default/debug/hal/src/hal_io.o
 .debug_aranges
                0x00000100       0x20 build/Default/debug/hal/src/hal_sleep.o
 .debug_aranges
                0x00000120       0x20 build/Default/debug/hal/src/hal_usart_sync.o
 .debug_aranges
                0x00000140       0x20 build/Default/debug/hal/utils/src/utils_assert.o
 .debug_aranges
                0x00000160       0x20 build/Default/debug/hal/utils/src/utils_event.o
 .debug_aranges
                0x00000180       0x20 build/Default/debug/hal/utils/src/utils_list.o
 .debug_aranges
                0x000001a0       0x20 build/Default/debug/hal/utils/src/utils_syscalls.o
 .debug_aranges
                0x000001c0       0x20 build/Default/debug/hpl/cmcc/hpl_cmcc.o
 .debug_aranges
                0x000001e0       0x20 build/Default/debug/hpl/core/hpl_core_m4.o
 .debug_aranges
                0x00000200       0x20 build/Default/debug/hpl/core/hpl_init.o
 .debug_aranges
                0x00000220       0x18 build/Default/debug/hpl/dmac/hpl_dmac.o
 .debug_aranges
                0x00000238       0x20 build/Default/debug/hpl/gclk/hpl_gclk.o
 .debug_aranges
                0x00000258       0x20 build/Default/debug/hpl/mclk/hpl_mclk.o
 .debug_aranges
                0x00000278       0x20 build/Default/debug/hpl/osc32kctrl/hpl_osc32kctrl.o
 .debug_aranges
                0x00000298       0x20 build/Default/debug/hpl/oscctrl/hpl_oscctrl.o
 .debug_aranges
                0x000002b8       0x20 build/Default/debug/hpl/pm/hpl_pm.o
 .debug_aranges
                0x000002d8       0x20 build/Default/debug/hpl/ramecc/hpl_ramecc.o
 .debug_aranges
                0x000002f8       0x20 build/Default/debug/hpl/sercom/hpl_sercom.o
 .debug_aranges
                0x00000318       0x20 build/Default/debug/hpl/tcc/tcc_lite.o
 .debug_aranges
                0x00000338       0x20 build/Default/debug/thirdparty/RTOS/freertos/FreeRTOSV10.0.0/Source/portable/GCC/ARM_CM4F/port.o
 .debug_aranges
                0x00000358       0x20 build/Default/debug/thirdparty/RTOS/freertos/FreeRTOSV10.0.0/Source/portable/MemMang/heap_1.o
 .debug_aranges
                0x00000378       0x18 build/Default/debug/thirdparty/RTOS/freertos/FreeRTOSV10.0.0/Source/croutine.o
 .debug_aranges
                0x00000390       0x20 build/Default/debug/thirdparty/RTOS/freertos/FreeRTOSV10.0.0/Source/event_groups.o
 .debug_aranges
                0x000003b0       0x20 build/Default/debug/thirdparty/RTOS/freertos/FreeRTOSV10.0.0/Source/list.o
 .debug_aranges
                0x000003d0       0x20 build/Default/debug/thirdparty/RTOS/freertos/FreeRTOSV10.0.0/Source/queue.o
 .debug_aranges
                0x000003f0       0x20 build/Default/debug/thirdparty/RTOS/freertos/FreeRTOSV10.0.0/Source/stream_buffer.o
 .debug_aranges
                0x00000410       0x20 build/Default/debug/thirdparty/RTOS/freertos/FreeRTOSV10.0.0/Source/tasks.o
 .debug_aranges
                0x00000430       0x20 build/Default/debug/thirdparty/RTOS/freertos/FreeRTOSV10.0.0/Source/timers.o
 .debug_aranges
                0x00000450       0x20 build/Default/debug/thirdparty/RTOS/freertos/FreeRTOSV10.0.0/rtos_port.o
 .debug_aranges
                0x00000470       0x20 build/Default/debug/main.o
 .debug_aranges
                0x00000490       0x20 build/Default/debug/driver_init.o
 .debug_aranges
                0x000004b0       0x20 build/Default/debug/rtos_start.o
 .debug_aranges
                0x000004d0       0x20 build/Default/debug/atmel_start.o
 .debug_aranges
                0x000004f0       0x20 build/Default/debug/WiFi.o
 .debug_aranges
                0x00000510       0x20 build/Default/debug/interrupts.o
 .debug_aranges
                0x00000530       0x28 C:\Users\Loyola\AppData\Local\Temp\cc65FL0A.o
 .debug_aranges
                0x00000558       0x20 c:/program files/microchip/xc32/v4.21/bin/bin/../../lib/gcc/pic32c/8.3.1/../../../../pic32c/lib/thumb/v7e-m+fp/hard\libpic32c.a(data_init_wrapper.o)
 .debug_aranges
                0x00000578       0x20 c:/program files/microchip/xc32/v4.21/bin/bin/../../lib/gcc/pic32c/8.3.1/../../../../pic32c/lib/thumb/v7e-m+fp/hard\libpic32c.a(data_init_0_1.o)
 .debug_aranges
                0x00000598       0x28 c:/program files/microchip/xc32/v4.21/bin/bin/../../lib/gcc/pic32c/8.3.1/../../../../pic32c/lib/thumb/v7e-m+fp/hard\libg-musl.a(__libc_start_main.o)
 .debug_aranges
                0x000005c0       0x18 c:/program files/microchip/xc32/v4.21/bin/bin/../../lib/gcc/pic32c/8.3.1/../../../../pic32c/lib/thumb/v7e-m+fp/hard\libg-musl.a(libc.o)
 .debug_aranges
                0x000005d8       0x28 c:/program files/microchip/xc32/v4.21/bin/bin/../../lib/gcc/pic32c/8.3.1/../../../../pic32c/lib/thumb/v7e-m+fp/hard\libg-musl.a(__sio_printf_doux.o)
 .debug_aranges
                0x00000600       0x28 c:/program files/microchip/xc32/v4.21/bin/bin/../../lib/gcc/pic32c/8.3.1/../../../../pic32c/lib/thumb/v7e-m+fp/hard\libg-musl.a(__sio_sprintf_doux.o)
 .debug_aranges
                0x00000628       0x20 c:/program files/microchip/xc32/v4.21/bin/bin/../../lib/gcc/pic32c/8.3.1/../../../../pic32c/lib/thumb/v7e-m+fp/hard\libg-musl.a(__fmt_d.o)
 .debug_aranges
                0x00000648       0x20 c:/program files/microchip/xc32/v4.21/bin/bin/../../lib/gcc/pic32c/8.3.1/../../../../pic32c/lib/thumb/v7e-m+fp/hard\libg-musl.a(__fmt_o.o)
 .debug_aranges
                0x00000668       0x20 c:/program files/microchip/xc32/v4.21/bin/bin/../../lib/gcc/pic32c/8.3.1/../../../../pic32c/lib/thumb/v7e-m+fp/hard\libg-musl.a(__fmt_s.o)
 .debug_aranges
                0x00000688       0x28 c:/program files/microchip/xc32/v4.21/bin/bin/../../lib/gcc/pic32c/8.3.1/../../../../pic32c/lib/thumb/v7e-m+fp/hard\libg-musl.a(__fmt_u.o)
 .debug_aranges
                0x000006b0       0x20 c:/program files/microchip/xc32/v4.21/bin/bin/../../lib/gcc/pic32c/8.3.1/../../../../pic32c/lib/thumb/v7e-m+fp/hard\libg-musl.a(__fmt_x.o)
 .debug_aranges
                0x000006d0       0x20 c:/program files/microchip/xc32/v4.21/bin/bin/../../lib/gcc/pic32c/8.3.1/../../../../pic32c/lib/thumb/v7e-m+fp/hard\libg-musl.a(__pop_int.o)
 .debug_aranges
                0x000006f0       0x20 c:/program files/microchip/xc32/v4.21/bin/bin/../../lib/gcc/pic32c/8.3.1/../../../../pic32c/lib/thumb/v7e-m+fp/hard\libg-musl.a(__pop_ptr.o)
 .debug_aranges
                0x00000710       0x50 c:/program files/microchip/xc32/v4.21/bin/bin/../../lib/gcc/pic32c/8.3.1/../../../../pic32c/lib/thumb/v7e-m+fp/hard\libg-musl.a(__printf_core.o)
 .debug_aranges
                0x00000760       0x30 c:/program files/microchip/xc32/v4.21/bin/bin/../../lib/gcc/pic32c/8.3.1/../../../../pic32c/lib/thumb/v7e-m+fp/hard\libg-musl.a(stdout.o)
 .debug_aranges
                0x00000790       0x20 c:/program files/microchip/xc32/v4.21/bin/bin/../../lib/gcc/pic32c/8.3.1/../../../../pic32c/lib/thumb/v7e-m+fp/hard\libg-musl.a(atoi.o)
 .debug_aranges
                0x000007b0       0x20 c:/program files/microchip/xc32/v4.21/bin/bin/../../lib/gcc/pic32c/8.3.1/../../../../pic32c/lib/thumb/v7e-m+fp/hard\libg-musl.a(memcpy.o)
 .debug_aranges
                0x000007d0       0x20 c:/program files/microchip/xc32/v4.21/bin/bin/../../lib/gcc/pic32c/8.3.1/../../../../pic32c/lib/thumb/v7e-m+fp/hard\libg-musl.a(memset.o)
 .debug_aranges
                0x000007f0       0x20 c:/program files/microchip/xc32/v4.21/bin/bin/../../lib/gcc/pic32c/8.3.1/../../../../pic32c/lib/thumb/v7e-m+fp/hard\libg-musl.a(strlen.o)
 .debug_aranges
                0x00000810       0x20 c:/program files/microchip/xc32/v4.21/bin/bin/../../lib/gcc/pic32c/8.3.1/../../../../pic32c/lib/thumb/v7e-m+fp/hard\libg-musl.a(strstr.o)
 .debug_aranges
                0x00000830       0x20 c:/program files/microchip/xc32/v4.21/bin/bin/../../lib/gcc/pic32c/8.3.1/../../../../pic32c/lib/thumb/v7e-m+fp/hard\libg-musl.a(strcpy.o)
 .debug_aranges
                0x00000850       0x28 c:/program files/microchip/xc32/v4.21/bin/bin/../../lib/gcc/pic32c/8.3.1/../../../../pic32c/lib/thumb/v7e-m+fp/hard\libg-musl.a(tolower.o)
 .debug_aranges
                0x00000878       0x28 c:/program files/microchip/xc32/v4.21/bin/bin/../../lib/gcc/pic32c/8.3.1/../../../../pic32c/lib/thumb/v7e-m+fp/hard\libg-musl.a(toupper.o)
 .debug_aranges
                0x000008a0       0x18 c:/program files/microchip/xc32/v4.21/bin/bin/../../lib/gcc/pic32c/8.3.1/../../../../pic32c/lib/thumb/v7e-m+fp/hard\libg-musl.a(__environ.o)
 .debug_aranges
                0x000008b8       0x18 c:/program files/microchip/xc32/v4.21/bin/bin/../../lib/gcc/pic32c/8.3.1/../../../../pic32c/lib/thumb/v7e-m+fp/hard\libg-musl.a(__errno_location.o)
 .debug_aranges
                0x000008d0       0x20 c:/program files/microchip/xc32/v4.21/bin/bin/../../lib/gcc/pic32c/8.3.1/../../../../pic32c/lib/thumb/v7e-m+fp/hard\libg-musl.a(__int_vfprintf.o)
 .debug_aranges
                0x000008f0       0x20 c:/program files/microchip/xc32/v4.21/bin/bin/../../lib/gcc/pic32c/8.3.1/../../../../pic32c/lib/thumb/v7e-m+fp/hard\libg-musl.a(__int_vsprintf.o)
 .debug_aranges
                0x00000910       0x28 c:/program files/microchip/xc32/v4.21/bin/bin/../../lib/gcc/pic32c/8.3.1/../../../../pic32c/lib/thumb/v7e-m+fp/hard\libg-musl.a(__io_init_needed.o)
 .debug_aranges
                0x00000938       0x20 c:/program files/microchip/xc32/v4.21/bin/bin/../../lib/gcc/pic32c/8.3.1/../../../../pic32c/lib/thumb/v7e-m+fp/hard\libg-musl.a(__pop_float.o)
 .debug_aranges
                0x00000958       0x20 c:/program files/microchip/xc32/v4.21/bin/bin/../../lib/gcc/pic32c/8.3.1/../../../../pic32c/lib/thumb/v7e-m+fp/hard\libg-musl.a(stpcpy.o)
 .debug_aranges
                0x00000978       0x20 c:/program files/microchip/xc32/v4.21/bin/bin/../../lib/gcc/pic32c/8.3.1/../../../../pic32c/lib/thumb/v7e-m+fp/hard\libg-musl.a(__int_vsnprintf.o)
 .debug_aranges
                0x00000998       0x28 c:/program files/microchip/xc32/v4.21/bin/bin/../../lib/gcc/pic32c/8.3.1/../../../../pic32c/lib/thumb/v7e-m+fp/hard\libg-musl.a(__init_stdio.o)
 .debug_aranges
                0x000009c0       0x20 c:/program files/microchip/xc32/v4.21/bin/bin/../../lib/gcc/pic32c/8.3.1/../../../../pic32c/lib/thumb/v7e-m+fp/hard\libg-musl.a(__io_file_needed.o)
 .debug_aranges
                0x000009e0       0x28 c:/program files/microchip/xc32/v4.21/bin/bin/../../lib/gcc/pic32c/8.3.1/../../../../pic32c/lib/thumb/v7e-m+fp/hard\libg-musl.a(__out.o)
 .debug_aranges
                0x00000a08       0x20 c:/program files/microchip/xc32/v4.21/bin/bin/../../lib/gcc/pic32c/8.3.1/thumb/v7e-m+fp/hard\libgcc.a(_aeabi_uldivmod.o)
 .debug_aranges
                0x00000a28       0x20 c:/program files/microchip/xc32/v4.21/bin/bin/../../lib/gcc/pic32c/8.3.1/thumb/v7e-m+fp/hard\libgcc.a(_udivmoddi4.o)
 .debug_aranges
                0x00000a48       0x20 c:/program files/microchip/xc32/v4.21/bin/bin/../../lib/gcc/pic32c/8.3.1/thumb/v7e-m+fp/hard\libgcc.a(_dvmd_tls.o)
 .debug_aranges
                0x00000a68       0x20 c:/program files/microchip/xc32/v4.21/bin/bin/../../lib/gcc/pic32c/8.3.1/../../../../pic32c/lib/thumb/v7e-m+fp/hard\libpic32c.a(write.o)
 .debug_aranges
                0x00000a88       0x20 c:/program files/microchip/xc32/v4.21/bin/bin/../../lib/gcc/pic32c/8.3.1/../../../../pic32c/lib/thumb/v7e-m+fp/hard\libpic32c.a(_mon_putc.o)

.debug_line     0x00000000     0xb196
 .debug_line    0x00000000      0x111 build/Default/debug/examples/driver_examples.o
 .debug_line    0x00000111       0xc2 build/Default/debug/gcc/system_same54.o
 .debug_line    0x000001d3      0x120 build/Default/debug/hal/src/hal_atomic.o
 .debug_line    0x000002f3      0x17f build/Default/debug/hal/src/hal_cache.o
 .debug_line    0x00000472       0xad build/Default/debug/hal/src/hal_delay.o
 .debug_line    0x0000051f       0x97 build/Default/debug/hal/src/hal_gpio.o
 .debug_line    0x000005b6       0x97 build/Default/debug/hal/src/hal_init.o
 .debug_line    0x0000064d       0xc1 build/Default/debug/hal/src/hal_io.o
 .debug_line    0x0000070e       0xab build/Default/debug/hal/src/hal_sleep.o
 .debug_line    0x000007b9      0x20a build/Default/debug/hal/src/hal_usart_sync.o
 .debug_line    0x000009c3       0x5a build/Default/debug/hal/utils/src/utils_assert.o
 .debug_line    0x00000a1d      0x1ad build/Default/debug/hal/utils/src/utils_event.o
 .debug_line    0x00000bca      0x114 build/Default/debug/hal/utils/src/utils_list.o
 .debug_line    0x00000cde      0x140 build/Default/debug/hal/utils/src/utils_syscalls.o
 .debug_line    0x00000e1e      0x339 build/Default/debug/hpl/cmcc/hpl_cmcc.o
 .debug_line    0x00001157      0x301 build/Default/debug/hpl/core/hpl_core_m4.o
 .debug_line    0x00001458      0x102 build/Default/debug/hpl/core/hpl_init.o
 .debug_line    0x0000155a       0x1d build/Default/debug/hpl/dmac/hpl_dmac.o
 .debug_line    0x00001577      0x11a build/Default/debug/hpl/gclk/hpl_gclk.o
 .debug_line    0x00001691       0xf2 build/Default/debug/hpl/mclk/hpl_mclk.o
 .debug_line    0x00001783      0x135 build/Default/debug/hpl/osc32kctrl/hpl_osc32kctrl.o
 .debug_line    0x000018b8      0x12a build/Default/debug/hpl/oscctrl/hpl_oscctrl.o
 .debug_line    0x000019e2      0x10c build/Default/debug/hpl/pm/hpl_pm.o
 .debug_line    0x00001aee      0x252 build/Default/debug/hpl/ramecc/hpl_ramecc.o
 .debug_line    0x00001d40     0x1766 build/Default/debug/hpl/sercom/hpl_sercom.o
 .debug_line    0x000034a6      0x159 build/Default/debug/hpl/tcc/tcc_lite.o
 .debug_line    0x000035ff      0x30d build/Default/debug/thirdparty/RTOS/freertos/FreeRTOSV10.0.0/Source/portable/GCC/ARM_CM4F/port.o
 .debug_line    0x0000390c      0x183 build/Default/debug/thirdparty/RTOS/freertos/FreeRTOSV10.0.0/Source/portable/MemMang/heap_1.o
 .debug_line    0x00003a8f       0x1d build/Default/debug/thirdparty/RTOS/freertos/FreeRTOSV10.0.0/Source/croutine.o
 .debug_line    0x00003aac      0x449 build/Default/debug/thirdparty/RTOS/freertos/FreeRTOSV10.0.0/Source/event_groups.o
 .debug_line    0x00003ef5      0x1fb build/Default/debug/thirdparty/RTOS/freertos/FreeRTOSV10.0.0/Source/list.o
 .debug_line    0x000040f0      0xb94 build/Default/debug/thirdparty/RTOS/freertos/FreeRTOSV10.0.0/Source/queue.o
 .debug_line    0x00004c84      0x6f2 build/Default/debug/thirdparty/RTOS/freertos/FreeRTOSV10.0.0/Source/stream_buffer.o
 .debug_line    0x00005376      0xe14 build/Default/debug/thirdparty/RTOS/freertos/FreeRTOSV10.0.0/Source/tasks.o
 .debug_line    0x0000618a      0x4dc build/Default/debug/thirdparty/RTOS/freertos/FreeRTOSV10.0.0/Source/timers.o
 .debug_line    0x00006666      0x203 build/Default/debug/thirdparty/RTOS/freertos/FreeRTOSV10.0.0/rtos_port.o
 .debug_line    0x00006869       0xe9 build/Default/debug/main.o
 .debug_line    0x00006952      0x3fd build/Default/debug/driver_init.o
 .debug_line    0x00006d4f      0x146 build/Default/debug/rtos_start.o
 .debug_line    0x00006e95       0x74 build/Default/debug/atmel_start.o
 .debug_line    0x00006f09      0x32e build/Default/debug/WiFi.o
 .debug_line    0x00007237      0x234 build/Default/debug/interrupts.o
 .debug_line    0x0000746b      0x249 C:\Users\Loyola\AppData\Local\Temp\cc65FL0A.o
 .debug_line    0x000076b4       0xa9 c:/program files/microchip/xc32/v4.21/bin/bin/../../lib/gcc/pic32c/8.3.1/../../../../pic32c/lib/thumb/v7e-m+fp/hard\libpic32c.a(data_init_wrapper.o)
 .debug_line    0x0000775d       0xf2 c:/program files/microchip/xc32/v4.21/bin/bin/../../lib/gcc/pic32c/8.3.1/../../../../pic32c/lib/thumb/v7e-m+fp/hard\libpic32c.a(data_init_0_1.o)
 .debug_line    0x0000784f      0x1d5 c:/program files/microchip/xc32/v4.21/bin/bin/../../lib/gcc/pic32c/8.3.1/../../../../pic32c/lib/thumb/v7e-m+fp/hard\libg-musl.a(__libc_start_main.o)
 .debug_line    0x00007a24       0xbc c:/program files/microchip/xc32/v4.21/bin/bin/../../lib/gcc/pic32c/8.3.1/../../../../pic32c/lib/thumb/v7e-m+fp/hard\libg-musl.a(libc.o)
 .debug_line    0x00007ae0      0x1c8 c:/program files/microchip/xc32/v4.21/bin/bin/../../lib/gcc/pic32c/8.3.1/../../../../pic32c/lib/thumb/v7e-m+fp/hard\libg-musl.a(__sio_printf_doux.o)
 .debug_line    0x00007ca8      0x1b1 c:/program files/microchip/xc32/v4.21/bin/bin/../../lib/gcc/pic32c/8.3.1/../../../../pic32c/lib/thumb/v7e-m+fp/hard\libg-musl.a(__sio_sprintf_doux.o)
 .debug_line    0x00007e59      0x20d c:/program files/microchip/xc32/v4.21/bin/bin/../../lib/gcc/pic32c/8.3.1/../../../../pic32c/lib/thumb/v7e-m+fp/hard\libg-musl.a(__fmt_d.o)
 .debug_line    0x00008066      0x1b7 c:/program files/microchip/xc32/v4.21/bin/bin/../../lib/gcc/pic32c/8.3.1/../../../../pic32c/lib/thumb/v7e-m+fp/hard\libg-musl.a(__fmt_o.o)
 .debug_line    0x0000821d      0x200 c:/program files/microchip/xc32/v4.21/bin/bin/../../lib/gcc/pic32c/8.3.1/../../../../pic32c/lib/thumb/v7e-m+fp/hard\libg-musl.a(__fmt_s.o)
 .debug_line    0x0000841d      0x241 c:/program files/microchip/xc32/v4.21/bin/bin/../../lib/gcc/pic32c/8.3.1/../../../../pic32c/lib/thumb/v7e-m+fp/hard\libg-musl.a(__fmt_u.o)
 .debug_line    0x0000865e      0x2e2 c:/program files/microchip/xc32/v4.21/bin/bin/../../lib/gcc/pic32c/8.3.1/../../../../pic32c/lib/thumb/v7e-m+fp/hard\libg-musl.a(__fmt_x.o)
 .debug_line    0x00008940      0x20e c:/program files/microchip/xc32/v4.21/bin/bin/../../lib/gcc/pic32c/8.3.1/../../../../pic32c/lib/thumb/v7e-m+fp/hard\libg-musl.a(__pop_int.o)
 .debug_line    0x00008b4e      0x1ee c:/program files/microchip/xc32/v4.21/bin/bin/../../lib/gcc/pic32c/8.3.1/../../../../pic32c/lib/thumb/v7e-m+fp/hard\libg-musl.a(__pop_ptr.o)
 .debug_line    0x00008d3c      0x69e c:/program files/microchip/xc32/v4.21/bin/bin/../../lib/gcc/pic32c/8.3.1/../../../../pic32c/lib/thumb/v7e-m+fp/hard\libg-musl.a(__printf_core.o)
 .debug_line    0x000093da      0x18f c:/program files/microchip/xc32/v4.21/bin/bin/../../lib/gcc/pic32c/8.3.1/../../../../pic32c/lib/thumb/v7e-m+fp/hard\libg-musl.a(stdout.o)
 .debug_line    0x00009569      0x175 c:/program files/microchip/xc32/v4.21/bin/bin/../../lib/gcc/pic32c/8.3.1/../../../../pic32c/lib/thumb/v7e-m+fp/hard\libg-musl.a(atoi.o)
 .debug_line    0x000096de       0xf2 c:/program files/microchip/xc32/v4.21/bin/bin/../../lib/gcc/pic32c/8.3.1/../../../../pic32c/lib/thumb/v7e-m+fp/hard\libg-musl.a(memcpy.o)
 .debug_line    0x000097d0       0xe9 c:/program files/microchip/xc32/v4.21/bin/bin/../../lib/gcc/pic32c/8.3.1/../../../../pic32c/lib/thumb/v7e-m+fp/hard\libg-musl.a(memset.o)
 .debug_line    0x000098b9       0xe5 c:/program files/microchip/xc32/v4.21/bin/bin/../../lib/gcc/pic32c/8.3.1/../../../../pic32c/lib/thumb/v7e-m+fp/hard\libg-musl.a(strlen.o)
 .debug_line    0x0000999e      0x117 c:/program files/microchip/xc32/v4.21/bin/bin/../../lib/gcc/pic32c/8.3.1/../../../../pic32c/lib/thumb/v7e-m+fp/hard\libg-musl.a(strstr.o)
 .debug_line    0x00009ab5       0xb4 c:/program files/microchip/xc32/v4.21/bin/bin/../../lib/gcc/pic32c/8.3.1/../../../../pic32c/lib/thumb/v7e-m+fp/hard\libg-musl.a(strcpy.o)
 .debug_line    0x00009b69      0x165 c:/program files/microchip/xc32/v4.21/bin/bin/../../lib/gcc/pic32c/8.3.1/../../../../pic32c/lib/thumb/v7e-m+fp/hard\libg-musl.a(tolower.o)
 .debug_line    0x00009cce      0x165 c:/program files/microchip/xc32/v4.21/bin/bin/../../lib/gcc/pic32c/8.3.1/../../../../pic32c/lib/thumb/v7e-m+fp/hard\libg-musl.a(toupper.o)
 .debug_line    0x00009e33      0x109 c:/program files/microchip/xc32/v4.21/bin/bin/../../lib/gcc/pic32c/8.3.1/../../../../pic32c/lib/thumb/v7e-m+fp/hard\libg-musl.a(__environ.o)
 .debug_line    0x00009f3c       0xa1 c:/program files/microchip/xc32/v4.21/bin/bin/../../lib/gcc/pic32c/8.3.1/../../../../pic32c/lib/thumb/v7e-m+fp/hard\libg-musl.a(__errno_location.o)
 .debug_line    0x00009fdd      0x176 c:/program files/microchip/xc32/v4.21/bin/bin/../../lib/gcc/pic32c/8.3.1/../../../../pic32c/lib/thumb/v7e-m+fp/hard\libg-musl.a(__int_vfprintf.o)
 .debug_line    0x0000a153      0x15b c:/program files/microchip/xc32/v4.21/bin/bin/../../lib/gcc/pic32c/8.3.1/../../../../pic32c/lib/thumb/v7e-m+fp/hard\libg-musl.a(__int_vsprintf.o)
 .debug_line    0x0000a2ae      0x139 c:/program files/microchip/xc32/v4.21/bin/bin/../../lib/gcc/pic32c/8.3.1/../../../../pic32c/lib/thumb/v7e-m+fp/hard\libg-musl.a(__io_init_needed.o)
 .debug_line    0x0000a3e7      0x173 c:/program files/microchip/xc32/v4.21/bin/bin/../../lib/gcc/pic32c/8.3.1/../../../../pic32c/lib/thumb/v7e-m+fp/hard\libg-musl.a(__pop_float.o)
 .debug_line    0x0000a55a       0xc8 c:/program files/microchip/xc32/v4.21/bin/bin/../../lib/gcc/pic32c/8.3.1/../../../../pic32c/lib/thumb/v7e-m+fp/hard\libg-musl.a(stpcpy.o)
 .debug_line    0x0000a622      0x1c9 c:/program files/microchip/xc32/v4.21/bin/bin/../../lib/gcc/pic32c/8.3.1/../../../../pic32c/lib/thumb/v7e-m+fp/hard\libg-musl.a(__int_vsnprintf.o)
 .debug_line    0x0000a7eb       0xcf c:/program files/microchip/xc32/v4.21/bin/bin/../../lib/gcc/pic32c/8.3.1/../../../../pic32c/lib/thumb/v7e-m+fp/hard\libg-musl.a(__init_stdio.o)
 .debug_line    0x0000a8ba       0xb3 c:/program files/microchip/xc32/v4.21/bin/bin/../../lib/gcc/pic32c/8.3.1/../../../../pic32c/lib/thumb/v7e-m+fp/hard\libg-musl.a(__io_file_needed.o)
 .debug_line    0x0000a96d      0x234 c:/program files/microchip/xc32/v4.21/bin/bin/../../lib/gcc/pic32c/8.3.1/../../../../pic32c/lib/thumb/v7e-m+fp/hard\libg-musl.a(__out.o)
 .debug_line    0x0000aba1       0x98 c:/program files/microchip/xc32/v4.21/bin/bin/../../lib/gcc/pic32c/8.3.1/thumb/v7e-m+fp/hard\libgcc.a(_aeabi_uldivmod.o)
 .debug_line    0x0000ac39      0x367 c:/program files/microchip/xc32/v4.21/bin/bin/../../lib/gcc/pic32c/8.3.1/thumb/v7e-m+fp/hard\libgcc.a(_udivmoddi4.o)
 .debug_line    0x0000afa0       0x98 c:/program files/microchip/xc32/v4.21/bin/bin/../../lib/gcc/pic32c/8.3.1/thumb/v7e-m+fp/hard\libgcc.a(_dvmd_tls.o)
 .debug_line    0x0000b038       0xbf c:/program files/microchip/xc32/v4.21/bin/bin/../../lib/gcc/pic32c/8.3.1/../../../../pic32c/lib/thumb/v7e-m+fp/hard\libpic32c.a(write.o)
 .debug_line    0x0000b0f7       0x9f c:/program files/microchip/xc32/v4.21/bin/bin/../../lib/gcc/pic32c/8.3.1/../../../../pic32c/lib/thumb/v7e-m+fp/hard\libpic32c.a(_mon_putc.o)

.debug_str      0x00000000     0x10a2
 .debug_str     0x00000000        0x0 build/Default/debug/examples/driver_examples.o
 .debug_str     0x00000000        0x0 build/Default/debug/gcc/system_same54.o
 .debug_str     0x00000000        0x0 build/Default/debug/hal/src/hal_atomic.o
 .debug_str     0x00000000        0x0 build/Default/debug/hal/src/hal_cache.o
 .debug_str     0x00000000        0x0 build/Default/debug/hal/src/hal_delay.o
 .debug_str     0x00000000        0x0 build/Default/debug/hal/src/hal_gpio.o
 .debug_str     0x00000000        0x0 build/Default/debug/hal/src/hal_init.o
 .debug_str     0x00000000        0x9 build/Default/debug/hal/src/hal_io.o
 .debug_str     0x00000009        0x0 build/Default/debug/hal/src/hal_sleep.o
 .debug_str     0x00000009        0xf build/Default/debug/hal/src/hal_usart_sync.o
 .debug_str     0x00000018        0x0 build/Default/debug/hal/utils/src/utils_assert.o
 .debug_str     0x00000018        0x9 build/Default/debug/hal/utils/src/utils_event.o
 .debug_str     0x00000021        0x8 build/Default/debug/hal/utils/src/utils_list.o
 .debug_str     0x00000029        0x0 build/Default/debug/hal/utils/src/utils_syscalls.o
 .debug_str     0x00000029       0x12 build/Default/debug/hpl/cmcc/hpl_cmcc.o
 .debug_str     0x0000003b        0xa build/Default/debug/hpl/core/hpl_core_m4.o
 .debug_str     0x00000045       0x18 build/Default/debug/hpl/core/hpl_init.o
 .debug_str     0x0000005d        0x0 build/Default/debug/hpl/dmac/hpl_dmac.o
 .debug_str     0x0000005d        0x0 build/Default/debug/hpl/gclk/hpl_gclk.o
 .debug_str     0x0000005d       0x12 build/Default/debug/hpl/mclk/hpl_mclk.o
 .debug_str     0x0000006f       0x17 build/Default/debug/hpl/osc32kctrl/hpl_osc32kctrl.o
 .debug_str     0x00000086       0xe8 build/Default/debug/hpl/oscctrl/hpl_oscctrl.o
 .debug_str     0x0000016e        0x9 build/Default/debug/hpl/pm/hpl_pm.o
 .debug_str     0x00000177        0x8 build/Default/debug/hpl/ramecc/hpl_ramecc.o
 .debug_str     0x0000017f      0x1fb build/Default/debug/hpl/sercom/hpl_sercom.o
 .debug_str     0x0000037a       0x70 build/Default/debug/hpl/tcc/tcc_lite.o
 .debug_str     0x000003ea        0x0 build/Default/debug/thirdparty/RTOS/freertos/FreeRTOSV10.0.0/Source/portable/GCC/ARM_CM4F/port.o
 .debug_str     0x000003ea        0x0 build/Default/debug/thirdparty/RTOS/freertos/FreeRTOSV10.0.0/Source/portable/MemMang/heap_1.o
 .debug_str     0x000003ea        0x0 build/Default/debug/thirdparty/RTOS/freertos/FreeRTOSV10.0.0/Source/croutine.o
 .debug_str     0x000003ea      0x106 build/Default/debug/thirdparty/RTOS/freertos/FreeRTOSV10.0.0/Source/event_groups.o
 .debug_str     0x000004f0       0x2b build/Default/debug/thirdparty/RTOS/freertos/FreeRTOSV10.0.0/Source/list.o
 .debug_str     0x0000051b      0x174 build/Default/debug/thirdparty/RTOS/freertos/FreeRTOSV10.0.0/Source/queue.o
 .debug_str     0x0000068f      0x15f build/Default/debug/thirdparty/RTOS/freertos/FreeRTOSV10.0.0/Source/stream_buffer.o
 .debug_str     0x000007ee      0x1b8 build/Default/debug/thirdparty/RTOS/freertos/FreeRTOSV10.0.0/Source/tasks.o
 .debug_str     0x000009a6       0xe0 build/Default/debug/thirdparty/RTOS/freertos/FreeRTOSV10.0.0/Source/timers.o
 .debug_str     0x00000a86        0x0 build/Default/debug/thirdparty/RTOS/freertos/FreeRTOSV10.0.0/rtos_port.o
 .debug_str     0x00000a86        0x0 build/Default/debug/main.o
 .debug_str     0x00000a86      0x148 build/Default/debug/driver_init.o
 .debug_str     0x00000bce        0x0 build/Default/debug/rtos_start.o
 .debug_str     0x00000bce        0x0 build/Default/debug/atmel_start.o
 .debug_str     0x00000bce       0x64 build/Default/debug/WiFi.o
 .debug_str     0x00000c32      0x10d build/Default/debug/interrupts.o
 .debug_str     0x00000d3f        0x6 C:\Users\Loyola\AppData\Local\Temp\cc65FL0A.o
 .debug_str     0x00000d45        0x0 c:/program files/microchip/xc32/v4.21/bin/bin/../../lib/gcc/pic32c/8.3.1/../../../../pic32c/lib/thumb/v7e-m+fp/hard\libpic32c.a(data_init_wrapper.o)
 .debug_str     0x00000d45        0x0 c:/program files/microchip/xc32/v4.21/bin/bin/../../lib/gcc/pic32c/8.3.1/../../../../pic32c/lib/thumb/v7e-m+fp/hard\libpic32c.a(data_init_0_1.o)
 .debug_str     0x00000d45        0x0 c:/program files/microchip/xc32/v4.21/bin/bin/../../lib/gcc/pic32c/8.3.1/../../../../pic32c/lib/thumb/v7e-m+fp/hard\libg-musl.a(__libc_start_main.o)
 .debug_str     0x00000d45        0x0 c:/program files/microchip/xc32/v4.21/bin/bin/../../lib/gcc/pic32c/8.3.1/../../../../pic32c/lib/thumb/v7e-m+fp/hard\libg-musl.a(libc.o)
 .debug_str     0x00000d45       0x78 c:/program files/microchip/xc32/v4.21/bin/bin/../../lib/gcc/pic32c/8.3.1/../../../../pic32c/lib/thumb/v7e-m+fp/hard\libg-musl.a(__sio_printf_doux.o)
 .debug_str     0x00000dbd       0x78 c:/program files/microchip/xc32/v4.21/bin/bin/../../lib/gcc/pic32c/8.3.1/../../../../pic32c/lib/thumb/v7e-m+fp/hard\libg-musl.a(__sio_sprintf_doux.o)
 .debug_str     0x00000e35        0x0 c:/program files/microchip/xc32/v4.21/bin/bin/../../lib/gcc/pic32c/8.3.1/../../../../pic32c/lib/thumb/v7e-m+fp/hard\libg-musl.a(__fmt_d.o)
 .debug_str     0x00000e35        0x0 c:/program files/microchip/xc32/v4.21/bin/bin/../../lib/gcc/pic32c/8.3.1/../../../../pic32c/lib/thumb/v7e-m+fp/hard\libg-musl.a(__fmt_o.o)
 .debug_str     0x00000e35        0x0 c:/program files/microchip/xc32/v4.21/bin/bin/../../lib/gcc/pic32c/8.3.1/../../../../pic32c/lib/thumb/v7e-m+fp/hard\libg-musl.a(__fmt_s.o)
 .debug_str     0x00000e35        0x6 c:/program files/microchip/xc32/v4.21/bin/bin/../../lib/gcc/pic32c/8.3.1/../../../../pic32c/lib/thumb/v7e-m+fp/hard\libg-musl.a(__fmt_u.o)
 .debug_str     0x00000e3b        0x0 c:/program files/microchip/xc32/v4.21/bin/bin/../../lib/gcc/pic32c/8.3.1/../../../../pic32c/lib/thumb/v7e-m+fp/hard\libg-musl.a(__fmt_x.o)
 .debug_str     0x00000e3b        0x0 c:/program files/microchip/xc32/v4.21/bin/bin/../../lib/gcc/pic32c/8.3.1/../../../../pic32c/lib/thumb/v7e-m+fp/hard\libg-musl.a(__pop_int.o)
 .debug_str     0x00000e3b        0x0 c:/program files/microchip/xc32/v4.21/bin/bin/../../lib/gcc/pic32c/8.3.1/../../../../pic32c/lib/thumb/v7e-m+fp/hard\libg-musl.a(__pop_ptr.o)
 .debug_str     0x00000e3b       0x20 c:/program files/microchip/xc32/v4.21/bin/bin/../../lib/gcc/pic32c/8.3.1/../../../../pic32c/lib/thumb/v7e-m+fp/hard\libg-musl.a(__printf_core.o)
 .debug_str     0x00000e5b       0x11 c:/program files/microchip/xc32/v4.21/bin/bin/../../lib/gcc/pic32c/8.3.1/../../../../pic32c/lib/thumb/v7e-m+fp/hard\libg-musl.a(stdout.o)
 .debug_str     0x00000e6c        0x0 c:/program files/microchip/xc32/v4.21/bin/bin/../../lib/gcc/pic32c/8.3.1/../../../../pic32c/lib/thumb/v7e-m+fp/hard\libg-musl.a(atoi.o)
 .debug_str     0x00000e6c        0x0 c:/program files/microchip/xc32/v4.21/bin/bin/../../lib/gcc/pic32c/8.3.1/../../../../pic32c/lib/thumb/v7e-m+fp/hard\libg-musl.a(memcpy.o)
 .debug_str     0x00000e6c        0x0 c:/program files/microchip/xc32/v4.21/bin/bin/../../lib/gcc/pic32c/8.3.1/../../../../pic32c/lib/thumb/v7e-m+fp/hard\libg-musl.a(memset.o)