Archive member included to satisfy reference by file (symbol)

c:/program files/microchip/xc32/v4.30/bin/bin/../../lib/gcc/pic32c/8.3.1/../../../../pic32c/lib/thumb/v7e-m+fp/hard\libpic32c.a(data_init.o)
                              C:\Users\Max\AppData\Local\Temp\cce4uX3n.o (__pic32c_data_initialization)
c:/program files/microchip/xc32/v4.30/bin/bin/../../lib/gcc/pic32c/8.3.1/../../../../pic32c/lib/thumb/v7e-m+fp/hard\libm-fast-emfloat.a(__aeabi_dsub.o)
                              build/Default/debug/hpl/sercom/hpl_sercom.o (__aeabi_dsub)
c:/program files/microchip/xc32/v4.30/bin/bin/../../lib/gcc/pic32c/8.3.1/../../../../pic32c/lib/thumb/v7e-m+fp/hard\libm-fast-emfloat.a(__aeabi_dmul.o)
                              build/Default/debug/hpl/sercom/hpl_sercom.o (__aeabi_dmul)
c:/program files/microchip/xc32/v4.30/bin/bin/../../lib/gcc/pic32c/8.3.1/../../../../pic32c/lib/thumb/v7e-m+fp/hard\libm-fast-emfloat.a(__aeabi_ddiv.o)
                              build/Default/debug/hpl/sercom/hpl_sercom.o (__aeabi_ddiv)
c:/program files/microchip/xc32/v4.30/bin/bin/../../lib/gcc/pic32c/8.3.1/../../../../pic32c/lib/thumb/v7e-m+fp/hard\libm-fast-emfloat.a(__aeabi_d2uiz.o)
                              build/Default/debug/hpl/sercom/hpl_sercom.o (__aeabi_d2uiz)
c:/program files/microchip/xc32/v4.30/bin/bin/../../lib/gcc/pic32c/8.3.1/../../../../pic32c/lib/thumb/v7e-m+fp/hard\libm-fast-emfloat.a(__aeabi_i2d.o)
                              build/Default/debug/hpl/sercom/hpl_sercom.o (__aeabi_i2d)
c:/program files/microchip/xc32/v4.30/bin/bin/../../lib/gcc/pic32c/8.3.1/../../../../pic32c/lib/thumb/v7e-m+fp/hard\libm-fast-emfloat.a(__aeabi_ui2d.o)
                              build/Default/debug/hpl/sercom/hpl_sercom.o (__aeabi_ui2d)
c:/program files/microchip/xc32/v4.30/bin/bin/../../lib/gcc/pic32c/8.3.1/../../../../pic32c/lib/thumb/v7e-m+fp/hard\libm-fast-emfloat.a(__aeabi_dadd.o)
                              c:/program files/microchip/xc32/v4.30/bin/bin/../../lib/gcc/pic32c/8.3.1/../../../../pic32c/lib/thumb/v7e-m+fp/hard\libm-fast-emfloat.a(__aeabi_dsub.o) (__aeabi_dadd)
c:/program files/microchip/xc32/v4.30/bin/bin/../../lib/gcc/pic32c/8.3.1/../../../../pic32c/lib/thumb/v7e-m+fp/hard\libg-musl.a(__libc_start_main.o)
                              C:\Users\Max\AppData\Local\Temp\cce4uX3n.o (__libc_init_array)
c:/program files/microchip/xc32/v4.30/bin/bin/../../lib/gcc/pic32c/8.3.1/../../../../pic32c/lib/thumb/v7e-m+fp/hard\libg-musl.a(libc.o)
                              c:/program files/microchip/xc32/v4.30/bin/bin/../../lib/gcc/pic32c/8.3.1/../../../../pic32c/lib/thumb/v7e-m+fp/hard\libg-musl.a(__libc_start_main.o) (__progname_full)
c:/program files/microchip/xc32/v4.30/bin/bin/../../lib/gcc/pic32c/8.3.1/../../../../pic32c/lib/thumb/v7e-m+fp/hard\libg-musl.a(__sio_printf_cdnsu.o)
                              (_printf_cdnsu)
c:/program files/microchip/xc32/v4.30/bin/bin/../../lib/gcc/pic32c/8.3.1/../../../../pic32c/lib/thumb/v7e-m+fp/hard\libg-musl.a(__sio_sprintf_cdnsu.o)
                              (_sprintf_cdnsu)
c:/program files/microchip/xc32/v4.30/bin/bin/../../lib/gcc/pic32c/8.3.1/../../../../pic32c/lib/thumb/v7e-m+fp/hard\libg-musl.a(__fmt_d.o)
                              c:/program files/microchip/xc32/v4.30/bin/bin/../../lib/gcc/pic32c/8.3.1/../../../../pic32c/lib/thumb/v7e-m+fp/hard\libg-musl.a(__sio_printf_cdnsu.o) (__fmt_d_needed)
c:/program files/microchip/xc32/v4.30/bin/bin/../../lib/gcc/pic32c/8.3.1/../../../../pic32c/lib/thumb/v7e-m+fp/hard\libg-musl.a(__fmt_s.o)
                              c:/program files/microchip/xc32/v4.30/bin/bin/../../lib/gcc/pic32c/8.3.1/../../../../pic32c/lib/thumb/v7e-m+fp/hard\libg-musl.a(__sio_printf_cdnsu.o) (__fmt_s_needed)
c:/program files/microchip/xc32/v4.30/bin/bin/../../lib/gcc/pic32c/8.3.1/../../../../pic32c/lib/thumb/v7e-m+fp/hard\libg-musl.a(__fmt_u.o)
                              c:/program files/microchip/xc32/v4.30/bin/bin/../../lib/gcc/pic32c/8.3.1/../../../../pic32c/lib/thumb/v7e-m+fp/hard\libg-musl.a(__sio_printf_cdnsu.o) (__fmt_u_needed)
c:/program files/microchip/xc32/v4.30/bin/bin/../../lib/gcc/pic32c/8.3.1/../../../../pic32c/lib/thumb/v7e-m+fp/hard\libg-musl.a(__pop_int.o)
                              c:/program files/microchip/xc32/v4.30/bin/bin/../../lib/gcc/pic32c/8.3.1/../../../../pic32c/lib/thumb/v7e-m+fp/hard\libg-musl.a(__sio_printf_cdnsu.o) (__pop_int_needed)
c:/program files/microchip/xc32/v4.30/bin/bin/../../lib/gcc/pic32c/8.3.1/../../../../pic32c/lib/thumb/v7e-m+fp/hard\libg-musl.a(__pop_ptr.o)
                              c:/program files/microchip/xc32/v4.30/bin/bin/../../lib/gcc/pic32c/8.3.1/../../../../pic32c/lib/thumb/v7e-m+fp/hard\libg-musl.a(__sio_printf_cdnsu.o) (__pop_ptr_needed)
c:/program files/microchip/xc32/v4.30/bin/bin/../../lib/gcc/pic32c/8.3.1/../../../../pic32c/lib/thumb/v7e-m+fp/hard\libg-musl.a(__printf_core.o)
[...]
Memory Configuration

Name             Origin             Length             Attributes
rom              0x00000000         0x00100000         xrl
ram              0x20000000         0x00040000         xw !r
tcm              0x03000000         0x00000000         xw
bkupram          0x47000000         0x00002000
config_00804000  0x00804000         0x00000004
config_00804004  0x00804004         0x00000004
config_00804008  0x00804008         0x00000004
*default*        0x00000000         0xffffffff

Linker script and memory map

LOAD c:/program files/microchip/xc32/v4.30/bin/bin/../../lib/gcc/pic32c/8.3.1/thumb/v7e-m+fp/hard/crti.o
LOAD c:/program files/microchip/xc32/v4.30/bin/bin/../../lib/gcc/pic32c/8.3.1/thumb/v7e-m+fp/hard/crtbegin.o
LOAD build/Default/debug/examples/driver_examples.o
LOAD build/Default/debug/gcc/system_same54.o
LOAD build/Default/debug/hal/src/hal_atomic.o
LOAD build/Default/debug/hal/src/hal_cache.o
LOAD build/Default/debug/hal/src/hal_delay.o
LOAD build/Default/debug/hal/src/hal_gpio.o
LOAD build/Default/debug/hal/src/hal_init.o
LOAD build/Default/debug/hal/src/hal_io.o
LOAD build/Default/debug/hal/src/hal_sleep.o
LOAD build/Default/debug/hal/src/hal_usart_sync.o
LOAD build/Default/debug/hal/utils/src/utils_assert.o
LOAD build/Default/debug/hal/utils/src/utils_event.o
LOAD build/Default/debug/hal/utils/src/utils_list.o
LOAD build/Default/debug/hal/utils/src/utils_syscalls.o
LOAD build/Default/debug/hpl/cmcc/hpl_cmcc.o
LOAD build/Default/debug/hpl/core/hpl_core_m4.o
LOAD build/Default/debug/hpl/core/hpl_init.o
LOAD build/Default/debug/hpl/dmac/hpl_dmac.o
LOAD build/Default/debug/hpl/gclk/hpl_gclk.o
LOAD build/Default/debug/hpl/mclk/hpl_mclk.o
LOAD build/Default/debug/hpl/osc32kctrl/hpl_osc32kctrl.o
LOAD build/Default/debug/hpl/oscctrl/hpl_oscctrl.o
LOAD build/Default/debug/hpl/pm/hpl_pm.o
LOAD build/Default/debug/hpl/ramecc/hpl_ramecc.o
LOAD build/Default/debug/hpl/sercom/hpl_sercom.o
LOAD build/Default/debug/hpl/tcc/tcc_lite.o
LOAD build/Default/debug/thirdparty/RTOS/freertos/FreeRTOSV10.0.0/Source/portable/GCC/ARM_CM4F/port.o
LOAD build/Default/debug/thirdparty/RTOS/freertos/FreeRTOSV10.0.0/Source/portable/MemMang/heap_1.o
LOAD build/Default/debug/thirdparty/RTOS/freertos/FreeRTOSV10.0.0/Source/croutine.o
LOAD build/Default/debug/thirdparty/RTOS/freertos/FreeRTOSV10.0.0/Source/event_groups.o
LOAD build/Default/debug/thirdparty/RTOS/freertos/FreeRTOSV10.0.0/Source/list.o
LOAD build/Default/debug/thirdparty/RTOS/freertos/FreeRTOSV10.0.0/Source/queue.o
LOAD build/Default/debug/thirdparty/RTOS/freertos/FreeRTOSV10.0.0/Source/stream_buffer.o
LOAD build/Default/debug/thirdparty/RTOS/freertos/FreeRTOSV10.0.0/Source/tasks.o
LOAD build/Default/debug/thirdparty/RTOS/freertos/FreeRTOSV10.0.0/Source/timers.o
LOAD build/Default/debug/thirdparty/RTOS/freertos/FreeRTOSV10.0.0/rtos_port.o
LOAD build/Default/debug/main.o
LOAD build/Default/debug/driver_init.o
LOAD build/Default/debug/rtos_start.o
LOAD build/Default/debug/atmel_start.o
LOAD build/Default/debug/WiFi.o
LOAD build/Default/debug/interrupts.o
                0x00000001                __MPLAB_BUILD = 0x1
                0x00000001                __ICD2RAM = 0x1
                0x00000001                __MPLAB_DEBUG = 0x1
                0x00000001                __DEBUG = 0x1
LOAD C:\Users\Max\AppData\Local\Temp\cce4uX3n.o
START GROUP
LOAD c:/program files/microchip/xc32/v4.30/bin/bin/../../lib/gcc/pic32c/8.3.1/../../../../pic32c/lib/thumb/v7e-m+fp/hard\libpic32c.a
LOAD c:/program files/microchip/xc32/v4.30/bin/bin/../../lib/gcc/pic32c/8.3.1/../../../../pic32c/lib/thumb/v7e-m+fp/hard\libm-fast-emfloat.a
LOAD c:/program files/microchip/xc32/v4.30/bin/bin/../../lib/gcc/pic32c/8.3.1/../../../../pic32c/lib/thumb/v7e-m+fp/hard\libg-musl.a
LOAD c:/program files/microchip/xc32/v4.30/bin/bin/../../lib/gcc/pic32c/8.3.1/../../../../pic32c/lib/thumb/v7e-m+fp/hard\libc-musl.a
LOAD c:/program files/microchip/xc32/v4.30/bin/bin/../../lib/gcc/pic32c/8.3.1/../../../../pic32c/lib/thumb/v7e-m+fp/hard\libm-fast-emfloat.a
LOAD c:/program files/microchip/xc32/v4.30/bin/bin/../../lib/gcc/pic32c/8.3.1/thumb/v7e-m+fp/hard\libgcc.a
END GROUP
LOAD c:/program files/microchip/xc32/v4.30/bin/bin/../../lib/gcc/pic32c/8.3.1/thumb/v7e-m+fp/hard/crtend.o
LOAD c:/program files/microchip/xc32/v4.30/bin/bin/../../lib/gcc/pic32c/8.3.1/thumb/v7e-m+fp/hard/crtn.o
                0x00100000                __rom_end = (ORIGIN (rom) + LENGTH (rom))
                0x20040000                __ram_end = (ORIGIN (ram) + LENGTH (ram))

.config_00804000
 *(.config_00804000)

.config_00804004
 *(.config_00804004)

.config_00804008
 *(.config_00804008)

.vectors        0x00000000      0x264
                0x00000000                . = ALIGN (0x4)
                0x00000000                _sfixed = .
 *(.vectors .vectors.* .vectors_default .vectors_default.*)
 .vectors.default
                0x00000000      0x264 C:\Users\Max\AppData\Local\Temp\cce4uX3n.o
                0x00000000                exception_table
 *(.isr_vector)
 *(.reset*)
 *(.after_vectors)

.text           0x00000264       0x20
                0x00000264                . = ALIGN (0x4)
 *(.glue_7t)
 .glue_7t       0x00000264        0x0 linker stubs
 *(.glue_7)
 .glue_7        0x00000264        0x0 linker stubs
 *(.gnu.linkonce.r.*)
 *(.ARM.extab* .gnu.linkonce.armextab.*)
 .ARM.extab     0x00000264        0x0 c:/program files/microchip/xc32/v4.30/bin/bin/../../lib/gcc/pic32c/8.3.1/thumb/v7e-m+fp/hard\libgcc.a(_udivmoddi4.o)
                0x00000264                . = ALIGN (0x4)
 *(.init)
 .init          0x00000264        0x4 c:/program files/microchip/xc32/v4.30/bin/bin/../../lib/gcc/pic32c/8.3.1/thumb/v7e-m+fp/hard/crti.o
                0x00000264                _init
 .init          0x00000268        0x8 c:/program files/microchip/xc32/v4.30/bin/bin/../../lib/gcc/pic32c/8.3.1/thumb/v7e-m+fp/hard/crtn.o
                0x00000270                . = ALIGN (0x4)
                0x00000270                __preinit_array_start = .
 *(.preinit_array)
                0x00000270                __preinit_array_end = .
                0x00000270                . = ALIGN (0x4)
                0x00000270                __init_array_start = .
 *(SORT_BY_NAME(.init_array.*))
 *(.init_array)
 .init_array    0x00000270        0x4 c:/program files/microchip/xc32/v4.30/bin/bin/../../lib/gcc/pic32c/8.3.1/thumb/v7e-m+fp/hard/crtbegin.o
                0x00000274                __init_array_end = .
                0x00000274                . = ALIGN (0x4)
 *crtbegin.o(.ctors)
 *(EXCLUDE_FILE(*crtend.o) .ctors)
 *(SORT_BY_NAME(.ctors.*))
 *crtend.o(.ctors)
                0x00000274                . = ALIGN (0x4)
 *(.fini)
 .fini          0x00000274        0x4 c:/program files/microchip/xc32/v4.30/bin/bin/../../lib/gcc/pic32c/8.3.1/thumb/v7e-m+fp/hard/crti.o
                0x00000274                _fini
 .fini          0x00000278        0x8 c:/program files/microchip/xc32/v4.30/bin/bin/../../lib/gcc/pic32c/8.3.1/thumb/v7e-m+fp/hard/crtn.o
                0x00000280                . = ALIGN (0x4)
                0x00000280                __fini_array_start = .
 *(.fini_array)
 .fini_array    0x00000280        0x4 c:/program files/microchip/xc32/v4.30/bin/bin/../../lib/gcc/pic32c/8.3.1/thumb/v7e-m+fp/hard/crtbegin.o
 *(SORT_BY_NAME(.fini_array.*))
                0x00000284                __fini_array_end = .
 *crtbegin.o(.dtors)
 *(EXCLUDE_FILE(*crtend.o) .dtors)
 *(SORT_BY_NAME(.dtors.*))
 *crtend.o(.dtors)
                0x00000284                . = ALIGN (0x4)
                0x00000284                _efixed = .
                [!provide]                PROVIDE (__exidx_start = .)

.ARM.exidx      0x00000284        0x8
 *(.ARM.exidx* .gnu.linkonce.armexidx.*)
 .ARM.exidx     0x00000284        0x8 c:/program files/microchip/xc32/v4.30/bin/bin/../../lib/gcc/pic32c/8.3.1/thumb/v7e-m+fp/hard\libgcc.a(_udivmoddi4.o)
                [!provide]                PROVIDE (__exidx_end = .)
                0x0000028c                . = ALIGN (0x4)
                0x0000028c                _etext = .

.bss            0x20000000      0x264
                0x20000000                . = ALIGN (0x4)
                0x20000000                __bss_start__ = .
                0x20000000                _sbss = .
                0x20000000                _szero = .
 *(COMMON)
 COMMON         0x20000000      0x224 build/Default/debug/hpl/core/hpl_core_m4.o
                0x20000000                _irq_table
 COMMON         0x20000224       0x10 build/Default/debug/hpl/ramecc/hpl_ramecc.o
                0x20000224                device
 COMMON         0x20000234       0x30 build/Default/debug/driver_init.o
                0x20000234                USART_2
                0x20000240                EDBG_COM
                0x2000024c                USART_0
                0x20000258                USART_1
                0x20000264                . = ALIGN (0x4)
                0x20000264                __bss_end__ = .
                0x20000264                _ebss = .
                0x20000264                _ezero = .
                0x20000264                . = ALIGN (0x4)
                0x20000264                _end = .
                0x2003ffff                _ram_end_ = ((ORIGIN (ram) + LENGTH (ram)) - 0x1)

.bkupram_bss
 *(.bkupram_bss .bkupram_bss.*)
 *(.pbss .pbss.*)
OUTPUT(dist/Default/debug/plane_RTOS.X.debug.elf elf32-littlearm)
LOAD data_init
LOAD stack

.ARM.attributes
                0x00000000       0x32
 .ARM.attributes
                0x00000000       0x1e c:/program files/microchip/xc32/v4.30/bin/bin/../../lib/gcc/pic32c/8.3.1/thumb/v7e-m+fp/hard/crti.o
 .ARM.attributes
                0x0000001e       0x34 c:/program files/microchip/xc32/v4.30/bin/bin/../../lib/gcc/pic32c/8.3.1/thumb/v7e-m+fp/hard/crtbegin.o
 .ARM.attributes
                0x00000052       0x34 build/Default/debug/examples/driver_examples.o
 .ARM.attributes
                0x00000086       0x34 build/Default/debug/gcc/system_same54.o
 .ARM.attributes
                0x000000ba       0x34 build/Default/debug/hal/src/hal_atomic.o
 .ARM.attributes
                0x000000ee       0x34 build/Default/debug/hal/src/hal_cache.o
 .ARM.attributes
                0x00000122       0x34 build/Default/debug/hal/src/hal_delay.o
 .ARM.attributes
                0x00000156       0x34 build/Default/debug/hal/src/hal_gpio.o
 .ARM.attributes
                0x0000018a       0x34 build/Default/debug/hal/src/hal_init.o
 .ARM.attributes
                0x000001be       0x34 build/Default/debug/hal/src/hal_io.o
 .ARM.attributes
                0x000001f2       0x34 build/Default/debug/hal/src/hal_sleep.o
 .ARM.attributes
                0x00000226       0x34 build/Default/debug/hal/src/hal_usart_sync.o
 .ARM.attributes
                0x0000025a       0x34 build/Default/debug/hal/utils/src/utils_assert.o
 .ARM.attributes
                0x0000028e       0x34 build/Default/debug/hal/utils/src/utils_event.o
 .ARM.attributes
                0x000002c2       0x34 build/Default/debug/hal/utils/src/utils_list.o
 .ARM.attributes
                0x000002f6       0x34 build/Default/debug/hal/utils/src/utils_syscalls.o
 .ARM.attributes
                0x0000032a       0x34 build/Default/debug/hpl/cmcc/hpl_cmcc.o
 .ARM.attributes
                0x0000035e       0x34 build/Default/debug/hpl/core/hpl_core_m4.o
 .ARM.attributes
                0x00000392       0x34 build/Default/debug/hpl/core/hpl_init.o
 .ARM.attributes
                0x000003c6       0x39 build/Default/debug/hpl/dmac/hpl_dmac.o
 .ARM.attributes
                0x000003ff       0x34 build/Default/debug/hpl/gclk/hpl_gclk.o
 .ARM.attributes
                0x00000433       0x34 build/Default/debug/hpl/mclk/hpl_mclk.o
 .ARM.attributes
                0x00000467       0x34 build/Default/debug/hpl/osc32kctrl/hpl_osc32kctrl.o
 .ARM.attributes
                0x0000049b       0x34 build/Default/debug/hpl/oscctrl/hpl_oscctrl.o
 .ARM.attributes
                0x000004cf       0x34 build/Default/debug/hpl/pm/hpl_pm.o
 .ARM.attributes
                0x00000503       0x34 build/Default/debug/hpl/ramecc/hpl_ramecc.o
 .ARM.attributes
                0x00000537       0x34 build/Default/debug/hpl/sercom/hpl_sercom.o
 .ARM.attributes
                0x0000056b       0x34 build/Default/debug/hpl/tcc/tcc_lite.o
 .ARM.attributes
                0x0000059f       0x34 build/Default/debug/thirdparty/RTOS/freertos/FreeRTOSV10.0.0/Source/portable/GCC/ARM_CM4F/port.o
 .ARM.attributes
                0x000005d3       0x34 build/Default/debug/thirdparty/RTOS/freertos/FreeRTOSV10.0.0/Source/portable/MemMang/heap_1.o
 .ARM.attributes
                0x00000607       0x39 build/Default/debug/thirdparty/RTOS/freertos/FreeRTOSV10.0.0/Source/croutine.o
 .ARM.attributes
                0x00000640       0x34 build/Default/debug/thirdparty/RTOS/freertos/FreeRTOSV10.0.0/Source/event_groups.o
 .ARM.attributes
                0x00000674       0x34 build/Default/debug/thirdparty/RTOS/freertos/FreeRTOSV10.0.0/Source/list.o
 .ARM.attributes
                0x000006a8       0x34 build/Default/debug/thirdparty/RTOS/freertos/FreeRTOSV10.0.0/Source/queue.o
 .ARM.attributes
                0x000006dc       0x34 build/Default/debug/thirdparty/RTOS/freertos/FreeRTOSV10.0.0/Source/stream_buffer.o
 .ARM.attributes
                0x00000710       0x34 build/Default/debug/thirdparty/RTOS/freertos/FreeRTOSV10.0.0/Source/tasks.o
 .ARM.attributes
                0x00000744       0x34 build/Default/debug/thirdparty/RTOS/freertos/FreeRTOSV10.0.0/Source/timers.o
 .ARM.attributes
                0x00000778       0x34 build/Default/debug/thirdparty/RTOS/freertos/FreeRTOSV10.0.0/rtos_port.o
 .ARM.attributes
                0x000007ac       0x34 build/Default/debug/main.o
 .ARM.attributes
                0x000007e0       0x34 build/Default/debug/driver_init.o
 .ARM.attributes
                0x00000814       0x34 build/Default/debug/rtos_start.o
 .ARM.attributes
                0x00000848       0x34 build/Default/debug/atmel_start.o
 .ARM.attributes
                0x0000087c       0x34 build/Default/debug/WiFi.o
 .ARM.attributes
                0x000008b0       0x34 build/Default/debug/interrupts.o
 .ARM.attributes
                0x000008e4       0x34 C:\Users\Max\AppData\Local\Temp\cce4uX3n.o
 .ARM.attributes
                0x00000918       0x34 c:/program files/microchip/xc32/v4.30/bin/bin/../../lib/gcc/pic32c/8.3.1/../../../../pic32c/lib/thumb/v7e-m+fp/hard\libpic32c.a(data_init.o)
 .ARM.attributes
                0x0000094c       0x20 c:/program files/microchip/xc32/v4.30/bin/bin/../../lib/gcc/pic32c/8.3.1/../../../../pic32c/lib/thumb/v7e-m+fp/hard\libm-fast-emfloat.a(__aeabi_dsub.o)
 .ARM.attributes
                0x0000096c       0x20 c:/program files/microchip/xc32/v4.30/bin/bin/../../lib/gcc/pic32c/8.3.1/../../../../pic32c/lib/thumb/v7e-m+fp/hard\libm-fast-emfloat.a(__aeabi_dmul.o)
 .ARM.attributes
                0x0000098c       0x20 c:/program files/microchip/xc32/v4.30/bin/bin/../../lib/gcc/pic32c/8.3.1/../../../../pic32c/lib/thumb/v7e-m+fp/hard\libm-fast-emfloat.a(__aeabi_ddiv.o)
 .ARM.attributes
                0x000009ac       0x20 c:/program files/microchip/xc32/v4.30/bin/bin/../../lib/gcc/pic32c/8.3.1/../../../../pic32c/lib/thumb/v7e-m+fp/hard\libm-fast-emfloat.a(__aeabi_d2uiz.o)
 .ARM.attributes
                0x000009cc       0x20 c:/program files/microchip/xc32/v4.30/bin/bin/../../lib/gcc/pic32c/8.3.1/../../../../pic32c/lib/thumb/v7e-m+fp/hard\libm-fast-emfloat.a(__aeabi_i2d.o)
 .ARM.attributes
                0x000009ec       0x20 c:/program files/microchip/xc32/v4.30/bin/bin/../../lib/gcc/pic32c/8.3.1/../../../../pic32c/lib/thumb/v7e-m+fp/hard\libm-fast-emfloat.a(__aeabi_ui2d.o)
 .ARM.attributes
                0x00000a0c       0x20 c:/program files/microchip/xc32/v4.30/bin/bin/../../lib/gcc/pic32c/8.3.1/../../../../pic32c/lib/thumb/v7e-m+fp/hard\libm-fast-emfloat.a(__aeabi_dadd.o)
 .ARM.attributes
                0x00000a2c       0x36 c:/program files/microchip/xc32/v4.30/bin/bin/../../lib/gcc/pic32c/8.3.1/../../../../pic32c/lib/thumb/v7e-m+fp/hard\libg-musl.a(__libc_start_main.o)
 .ARM.attributes
                0x00000a62       0x34 c:/program files/microchip/xc32/v4.30/bin/bin/../../lib/gcc/pic32c/8.3.1/../../../../pic32c/lib/thumb/v7e-m+fp/hard\libg-musl.a(libc.o)
 .ARM.attributes
                0x00000a96       0x36 c:/program files/microchip/xc32/v4.30/bin/bin/../../lib/gcc/pic32c/8.3.1/../../../../pic32c/lib/thumb/v7e-m+fp/hard\libg-musl.a(__sio_printf_cdnsu.o)
 .ARM.attributes
                0x00000acc       0x36 c:/program files/microchip/xc32/v4.30/bin/bin/../../lib/gcc/pic32c/8.3.1/../../../../pic32c/lib/thumb/v7e-m+fp/hard\libg-musl.a(__sio_sprintf_cdnsu.o)
 .ARM.attributes
                0x00000b02       0x36 c:/program files/microchip/xc32/v4.30/bin/bin/../../lib/gcc/pic32c/8.3.1/../../../../pic32c/lib/thumb/v7e-m+fp/hard\libg-musl.a(__fmt_d.o)
 .ARM.attributes
                0x00000b38       0x36 c:/program files/microchip/xc32/v4.30/bin/bin/../../lib/gcc/pic32c/8.3.1/../../../../pic32c/lib/thumb/v7e-m+fp/hard\libg-musl.a(__fmt_s.o)
 .ARM.attributes
                0x00000b6e       0x36 c:/program files/microchip/xc32/v4.30/bin/bin/../../lib/gcc/pic32c/8.3.1/../../../../pic32c/lib/thumb/v7e-m+fp/hard\libg-musl.a(__fmt_u.o)
 .ARM.attributes
                0x00000ba4       0x36 c:/program files/microchip/xc32/v4.30/bin/bin/../../lib/gcc/pic32c/8.3.1/../../../../pic32c/lib/thumb/v7e-m+fp/hard\libg-musl.a(__pop_int.o)
 .ARM.attributes
                0x00000bda       0x36 c:/program files/microchip/xc32/v4.30/bin/bin/../../lib/gcc/pic32c/8.3.1/../../../../pic32c/lib/thumb/v7e-m+fp/hard\libg-musl.a(__pop_ptr.o)
 .ARM.attributes
                0x00000c10       0x36 c:/program files/microchip/xc32/v4.30/bin/bin/../../lib/gcc/pic32c/8.3.1/../../../../pic32c/lib/thumb/v7e-m+fp/hard\libg-musl.a(__printf_core.o)
 .ARM.attributes
                0x00000c46       0x36 c:/program files/microchip/xc32/v4.30/bin/bin/../../lib/gcc/pic32c/8.3.1/../../../../pic32c/lib/thumb/v7e-m+fp/hard\libg-musl.a(stdout.o)
 .ARM.attributes
                0x00000c7c       0x36 c:/program files/microchip/xc32/v4.30/bin/bin/../../lib/gcc/pic32c/8.3.1/../../../../pic32c/lib/thumb/v7e-m+fp/hard\libg-musl.a(atoi.o)
 .ARM.attributes
                0x00000cb2       0x36 c:/program files/microchip/xc32/v4.30/bin/bin/../../lib/gcc/pic32c/8.3.1/../../../../pic32c/lib/thumb/v7e-m+fp/hard\libg-musl.a(memcpy.o)
 .ARM.attributes
                0x00000ce8       0x36 c:/program files/microchip/xc32/v4.30/bin/bin/../../lib/gcc/pic32c/8.3.1/../../../../pic32c/lib/thumb/v7e-m+fp/hard\libg-musl.a(memset.o)
 .ARM.attributes
                0x00000d1e       0x36 c:/program files/microchip/xc32/v4.30/bin/bin/../../lib/gcc/pic32c/8.3.1/../../../../pic32c/lib/thumb/v7e-m+fp/hard\libg-musl.a(strlen.o)
 .ARM.attributes
                0x00000d54       0x36 c:/program files/microchip/xc32/v4.30/bin/bin/../../lib/gcc/pic32c/8.3.1/../../../../pic32c/lib/thumb/v7e-m+fp/hard\libg-musl.a(strstr.o)
 .ARM.attributes
                0x00000d8a       0x36 c:/program files/microchip/xc32/v4.30/bin/bin/../../lib/gcc/pic32c/8.3.1/../../../../pic32c/lib/thumb/v7e-m+fp/hard\libg-musl.a(strcpy.o)
 .ARM.attributes
                0x00000dc0       0x36 c:/program files/microchip/xc32/v4.30/bin/bin/../../lib/gcc/pic32c/8.3.1/../../../../pic32c/lib/thumb/v7e-m+fp/hard\libg-musl.a(tolower.o)
 .ARM.attributes
                0x00000df6       0x34 c:/program files/microchip/xc32/v4.30/bin/bin/../../lib/gcc/pic32c/8.3.1/../../../../pic32c/lib/thumb/v7e-m+fp/hard\libg-musl.a(__environ.o)
 .ARM.attributes
                0x00000e2a       0x34 c:/program files/microchip/xc32/v4.30/bin/bin/../../lib/gcc/pic32c/8.3.1/../../../../pic32c/lib/thumb/v7e-m+fp/hard\libg-musl.a(__errno_location.o)
 .ARM.attributes
                0x00000e5e       0x36 c:/program files/microchip/xc32/v4.30/bin/bin/../../lib/gcc/pic32c/8.3.1/../../../../pic32c/lib/thumb/v7e-m+fp/hard\libg-musl.a(__int_vfprintf.o)
 .ARM.attributes
                0x00000e94       0x36 c:/program files/microchip/xc32/v4.30/bin/bin/../../lib/gcc/pic32c/8.3.1/../../../../pic32c/lib/thumb/v7e-m+fp/hard\libg-musl.a(__int_vsprintf.o)
 .ARM.attributes
                0x00000eca       0x36 c:/program files/microchip/xc32/v4.30/bin/bin/../../lib/gcc/pic32c/8.3.1/../../../../pic32c/lib/thumb/v7e-m+fp/hard\libg-musl.a(__cvt_u.o)
 .ARM.attributes
                0x00000f00       0x36 c:/program files/microchip/xc32/v4.30/bin/bin/../../lib/gcc/pic32c/8.3.1/../../../../pic32c/lib/thumb/v7e-m+fp/hard\libg-musl.a(__io_init_needed.o)
 .ARM.attributes
                0x00000f36       0x36 c:/program files/microchip/xc32/v4.30/bin/bin/../../lib/gcc/pic32c/8.3.1/../../../../pic32c/lib/thumb/v7e-m+fp/hard\libg-musl.a(__pop_float.o)
 .ARM.attributes
                0x00000f6c       0x36 c:/program files/microchip/xc32/v4.30/bin/bin/../../lib/gcc/pic32c/8.3.1/../../../../pic32c/lib/thumb/v7e-m+fp/hard\libg-musl.a(stpcpy.o)
 .ARM.attributes
                0x00000fa2       0x36 c:/program files/microchip/xc32/v4.30/bin/bin/../../lib/gcc/pic32c/8.3.1/../../../../pic32c/lib/thumb/v7e-m+fp/hard\libg-musl.a(__int_vsnprintf.o)
 .ARM.attributes
                0x00000fd8       0x36 c:/program files/microchip/xc32/v4.30/bin/bin/../../lib/gcc/pic32c/8.3.1/../../../../pic32c/lib/thumb/v7e-m+fp/hard\libg-musl.a(__init_stdio.o)
 .ARM.attributes
                0x0000100e       0x36 c:/program files/microchip/xc32/v4.30/bin/bin/../../lib/gcc/pic32c/8.3.1/../../../../pic32c/lib/thumb/v7e-m+fp/hard\libg-musl.a(__io_file_needed.o)
 .ARM.attributes
                0x00001044       0x36 c:/program files/microchip/xc32/v4.30/bin/bin/../../lib/gcc/pic32c/8.3.1/../../../../pic32c/lib/thumb/v7e-m+fp/hard\libg-musl.a(__out.o)
 .ARM.attributes
                0x0000107a       0x1e c:/program files/microchip/xc32/v4.30/bin/bin/../../lib/gcc/pic32c/8.3.1/thumb/v7e-m+fp/hard\libgcc.a(_aeabi_uldivmod.o)
 .ARM.attributes
                0x00001098       0x34 c:/program files/microchip/xc32/v4.30/bin/bin/../../lib/gcc/pic32c/8.3.1/thumb/v7e-m+fp/hard\libgcc.a(_udivmoddi4.o)
 .ARM.attributes
                0x000010cc       0x1e c:/program files/microchip/xc32/v4.30/bin/bin/../../lib/gcc/pic32c/8.3.1/thumb/v7e-m+fp/hard\libgcc.a(_dvmd_tls.o)
 .ARM.attributes
                0x000010ea       0x34 c:/program files/microchip/xc32/v4.30/bin/bin/../../lib/gcc/pic32c/8.3.1/../../../../pic32c/lib/thumb/v7e-m+fp/hard\libpic32c.a(write.o)
 .ARM.attributes
                0x0000111e       0x34 c:/program files/microchip/xc32/v4.30/bin/bin/../../lib/gcc/pic32c/8.3.1/../../../../pic32c/lib/thumb/v7e-m+fp/hard\libpic32c.a(_mon_putc.o)
 .ARM.attributes
                0x00001152       0x32 c:/program files/microchip/xc32/v4.30/bin/bin/../../lib/gcc/pic32c/8.3.1/thumb/v7e-m+fp/hard/crtend.o
 .ARM.attributes
                0x00001184       0x1e c:/program files/microchip/xc32/v4.30/bin/bin/../../lib/gcc/pic32c/8.3.1/thumb/v7e-m+fp/hard/crtn.o
 .ARM.attributes
                0x000011a2       0x34 c:/program files/microchip/xc32/v4.30/bin/bin/../../lib/gcc/pic32c/8.3.1/../../../../pic32c/lib/thumb/v7e-m+fp/hard\libpic32c.a(pic32_data_init_clear.o)
 .ARM.attributes
                0x000011d6       0x34 c:/program files/microchip/xc32/v4.30/bin/bin/../../lib/gcc/pic32c/8.3.1/../../../../pic32c/lib/thumb/v7e-m+fp/hard\libpic32c.a(pic32_data_init_copy.o)

.comment        0x00000000       0x2b
 .comment       0x00000000       0x2b c:/program files/microchip/xc32/v4.30/bin/bin/../../lib/gcc/pic32c/8.3.1/thumb/v7e-m+fp/hard/crtbegin.o
                                 0x2c (size before relaxing)
 .comment       0x0000002b       0x2c build/Default/debug/examples/driver_examples.o
 .comment       0x0000002b       0x2c build/Default/debug/gcc/system_same54.o
 .comment       0x0000002b       0x2c build/Default/debug/hal/src/hal_atomic.o
 .comment       0x0000002b       0x2c build/Default/debug/hal/src/hal_cache.o
 .comment       0x0000002b       0x2c build/Default/debug/hal/src/hal_delay.o
 .comment       0x0000002b       0x2c build/Default/debug/hal/src/hal_gpio.o
 .comment       0x0000002b       0x2c build/Default/debug/hal/src/hal_init.o
 .comment       0x0000002b       0x2c build/Default/debug/hal/src/hal_io.o
 .comment       0x0000002b       0x2c build/Default/debug/hal/src/hal_sleep.o
 .comment       0x0000002b       0x2c build/Default/debug/hal/src/hal_usart_sync.o
 .comment       0x0000002b       0x2c build/Default/debug/hal/utils/src/utils_assert.o
 .comment       0x0000002b       0x2c build/Default/debug/hal/utils/src/utils_event.o
 .comment       0x0000002b       0x2c build/Default/debug/hal/utils/src/utils_list.o
 .comment       0x0000002b       0x2c build/Default/debug/hal/utils/src/utils_syscalls.o
 .comment       0x0000002b       0x2c build/Default/debug/hpl/cmcc/hpl_cmcc.o
 .comment       0x0000002b       0x2c build/Default/debug/hpl/core/hpl_core_m4.o
 .comment       0x0000002b       0x2c build/Default/debug/hpl/core/hpl_init.o
 .comment       0x0000002b       0x2c build/Default/debug/hpl/dmac/hpl_dmac.o
 .comment       0x0000002b       0x2c build/Default/debug/hpl/gclk/hpl_gclk.o
 .comment       0x0000002b       0x2c build/Default/debug/hpl/mclk/hpl_mclk.o
 .comment       0x0000002b       0x2c build/Default/debug/hpl/osc32kctrl/hpl_osc32kctrl.o
 .comment       0x0000002b       0x2c build/Default/debug/hpl/oscctrl/hpl_oscctrl.o
 .comment       0x0000002b       0x2c build/Default/debug/hpl/pm/hpl_pm.o
 .comment       0x0000002b       0x2c build/Default/debug/hpl/ramecc/hpl_ramecc.o
 .comment       0x0000002b       0x2c build/Default/debug/hpl/sercom/hpl_sercom.o
 .comment       0x0000002b       0x2c build/Default/debug/hpl/tcc/tcc_lite.o
 .comment       0x0000002b       0x2c build/Default/debug/thirdparty/RTOS/freertos/FreeRTOSV10.0.0/Source/portable/GCC/ARM_CM4F/port.o
 .comment       0x0000002b       0x2c build/Default/debug/thirdparty/RTOS/freertos/FreeRTOSV10.0.0/Source/portable/MemMang/heap_1.o
 .comment       0x0000002b       0x2c build/Default/debug/thirdparty/RTOS/freertos/FreeRTOSV10.0.0/Source/croutine.o
 .comment       0x0000002b       0x2c build/Default/debug/thirdparty/RTOS/freertos/FreeRTOSV10.0.0/Source/event_groups.o
 .comment       0x0000002b       0x2c build/Default/debug/thirdparty/RTOS/freertos/FreeRTOSV10.0.0/Source/list.o
 .comment       0x0000002b       0x2c build/Default/debug/thirdparty/RTOS/freertos/FreeRTOSV10.0.0/Source/queue.o
 .comment       0x0000002b       0x2c build/Default/debug/thirdparty/RTOS/freertos/FreeRTOSV10.0.0/Source/stream_buffer.o
 .comment       0x0000002b       0x2c build/Default/debug/thirdparty/RTOS/freertos/FreeRTOSV10.0.0/Source/tasks.o
 .comment       0x0000002b       0x2c build/Default/debug/thirdparty/RTOS/freertos/FreeRTOSV10.0.0/Source/timers.o
 .comment       0x0000002b       0x2c build/Default/debug/thirdparty/RTOS/freertos/FreeRTOSV10.0.0/rtos_port.o
 .comment       0x0000002b       0x2c build/Default/debug/main.o
 .comment       0x0000002b       0x2c build/Default/debug/driver_init.o
 .comment       0x0000002b       0x2c build/Default/debug/rtos_start.o
 .comment       0x0000002b       0x2c build/Default/debug/atmel_start.o
 .comment       0x0000002b       0x2c build/Default/debug/WiFi.o
 .comment       0x0000002b       0x2c build/Default/debug/interrupts.o
 .comment       0x0000002b       0x2c C:\Users\Max\AppData\Local\Temp\cce4uX3n.o
 .comment       0x0000002b       0x2c c:/program files/microchip/xc32/v4.30/bin/bin/../../lib/gcc/pic32c/8.3.1/../../../../pic32c/lib/thumb/v7e-m+fp/hard\libpic32c.a(data_init.o)
 .comment       0x0000002b       0x2c c:/program files/microchip/xc32/v4.30/bin/bin/../../lib/gcc/pic32c/8.3.1/../../../../pic32c/lib/thumb/v7e-m+fp/hard\libg-musl.a(__libc_start_main.o)
 .comment       0x0000002b       0x2c c:/program files/microchip/xc32/v4.30/bin/bin/../../lib/gcc/pic32c/8.3.1/../../../../pic32c/lib/thumb/v7e-m+fp/hard\libg-musl.a(libc.o)
 .comment       0x0000002b       0x2c c:/program files/microchip/xc32/v4.30/bin/bin/../../lib/gcc/pic32c/8.3.1/../../../../pic32c/lib/thumb/v7e-m+fp/hard\libg-musl.a(__sio_printf_cdnsu.o)
 .comment       0x0000002b       0x2c c:/program files/microchip/xc32/v4.30/bin/bin/../../lib/gcc/pic32c/8.3.1/../../../../pic32c/lib/thumb/v7e-m+fp/hard\libg-musl.a(__sio_sprintf_cdnsu.o)
 .comment       0x0000002b       0x2c c:/program files/microchip/xc32/v4.30/bin/bin/../../lib/gcc/pic32c/8.3.1/../../../../pic32c/lib/thumb/v7e-m+fp/hard\libg-musl.a(__fmt_d.o)
 .comment       0x0000002b       0x2c c:/program files/microchip/xc32/v4.30/bin/bin/../../lib/gcc/pic32c/8.3.1/../../../../pic32c/lib/thumb/v7e-m+fp/hard\libg-musl.a(__fmt_s.o)
 .comment       0x0000002b       0x2c c:/program files/microchip/xc32/v4.30/bin/bin/../../lib/gcc/pic32c/8.3.1/../../../../pic32c/lib/thumb/v7e-m+fp/hard\libg-musl.a(__fmt_u.o)
 .comment       0x0000002b       0x2c c:/program files/microchip/xc32/v4.30/bin/bin/../../lib/gcc/pic32c/8.3.1/../../../../pic32c/lib/thumb/v7e-m+fp/hard\libg-musl.a(__pop_int.o)
 .comment       0x0000002b       0x2c c:/program files/microchip/xc32/v4.30/bin/bin/../../lib/gcc/pic32c/8.3.1/../../../../pic32c/lib/thumb/v7e-m+fp/hard\libg-musl.a(__pop_ptr.o)
 .comment       0x0000002b       0x2c c:/program files/microchip/xc32/v4.30/bin/bin/../../lib/gcc/pic32c/8.3.1/../../../../pic32c/lib/thumb/v7e-m+fp/hard\libg-musl.a(__printf_core.o)
 .comment       0x0000002b       0x2c c:/program files/microchip/xc32/v4.30/bin/bin/../../lib/gcc/pic32c/8.3.1/../../../../pic32c/lib/thumb/v7e-m+fp/hard\libg-musl.a(stdout.o)
 .comment       0x0000002b       0x2c c:/program files/microchip/xc32/v4.30/bin/bin/../../lib/gcc/pic32c/8.3.1/../../../../pic32c/lib/thumb/v7e-m+fp/hard\libg-musl.a(atoi.o)
 .comment       0x0000002b       0x2c c:/program files/microchip/xc32/v4.30/bin/bin/../../lib/gcc/pic32c/8.3.1/../../../../pic32c/lib/thumb/v7e-m+fp/hard\libg-musl.a(memcpy.o)
 .comment       0x0000002b       0x2c c:/program files/microchip/xc32/v4.30/bin/bin/../../lib/gcc/pic32c/8.3.1/../../../../pic32c/lib/thumb/v7e-m+fp/hard\libg-musl.a(memset.o)
 .comment       0x0000002b       0x2c c:/program files/microchip/xc32/v4.30/bin/bin/../../lib/gcc/pic32c/8.3.1/../../../../pic32c/lib/thumb/v7e-m+fp/hard\libg-musl.a(strlen.o)
 .comment       0x0000002b       0x2c c:/program files/microchip/xc32/v4.30/bin/bin/../../lib/gcc/pic32c/8.3.1/../../../../pic32c/lib/thumb/v7e-m+fp/hard\libg-musl.a(strstr.o)
 .comment       0x0000002b       0x2c c:/program files/microchip/xc32/v4.30/bin/bin/../../lib/gcc/pic32c/8.3.1/../../../../pic32c/lib/thumb/v7e-m+fp/hard\libg-musl.a(strcpy.o)
 .comment       0x0000002b       0x2c c:/program files/microchip/xc32/v4.30/bin/bin/../../lib/gcc/pic32c/8.3.1/../../../../pic32c/lib/thumb/v7e-m+fp/hard\libg-musl.a(tolower.o)
 .comment       0x0000002b       0x2c c:/program files/microchip/xc32/v4.30/bin/bin/../../lib/gcc/pic32c/8.3.1/../../../../pic32c/lib/thumb/v7e-m+fp/hard\libg-musl.a(__environ.o)
 .comment       0x0000002b       0x2c c:/program files/microchip/xc32/v4.30/bin/bin/../../lib/gcc/pic32c/8.3.1/../../../../pic32c/lib/thumb/v7e-m+fp/hard\libg-musl.a(__errno_location.o)
 .comment       0x0000002b       0x2c c:/program files/microchip/xc32/v4.30/bin/bin/../../lib/gcc/pic32c/8.3.1/../../../../pic32c/lib/thumb/v7e-m+fp/hard\libg-musl.a(__int_vfprintf.o)
 .comment       0x0000002b       0x2c c:/program files/microchip/xc32/v4.30/bin/bin/../../lib/gcc/pic32c/8.3.1/../../../../pic32c/lib/thumb/v7e-m+fp/hard\libg-musl.a(__int_vsprintf.o)
 .comment       0x0000002b       0x2c c:/program files/microchip/xc32/v4.30/bin/bin/../../lib/gcc/pic32c/8.3.1/../../../../pic32c/lib/thumb/v7e-m+fp/hard\libg-musl.a(__cvt_u.o)
 .comment       0x0000002b       0x2c c:/program files/microchip/xc32/v4.30/bin/bin/../../lib/gcc/pic32c/8.3.1/../../../../pic32c/lib/thumb/v7e-m+fp/hard\libg-musl.a(__io_init_needed.o)
 .comment       0x0000002b       0x2c c:/program files/microchip/xc32/v4.30/bin/bin/../../lib/gcc/pic32c/8.3.1/../../../../pic32c/lib/thumb/v7e-m+fp/hard\libg-musl.a(__pop_float.o)
 .comment       0x0000002b       0x2c c:/program files/microchip/xc32/v4.30/bin/bin/../../lib/gcc/pic32c/8.3.1/../../../../pic32c/lib/thumb/v7e-m+fp/hard\libg-musl.a(stpcpy.o)
 .comment       0x0000002b       0x2c c:/program files/microchip/xc32/v4.30/bin/bin/../../lib/gcc/pic32c/8.3.1/../../../../pic32c/lib/thumb/v7e-m+fp/hard\libg-musl.a(__int_vsnprintf.o)
 .comment       0x0000002b       0x2c c:/program files/microchip/xc32/v4.30/bin/bin/../../lib/gcc/pic32c/8.3.1/../../../../pic32c/lib/thumb/v7e-m+fp/hard\libg-musl.a(__init_stdio.o)
 .comment       0x0000002b       0x2c c:/program files/microchip/xc32/v4.30/bin/bin/../../lib/gcc/pic32c/8.3.1/../../../../pic32c/lib/thumb/v7e-m+fp/hard\libg-musl.a(__io_file_needed.o)
 .comment       0x0000002b       0x2c c:/program files/microchip/xc32/v4.30/bin/bin/../../lib/gcc/pic32c/8.3.1/../../../../pic32c/lib/thumb/v7e-m+fp/hard\libg-musl.a(__out.o)
 .comment       0x0000002b       0x2c c:/program files/microchip/xc32/v4.30/bin/bin/../../lib/gcc/pic32c/8.3.1/thumb/v7e-m+fp/hard\libgcc.a(_udivmoddi4.o)
 .comment       0x0000002b       0x2c c:/program files/microchip/xc32/v4.30/bin/bin/../../lib/gcc/pic32c/8.3.1/../../../../pic32c/lib/thumb/v7e-m+fp/hard\libpic32c.a(write.o)
 .comment       0x0000002b       0x2c c:/program files/microchip/xc32/v4.30/bin/bin/../../lib/gcc/pic32c/8.3.1/../../../../pic32c/lib/thumb/v7e-m+fp/hard\libpic32c.a(_mon_putc.o)
 .comment       0x0000002b       0x2c c:/program files/microchip/xc32/v4.30/bin/bin/../../lib/gcc/pic32c/8.3.1/thumb/v7e-m+fp/hard/crtend.o
 .comment       0x0000002b       0x2c c:/program files/microchip/xc32/v4.30/bin/bin/../../lib/gcc/pic32c/8.3.1/../../../../pic32c/lib/thumb/v7e-m+fp/hard\libpic32c.a(pic32_data_init_clear.o)
 .comment       0x0000002b       0x2c c:/program files/microchip/xc32/v4.30/bin/bin/../../lib/gcc/pic32c/8.3.1/../../../../pic32c/lib/thumb/v7e-m+fp/hard\libpic32c.a(pic32_data_init_copy.o)

.debug_info     0x00000000    0x39e8a
 .debug_info    0x00000000      0x515 build/Default/debug/examples/driver_examples.o
 .debug_info    0x00000515      0x2fa build/Default/debug/gcc/system_same54.o
 .debug_info    0x0000080f      0x44f build/Default/debug/hal/src/hal_atomic.o
 .debug_info    0x00000c5e      0xc4d build/Default/debug/hal/src/hal_cache.o
 .debug_info    0x000018ab      0x383 build/Default/debug/hal/src/hal_delay.o
 .debug_info    0x00001c2e      0x2c1 build/Default/debug/hal/src/hal_gpio.o
 .debug_info    0x00001eef      0x2c1 build/Default/debug/hal/src/hal_init.o
 .debug_info    0x000021b0      0x461 build/Default/debug/hal/src/hal_io.o
 .debug_info    0x00002611      0x306 build/Default/debug/hal/src/hal_sleep.o
 .debug_info    0x00002917      0xd18 build/Default/debug/hal/src/hal_usart_sync.o
 .debug_info    0x0000362f      0x310 build/Default/debug/hal/utils/src/utils_assert.o
 .debug_info    0x0000393f      0x61e build/Default/debug/hal/utils/src/utils_event.o
 .debug_info    0x00003f5d      0x520 build/Default/debug/hal/utils/src/utils_list.o
 .debug_info    0x0000447d      0x715 build/Default/debug/hal/utils/src/utils_syscalls.o
 .debug_info    0x00004b92     0x14d5 build/Default/debug/hpl/cmcc/hpl_cmcc.o
 .debug_info    0x00006067     0x1465 build/Default/debug/hpl/core/hpl_core_m4.o
 .debug_info    0x000074cc      0xf88 build/Default/debug/hpl/core/hpl_init.o
 .debug_info    0x00008454      0x280 build/Default/debug/hpl/dmac/hpl_dmac.o
 .debug_info    0x000086d4      0x8b9 build/Default/debug/hpl/gclk/hpl_gclk.o
 .debug_info    0x00008f8d      0xe65 build/Default/debug/hpl/mclk/hpl_mclk.o
 .debug_info    0x00009df2      0xae3 build/Default/debug/hpl/osc32kctrl/hpl_osc32kctrl.o
 .debug_info    0x0000a8d5     0x1659 build/Default/debug/hpl/oscctrl/hpl_oscctrl.o
 .debug_info    0x0000bf2e      0x8a2 build/Default/debug/hpl/pm/hpl_pm.o
 .debug_info    0x0000c7d0     0x151a build/Default/debug/hpl/ramecc/hpl_ramecc.o
 .debug_info    0x0000dcea     0xae83 build/Default/debug/hpl/sercom/hpl_sercom.o
 .debug_info    0x00018b6d     0x28b7 build/Default/debug/hpl/tcc/tcc_lite.o
 .debug_info    0x0001b424      0x9ab build/Default/debug/thirdparty/RTOS/freertos/FreeRTOSV10.0.0/Source/portable/GCC/ARM_CM4F/port.o
 .debug_info    0x0001bdcf      0x488 build/Default/debug/thirdparty/RTOS/freertos/FreeRTOSV10.0.0/Source/portable/MemMang/heap_1.o
 .debug_info    0x0001c257      0x2af build/Default/debug/thirdparty/RTOS/freertos/FreeRTOSV10.0.0/Source/croutine.o
 .debug_info    0x0001c506      0xe3d build/Default/debug/thirdparty/RTOS/freertos/FreeRTOSV10.0.0/Source/event_groups.o
 .debug_info    0x0001d343      0x5e0 build/Default/debug/thirdparty/RTOS/freertos/FreeRTOSV10.0.0/Source/list.o
 .debug_info    0x0001d923     0x207c build/Default/debug/thirdparty/RTOS/freertos/FreeRTOSV10.0.0/Source/queue.o
 .debug_info    0x0001f99f     0x17b4 build/Default/debug/thirdparty/RTOS/freertos/FreeRTOSV10.0.0/Source/stream_buffer.o
 .debug_info    0x00021153     0x2935 build/Default/debug/thirdparty/RTOS/freertos/FreeRTOSV10.0.0/Source/tasks.o
 .debug_info    0x00023a88     0x12b3 build/Default/debug/thirdparty/RTOS/freertos/FreeRTOSV10.0.0/Source/timers.o
 .debug_info    0x00024d3b      0x67b build/Default/debug/thirdparty/RTOS/freertos/FreeRTOSV10.0.0/rtos_port.o
 .debug_info    0x000253b6      0x318 build/Default/debug/main.o
 .debug_info    0x000256ce     0x592c build/Default/debug/driver_init.o
 .debug_info    0x0002affa      0x316 build/Default/debug/rtos_start.o
 .debug_info    0x0002b310      0x2d6 build/Default/debug/atmel_start.o
 .debug_info    0x0002b5e6      0xa1c build/Default/debug/WiFi.o
 .debug_info    0x0002c002     0x2fa4 build/Default/debug/interrupts.o
 .debug_info    0x0002efa6     0x1bdb C:\Users\Max\AppData\Local\Temp\cce4uX3n.o
 .debug_info    0x00030b81      0x2bd c:/program files/microchip/xc32/v4.30/bin/bin/../../lib/gcc/pic32c/8.3.1/../../../../pic32c/lib/thumb/v7e-m+fp/hard\libpic32c.a(data_init.o)
 .debug_info    0x00030e3e      0x621 c:/program files/microchip/xc32/v4.30/bin/bin/../../lib/gcc/pic32c/8.3.1/../../../../pic32c/lib/thumb/v7e-m+fp/hard\libg-musl.a(__libc_start_main.o)
 .debug_info    0x0003145f      0x533 c:/program files/microchip/xc32/v4.30/bin/bin/../../lib/gcc/pic32c/8.3.1/../../../../pic32c/lib/thumb/v7e-m+fp/hard\libg-musl.a(libc.o)
 .debug_info    0x00031992      0x46c c:/program files/microchip/xc32/v4.30/bin/bin/../../lib/gcc/pic32c/8.3.1/../../../../pic32c/lib/thumb/v7e-m+fp/hard\libg-musl.a(__sio_printf_cdnsu.o)
 .debug_info    0x00031dfe      0x452 c:/program files/microchip/xc32/v4.30/bin/bin/../../lib/gcc/pic32c/8.3.1/../../../../pic32c/lib/thumb/v7e-m+fp/hard\libg-musl.a(__sio_sprintf_cdnsu.o)
 .debug_info    0x00032250      0x5c0 c:/program files/microchip/xc32/v4.30/bin/bin/../../lib/gcc/pic32c/8.3.1/../../../../pic32c/lib/thumb/v7e-m+fp/hard\libg-musl.a(__fmt_d.o)
 .debug_info    0x00032810      0x535 c:/program files/microchip/xc32/v4.30/bin/bin/../../lib/gcc/pic32c/8.3.1/../../../../pic32c/lib/thumb/v7e-m+fp/hard\libg-musl.a(__fmt_s.o)
 .debug_info    0x00032d45      0x591 c:/program files/microchip/xc32/v4.30/bin/bin/../../lib/gcc/pic32c/8.3.1/../../../../pic32c/lib/thumb/v7e-m+fp/hard\libg-musl.a(__fmt_u.o)
 .debug_info    0x000332d6      0x3ff c:/program files/microchip/xc32/v4.30/bin/bin/../../lib/gcc/pic32c/8.3.1/../../../../pic32c/lib/thumb/v7e-m+fp/hard\libg-musl.a(__pop_int.o)
 .debug_info    0x000336d5      0x405 c:/program files/microchip/xc32/v4.30/bin/bin/../../lib/gcc/pic32c/8.3.1/../../../../pic32c/lib/thumb/v7e-m+fp/hard\libg-musl.a(__pop_ptr.o)
 .debug_info    0x00033ada      0xd6c c:/program files/microchip/xc32/v4.30/bin/bin/../../lib/gcc/pic32c/8.3.1/../../../../pic32c/lib/thumb/v7e-m+fp/hard\libg-musl.a(__printf_core.o)
 .debug_info    0x00034846      0x481 c:/program files/microchip/xc32/v4.30/bin/bin/../../lib/gcc/pic32c/8.3.1/../../../../pic32c/lib/thumb/v7e-m+fp/hard\libg-musl.a(stdout.o)
 .debug_info    0x00034cc7      0x2f9 c:/program files/microchip/xc32/v4.30/bin/bin/../../lib/gcc/pic32c/8.3.1/../../../../pic32c/lib/thumb/v7e-m+fp/hard\libg-musl.a(atoi.o)
 .debug_info    0x00034fc0      0x2ef c:/program files/microchip/xc32/v4.30/bin/bin/../../lib/gcc/pic32c/8.3.1/../../../../pic32c/lib/thumb/v7e-m+fp/hard\libg-musl.a(memcpy.o)
 .debug_info    0x000352af      0x2b3 c:/program files/microchip/xc32/v4.30/bin/bin/../../lib/gcc/pic32c/8.3.1/../../../../pic32c/lib/thumb/v7e-m+fp/hard\libg-musl.a(memset.o)
 .debug_info    0x00035562      0x2a4 c:/program files/microchip/xc32/v4.30/bin/bin/../../lib/gcc/pic32c/8.3.1/../../../../pic32c/lib/thumb/v7e-m+fp/hard\libg-musl.a(strlen.o)
 .debug_info    0x00035806      0x2c5 c:/program files/microchip/xc32/v4.30/bin/bin/../../lib/gcc/pic32c/8.3.1/../../../../pic32c/lib/thumb/v7e-m+fp/hard\libg-musl.a(strstr.o)
 .debug_info    0x00035acb      0x2b2 c:/program files/microchip/xc32/v4.30/bin/bin/../../lib/gcc/pic32c/8.3.1/../../../../pic32c/lib/thumb/v7e-m+fp/hard\libg-musl.a(strcpy.o)
 .debug_info    0x00035d7d      0x351 c:/program files/microchip/xc32/v4.30/bin/bin/../../lib/gcc/pic32c/8.3.1/../../../../pic32c/lib/thumb/v7e-m+fp/hard\libg-musl.a(tolower.o)
 .debug_info    0x000360ce      0x2ad c:/program files/microchip/xc32/v4.30/bin/bin/../../lib/gcc/pic32c/8.3.1/../../../../pic32c/lib/thumb/v7e-m+fp/hard\libg-musl.a(__environ.o)
 .debug_info    0x0003637b      0x271 c:/program files/microchip/xc32/v4.30/bin/bin/../../lib/gcc/pic32c/8.3.1/../../../../pic32c/lib/thumb/v7e-m+fp/hard\libg-musl.a(__errno_location.o)
 .debug_info    0x000365ec      0x477 c:/program files/microchip/xc32/v4.30/bin/bin/../../lib/gcc/pic32c/8.3.1/../../../../pic32c/lib/thumb/v7e-m+fp/hard\libg-musl.a(__int_vfprintf.o)
 .debug_info    0x00036a63      0x3a2 c:/program files/microchip/xc32/v4.30/bin/bin/../../lib/gcc/pic32c/8.3.1/../../../../pic32c/lib/thumb/v7e-m+fp/hard\libg-musl.a(__int_vsprintf.o)
 .debug_info    0x00036e05      0x441 c:/program files/microchip/xc32/v4.30/bin/bin/../../lib/gcc/pic32c/8.3.1/../../../../pic32c/lib/thumb/v7e-m+fp/hard\libg-musl.a(__cvt_u.o)
 .debug_info    0x00037246      0x366 c:/program files/microchip/xc32/v4.30/bin/bin/../../lib/gcc/pic32c/8.3.1/../../../../pic32c/lib/thumb/v7e-m+fp/hard\libg-musl.a(__io_init_needed.o)
 .debug_info    0x000375ac      0x3db c:/program files/microchip/xc32/v4.30/bin/bin/../../lib/gcc/pic32c/8.3.1/../../../../pic32c/lib/thumb/v7e-m+fp/hard\libg-musl.a(__pop_float.o)
 .debug_info    0x00037987      0x2b6 c:/program files/microchip/xc32/v4.30/bin/bin/../../lib/gcc/pic32c/8.3.1/../../../../pic32c/lib/thumb/v7e-m+fp/hard\libg-musl.a(stpcpy.o)
 .debug_info    0x00037c3d      0x4a4 c:/program files/microchip/xc32/v4.30/bin/bin/../../lib/gcc/pic32c/8.3.1/../../../../pic32c/lib/thumb/v7e-m+fp/hard\libg-musl.a(__int_vsnprintf.o)
 .debug_info    0x000380e1      0x32a c:/program files/microchip/xc32/v4.30/bin/bin/../../lib/gcc/pic32c/8.3.1/../../../../pic32c/lib/thumb/v7e-m+fp/hard\libg-musl.a(__init_stdio.o)
 .debug_info    0x0003840b      0x323 c:/program files/microchip/xc32/v4.30/bin/bin/../../lib/gcc/pic32c/8.3.1/../../../../pic32c/lib/thumb/v7e-m+fp/hard\libg-musl.a(__io_file_needed.o)
 .debug_info    0x0003872e      0x536 c:/program files/microchip/xc32/v4.30/bin/bin/../../lib/gcc/pic32c/8.3.1/../../../../pic32c/lib/thumb/v7e-m+fp/hard\libg-musl.a(__out.o)
 .debug_info    0x00038c64       0x26 c:/program files/microchip/xc32/v4.30/bin/bin/../../lib/gcc/pic32c/8.3.1/thumb/v7e-m+fp/hard\libgcc.a(_aeabi_uldivmod.o)
 .debug_info    0x00038c8a      0x7aa c:/program files/microchip/xc32/v4.30/bin/bin/../../lib/gcc/pic32c/8.3.1/thumb/v7e-m+fp/hard\libgcc.a(_udivmoddi4.o)
 .debug_info    0x00039434       0x26 c:/program files/microchip/xc32/v4.30/bin/bin/../../lib/gcc/pic32c/8.3.1/thumb/v7e-m+fp/hard\libgcc.a(_dvmd_tls.o)
 .debug_info    0x0003945a      0x27f c:/program files/microchip/xc32/v4.30/bin/bin/../../lib/gcc/pic32c/8.3.1/../../../../pic32c/lib/thumb/v7e-m+fp/hard\libpic32c.a(write.o)
 .debug_info    0x000396d9      0x286 c:/program files/microchip/xc32/v4.30/bin/bin/../../lib/gcc/pic32c/8.3.1/../../../../pic32c/lib/thumb/v7e-m+fp/hard\libpic32c.a(_mon_putc.o)
 .debug_info    0x0003995f      0x296 c:/program files/microchip/xc32/v4.30/bin/bin/../../lib/gcc/pic32c/8.3.1/../../../../pic32c/lib/thumb/v7e-m+fp/hard\libpic32c.a(pic32_data_init_clear.o)
 .debug_info    0x00039bf5      0x295 c:/program files/microchip/xc32/v4.30/bin/bin/../../lib/gcc/pic32c/8.3.1/../../../../pic32c/lib/thumb/v7e-m+fp/hard\libpic32c.a(pic32_data_init_copy.o)

.debug_abbrev   0x00000000     0x5c58
 .debug_abbrev  0x00000000       0xe2 build/Default/debug/examples/driver_examples.o
 .debug_abbrev  0x000000e2       0x6a build/Default/debug/gcc/system_same54.o
 .debug_abbrev  0x0000014c      0x14e build/Default/debug/hal/src/hal_atomic.o
 .debug_abbrev  0x0000029a      0x201 build/Default/debug/hal/src/hal_cache.o
 .debug_abbrev  0x0000049b       0xb0 build/Default/debug/hal/src/hal_delay.o
 .debug_abbrev  0x0000054b       0x4a build/Default/debug/hal/src/hal_gpio.o
 .debug_abbrev  0x00000595       0x4a build/Default/debug/hal/src/hal_init.o
 .debug_abbrev  0x000005df       0xdd build/Default/debug/hal/src/hal_io.o
 .debug_abbrev  0x000006bc       0x8d build/Default/debug/hal/src/hal_sleep.o
 .debug_abbrev  0x00000749      0x220 build/Default/debug/hal/src/hal_usart_sync.o
 .debug_abbrev  0x00000969       0x5c build/Default/debug/hal/utils/src/utils_assert.o
 .debug_abbrev  0x000009c5      0x117 build/Default/debug/hal/utils/src/utils_event.o
 .debug_abbrev  0x00000adc       0xd3 build/Default/debug/hal/utils/src/utils_list.o
 .debug_abbrev  0x00000baf      0x134 build/Default/debug/hal/utils/src/utils_syscalls.o
 .debug_abbrev  0x00000ce3      0x27d build/Default/debug/hpl/cmcc/hpl_cmcc.o
 .debug_abbrev  0x00000f60      0x2b7 build/Default/debug/hpl/core/hpl_core_m4.o
 .debug_abbrev  0x00001217      0x177 build/Default/debug/hpl/core/hpl_init.o
 .debug_abbrev  0x0000138e       0x1b build/Default/debug/hpl/dmac/hpl_dmac.o
 .debug_abbrev  0x000013a9      0x159 build/Default/debug/hpl/gclk/hpl_gclk.o
 .debug_abbrev  0x00001502      0x191 build/Default/debug/hpl/mclk/hpl_mclk.o
 .debug_abbrev  0x00001693      0x1b0 build/Default/debug/hpl/osc32kctrl/hpl_osc32kctrl.o
 .debug_abbrev  0x00001843      0x1da build/Default/debug/hpl/oscctrl/hpl_oscctrl.o
 .debug_abbrev  0x00001a1d      0x15c build/Default/debug/hpl/pm/hpl_pm.o
 .debug_abbrev  0x00001b79      0x23f build/Default/debug/hpl/ramecc/hpl_ramecc.o
 .debug_abbrev  0x00001db8      0x407 build/Default/debug/hpl/sercom/hpl_sercom.o
 .debug_abbrev  0x000021bf      0x1f2 build/Default/debug/hpl/tcc/tcc_lite.o
 .debug_abbrev  0x000023b1      0x242 build/Default/debug/thirdparty/RTOS/freertos/FreeRTOSV10.0.0/Source/portable/GCC/ARM_CM4F/port.o
 .debug_abbrev  0x000025f3      0x134 build/Default/debug/thirdparty/RTOS/freertos/FreeRTOSV10.0.0/Source/portable/MemMang/heap_1.o
 .debug_abbrev  0x00002727       0x1b build/Default/debug/thirdparty/RTOS/freertos/FreeRTOSV10.0.0/Source/croutine.o
 .debug_abbrev  0x00002742      0x287 build/Default/debug/thirdparty/RTOS/freertos/FreeRTOSV10.0.0/Source/event_groups.o
 .debug_abbrev  0x000029c9      0x126 build/Default/debug/thirdparty/RTOS/freertos/FreeRTOSV10.0.0/Source/list.o
 .debug_abbrev  0x00002aef      0x26b build/Default/debug/thirdparty/RTOS/freertos/FreeRTOSV10.0.0/Source/queue.o
 .debug_abbrev  0x00002d5a      0x2cd build/Default/debug/thirdparty/RTOS/freertos/FreeRTOSV10.0.0/Source/stream_buffer.o
 .debug_abbrev  0x00003027      0x334 build/Default/debug/thirdparty/RTOS/freertos/FreeRTOSV10.0.0/Source/tasks.o
 .debug_abbrev  0x0000335b      0x274 build/Default/debug/thirdparty/RTOS/freertos/FreeRTOSV10.0.0/Source/timers.o
 .debug_abbrev  0x000035cf       0xd6 build/Default/debug/thirdparty/RTOS/freertos/FreeRTOSV10.0.0/rtos_port.o
 .debug_abbrev  0x000036a5       0x73 build/Default/debug/main.o
 .debug_abbrev  0x00003718      0x2e8 build/Default/debug/driver_init.o
 .debug_abbrev  0x00003a00       0x60 build/Default/debug/rtos_start.o
 .debug_abbrev  0x00003a60       0x5d build/Default/debug/atmel_start.o
 .debug_abbrev  0x00003abd      0x20d build/Default/debug/WiFi.o
 .debug_abbrev  0x00003cca      0x203 build/Default/debug/interrupts.o
 .debug_abbrev  0x00003ecd      0x1ea C:\Users\Max\AppData\Local\Temp\cce4uX3n.o
 .debug_abbrev  0x000040b7       0x44 c:/program files/microchip/xc32/v4.30/bin/bin/../../lib/gcc/pic32c/8.3.1/../../../../pic32c/lib/thumb/v7e-m+fp/hard\libpic32c.a(data_init.o)
 .debug_abbrev  0x000040fb      0x117 c:/program files/microchip/xc32/v4.30/bin/bin/../../lib/gcc/pic32c/8.3.1/../../../../pic32c/lib/thumb/v7e-m+fp/hard\libg-musl.a(__libc_start_main.o)
 .debug_abbrev  0x00004212       0xb8 c:/program files/microchip/xc32/v4.30/bin/bin/../../lib/gcc/pic32c/8.3.1/../../../../pic32c/lib/thumb/v7e-m+fp/hard\libg-musl.a(libc.o)
 .debug_abbrev  0x000042ca      0x145 c:/program files/microchip/xc32/v4.30/bin/bin/../../lib/gcc/pic32c/8.3.1/../../../../pic32c/lib/thumb/v7e-m+fp/hard\libg-musl.a(__sio_printf_cdnsu.o)
 .debug_abbrev  0x0000440f      0x12e c:/program files/microchip/xc32/v4.30/bin/bin/../../lib/gcc/pic32c/8.3.1/../../../../pic32c/lib/thumb/v7e-m+fp/hard\libg-musl.a(__sio_sprintf_cdnsu.o)
 .debug_abbrev  0x0000453d      0x120 c:/program files/microchip/xc32/v4.30/bin/bin/../../lib/gcc/pic32c/8.3.1/../../../../pic32c/lib/thumb/v7e-m+fp/hard\libg-musl.a(__fmt_d.o)
 .debug_abbrev  0x0000465d      0x10b c:/program files/microchip/xc32/v4.30/bin/bin/../../lib/gcc/pic32c/8.3.1/../../../../pic32c/lib/thumb/v7e-m+fp/hard\libg-musl.a(__fmt_s.o)
 .debug_abbrev  0x00004768      0x120 c:/program files/microchip/xc32/v4.30/bin/bin/../../lib/gcc/pic32c/8.3.1/../../../../pic32c/lib/thumb/v7e-m+fp/hard\libg-musl.a(__fmt_u.o)
 .debug_abbrev  0x00004888       0xbd c:/program files/microchip/xc32/v4.30/bin/bin/../../lib/gcc/pic32c/8.3.1/../../../../pic32c/lib/thumb/v7e-m+fp/hard\libg-musl.a(__pop_int.o)
 .debug_abbrev  0x00004945       0xce c:/program files/microchip/xc32/v4.30/bin/bin/../../lib/gcc/pic32c/8.3.1/../../../../pic32c/lib/thumb/v7e-m+fp/hard\libg-musl.a(__pop_ptr.o)
 .debug_abbrev  0x00004a13      0x2c5 c:/program files/microchip/xc32/v4.30/bin/bin/../../lib/gcc/pic32c/8.3.1/../../../../pic32c/lib/thumb/v7e-m+fp/hard\libg-musl.a(__printf_core.o)
 .debug_abbrev  0x00004cd8      0x135 c:/program files/microchip/xc32/v4.30/bin/bin/../../lib/gcc/pic32c/8.3.1/../../../../pic32c/lib/thumb/v7e-m+fp/hard\libg-musl.a(stdout.o)
 .debug_abbrev  0x00004e0d       0xbb c:/program files/microchip/xc32/v4.30/bin/bin/../../lib/gcc/pic32c/8.3.1/../../../../pic32c/lib/thumb/v7e-m+fp/hard\libg-musl.a(atoi.o)
 .debug_abbrev  0x00004ec8       0x9c c:/program files/microchip/xc32/v4.30/bin/bin/../../lib/gcc/pic32c/8.3.1/../../../../pic32c/lib/thumb/v7e-m+fp/hard\libg-musl.a(memcpy.o)
 .debug_abbrev  0x00004f64       0x97 c:/program files/microchip/xc32/v4.30/bin/bin/../../lib/gcc/pic32c/8.3.1/../../../../pic32c/lib/thumb/v7e-m+fp/hard\libg-musl.a(memset.o)
 .debug_abbrev  0x00004ffb       0x86 c:/program files/microchip/xc32/v4.30/bin/bin/../../lib/gcc/pic32c/8.3.1/../../../../pic32c/lib/thumb/v7e-m+fp/hard\libg-musl.a(strlen.o)
 .debug_abbrev  0x00005081       0x97 c:/program files/microchip/xc32/v4.30/bin/bin/../../lib/gcc/pic32c/8.3.1/../../../../pic32c/lib/thumb/v7e-m+fp/hard\libg-musl.a(strstr.o)
 .debug_abbrev  0x00005118       0x8e c:/program files/microchip/xc32/v4.30/bin/bin/../../lib/gcc/pic32c/8.3.1/../../../../pic32c/lib/thumb/v7e-m+fp/hard\libg-musl.a(strcpy.o)
 .debug_abbrev  0x000051a6       0xfd c:/program files/microchip/xc32/v4.30/bin/bin/../../lib/gcc/pic32c/8.3.1/../../../../pic32c/lib/thumb/v7e-m+fp/hard\libg-musl.a(tolower.o)
 .debug_abbrev  0x000052a3       0x57 c:/program files/microchip/xc32/v4.30/bin/bin/../../lib/gcc/pic32c/8.3.1/../../../../pic32c/lib/thumb/v7e-m+fp/hard\libg-musl.a(__environ.o)
 .debug_abbrev  0x000052fa       0x2e c:/program files/microchip/xc32/v4.30/bin/bin/../../lib/gcc/pic32c/8.3.1/../../../../pic32c/lib/thumb/v7e-m+fp/hard\libg-musl.a(__errno_location.o)
 .debug_abbrev  0x00005328      0x111 c:/program files/microchip/xc32/v4.30/bin/bin/../../lib/gcc/pic32c/8.3.1/../../../../pic32c/lib/thumb/v7e-m+fp/hard\libg-musl.a(__int_vfprintf.o)
 .debug_abbrev  0x00005439       0xc3 c:/program files/microchip/xc32/v4.30/bin/bin/../../lib/gcc/pic32c/8.3.1/../../../../pic32c/lib/thumb/v7e-m+fp/hard\libg-musl.a(__int_vsprintf.o)
 .debug_abbrev  0x000054fc       0xa1 c:/program files/microchip/xc32/v4.30/bin/bin/../../lib/gcc/pic32c/8.3.1/../../../../pic32c/lib/thumb/v7e-m+fp/hard\libg-musl.a(__cvt_u.o)
 .debug_abbrev  0x0000559d       0x79 c:/program files/microchip/xc32/v4.30/bin/bin/../../lib/gcc/pic32c/8.3.1/../../../../pic32c/lib/thumb/v7e-m+fp/hard\libg-musl.a(__io_init_needed.o)
 .debug_abbrev  0x00005616       0xbd c:/program files/microchip/xc32/v4.30/bin/bin/../../lib/gcc/pic32c/8.3.1/../../../../pic32c/lib/thumb/v7e-m+fp/hard\libg-musl.a(__pop_float.o)
 .debug_abbrev  0x000056d3       0x63 c:/program files/microchip/xc32/v4.30/bin/bin/../../lib/gcc/pic32c/8.3.1/../../../../pic32c/lib/thumb/v7e-m+fp/hard\libg-musl.a(stpcpy.o)
 .debug_abbrev  0x00005736      0x127 c:/program files/microchip/xc32/v4.30/bin/bin/../../lib/gcc/pic32c/8.3.1/../../../../pic32c/lib/thumb/v7e-m+fp/hard\libg-musl.a(__int_vsnprintf.o)
 .debug_abbrev  0x0000585d       0x5a c:/program files/microchip/xc32/v4.30/bin/bin/../../lib/gcc/pic32c/8.3.1/../../../../pic32c/lib/thumb/v7e-m+fp/hard\libg-musl.a(__init_stdio.o)
 .debug_abbrev  0x000058b7       0x5f c:/program files/microchip/xc32/v4.30/bin/bin/../../lib/gcc/pic32c/8.3.1/../../../../pic32c/lib/thumb/v7e-m+fp/hard\libg-musl.a(__io_file_needed.o)
 .debug_abbrev  0x00005916      0x170 c:/program files/microchip/xc32/v4.30/bin/bin/../../lib/gcc/pic32c/8.3.1/../../../../pic32c/lib/thumb/v7e-m+fp/hard\libg-musl.a(__out.o)
 .debug_abbrev  0x00005a86       0x14 c:/program files/microchip/xc32/v4.30/bin/bin/../../lib/gcc/pic32c/8.3.1/thumb/v7e-m+fp/hard\libgcc.a(_aeabi_uldivmod.o)
 .debug_abbrev  0x00005a9a       0xf2 c:/program files/microchip/xc32/v4.30/bin/bin/../../lib/gcc/pic32c/8.3.1/thumb/v7e-m+fp/hard\libgcc.a(_udivmoddi4.o)
 .debug_abbrev  0x00005b8c       0x14 c:/program files/microchip/xc32/v4.30/bin/bin/../../lib/gcc/pic32c/8.3.1/thumb/v7e-m+fp/hard\libgcc.a(_dvmd_tls.o)
 .debug_abbrev  0x00005ba0       0x2e c:/program files/microchip/xc32/v4.30/bin/bin/../../lib/gcc/pic32c/8.3.1/../../../../pic32c/lib/thumb/v7e-m+fp/hard\libpic32c.a(write.o)
 .debug_abbrev  0x00005bce       0x2e c:/program files/microchip/xc32/v4.30/bin/bin/../../lib/gcc/pic32c/8.3.1/../../../../pic32c/lib/thumb/v7e-m+fp/hard\libpic32c.a(_mon_putc.o)
 .debug_abbrev  0x00005bfc       0x2e c:/program files/microchip/xc32/v4.30/bin/bin/../../lib/gcc/pic32c/8.3.1/../../../../pic32c/lib/thumb/v7e-m+fp/hard\libpic32c.a(pic32_data_init_clear.o)
 .debug_abbrev  0x00005c2a       0x2e c:/program files/microchip/xc32/v4.30/bin/bin/../../lib/gcc/pic32c/8.3.1/../../../../pic32c/lib/thumb/v7e-m+fp/hard\libpic32c.a(pic32_data_init_copy.o)

.debug_loc      0x00000000    0x100a8
 .debug_loc     0x00000000      0x140 build/Default/debug/examples/driver_examples.o
 .debug_loc     0x00000140       0x88 build/Default/debug/gcc/system_same54.o
 .debug_loc     0x000001c8       0xfc build/Default/debug/hal/src/hal_atomic.o
 .debug_loc     0x000002c4      0x364 build/Default/debug/hal/src/hal_cache.o
 .debug_loc     0x00000628      0x134 build/Default/debug/hal/src/hal_delay.o
 .debug_loc     0x0000075c       0x44 build/Default/debug/hal/src/hal_gpio.o
 .debug_loc     0x000007a0       0x44 build/Default/debug/hal/src/hal_init.o
 .debug_loc     0x000007e4       0xe4 build/Default/debug/hal/src/hal_io.o
 .debug_loc     0x000008c8       0x94 build/Default/debug/hal/src/hal_sleep.o
 .debug_loc     0x0000095c      0x5a0 build/Default/debug/hal/src/hal_usart_sync.o
 .debug_loc     0x00000efc       0x5c build/Default/debug/hal/utils/src/utils_assert.o
 .debug_loc     0x00000f58      0x1a8 build/Default/debug/hal/utils/src/utils_event.o
 .debug_loc     0x00001100      0x228 build/Default/debug/hal/utils/src/utils_list.o
 .debug_loc     0x00001328      0x300 build/Default/debug/hal/utils/src/utils_syscalls.o
 .debug_loc     0x00001628      0xa40 build/Default/debug/hpl/cmcc/hpl_cmcc.o
 .debug_loc     0x00002068      0x640 build/Default/debug/hpl/core/hpl_core_m4.o
 .debug_loc     0x000026a8       0x88 build/Default/debug/hpl/core/hpl_init.o
 .debug_loc     0x00002730      0x128 build/Default/debug/hpl/gclk/hpl_gclk.o
 .debug_loc     0x00002858       0xac build/Default/debug/hpl/mclk/hpl_mclk.o
 .debug_loc     0x00002904      0x164 build/Default/debug/hpl/osc32kctrl/hpl_osc32kctrl.o
 .debug_loc     0x00002a68      0x164 build/Default/debug/hpl/oscctrl/hpl_oscctrl.o
 .debug_loc     0x00002bcc      0x108 build/Default/debug/hpl/pm/hpl_pm.o
 .debug_loc     0x00002cd4      0x3ac build/Default/debug/hpl/ramecc/hpl_ramecc.o
 .debug_loc     0x00003080     0x5ea6 build/Default/debug/hpl/sercom/hpl_sercom.o
 .debug_loc     0x00008f26      0x224 build/Default/debug/hpl/tcc/tcc_lite.o
 .debug_loc     0x0000914a      0x30c build/Default/debug/thirdparty/RTOS/freertos/FreeRTOSV10.0.0/Source/portable/GCC/ARM_CM4F/port.o
 .debug_loc     0x00009456      0x134 build/Default/debug/thirdparty/RTOS/freertos/FreeRTOSV10.0.0/Source/portable/MemMang/heap_1.o
 .debug_loc     0x0000958a      0x3f4 build/Default/debug/thirdparty/RTOS/freertos/FreeRTOSV10.0.0/Source/event_groups.o
 .debug_loc     0x0000997e      0x1cc build/Default/debug/thirdparty/RTOS/freertos/FreeRTOSV10.0.0/Source/list.o
 .debug_loc     0x00009b4a      0xc40 build/Default/debug/thirdparty/RTOS/freertos/FreeRTOSV10.0.0/Source/queue.o
 .debug_loc     0x0000a78a      0x78b build/Default/debug/thirdparty/RTOS/freertos/FreeRTOSV10.0.0/Source/stream_buffer.o
 .debug_loc     0x0000af15     0x111e build/Default/debug/thirdparty/RTOS/freertos/FreeRTOSV10.0.0/Source/tasks.o
 .debug_loc     0x0000c033      0x6f8 build/Default/debug/thirdparty/RTOS/freertos/FreeRTOSV10.0.0/Source/timers.o
 .debug_loc     0x0000c72b      0x184 build/Default/debug/thirdparty/RTOS/freertos/FreeRTOSV10.0.0/rtos_port.o
 .debug_loc     0x0000c8af       0x2c build/Default/debug/main.o
 .debug_loc     0x0000c8db      0x7e4 build/Default/debug/driver_init.o
 .debug_loc     0x0000d0bf       0x44 build/Default/debug/rtos_start.o
 .debug_loc     0x0000d103       0x2c build/Default/debug/atmel_start.o
 .debug_loc     0x0000d12f      0x372 build/Default/debug/WiFi.o
 .debug_loc     0x0000d4a1      0x288 build/Default/debug/interrupts.o
 .debug_loc     0x0000d729       0x14 c:/program files/microchip/xc32/v4.30/bin/bin/../../lib/gcc/pic32c/8.3.1/../../../../pic32c/lib/thumb/v7e-m+fp/hard\libpic32c.a(data_init.o)
 .debug_loc     0x0000d73d       0x51 c:/program files/microchip/xc32/v4.30/bin/bin/../../lib/gcc/pic32c/8.3.1/../../../../pic32c/lib/thumb/v7e-m+fp/hard\libg-musl.a(__libc_start_main.o)
 .debug_loc     0x0000d78e       0x91 c:/program files/microchip/xc32/v4.30/bin/bin/../../lib/gcc/pic32c/8.3.1/../../../../pic32c/lib/thumb/v7e-m+fp/hard\libg-musl.a(__sio_printf_cdnsu.o)
 .debug_loc     0x0000d81f       0xb6 c:/program files/microchip/xc32/v4.30/bin/bin/../../lib/gcc/pic32c/8.3.1/../../../../pic32c/lib/thumb/v7e-m+fp/hard\libg-musl.a(__sio_sprintf_cdnsu.o)
 .debug_loc     0x0000d8d5      0x1ef c:/program files/microchip/xc32/v4.30/bin/bin/../../lib/gcc/pic32c/8.3.1/../../../../pic32c/lib/thumb/v7e-m+fp/hard\libg-musl.a(__fmt_d.o)
 .debug_loc     0x0000dac4      0x157 c:/program files/microchip/xc32/v4.30/bin/bin/../../lib/gcc/pic32c/8.3.1/../../../../pic32c/lib/thumb/v7e-m+fp/hard\libg-musl.a(__fmt_s.o)
 .debug_loc     0x0000dc1b      0x10a c:/program files/microchip/xc32/v4.30/bin/bin/../../lib/gcc/pic32c/8.3.1/../../../../pic32c/lib/thumb/v7e-m+fp/hard\libg-musl.a(__fmt_u.o)
 .debug_loc     0x0000dd25      0x2f5 c:/program files/microchip/xc32/v4.30/bin/bin/../../lib/gcc/pic32c/8.3.1/../../../../pic32c/lib/thumb/v7e-m+fp/hard\libg-musl.a(__pop_int.o)
 .debug_loc     0x0000e01a      0x1db c:/program files/microchip/xc32/v4.30/bin/bin/../../lib/gcc/pic32c/8.3.1/../../../../pic32c/lib/thumb/v7e-m+fp/hard\libg-musl.a(__pop_ptr.o)
 .debug_loc     0x0000e1f5      0x5e9 c:/program files/microchip/xc32/v4.30/bin/bin/../../lib/gcc/pic32c/8.3.1/../../../../pic32c/lib/thumb/v7e-m+fp/hard\libg-musl.a(__printf_core.o)
 .debug_loc     0x0000e7de       0x20 c:/program files/microchip/xc32/v4.30/bin/bin/../../lib/gcc/pic32c/8.3.1/../../../../pic32c/lib/thumb/v7e-m+fp/hard\libg-musl.a(stdout.o)
 .debug_loc     0x0000e7fe       0xd8 c:/program files/microchip/xc32/v4.30/bin/bin/../../lib/gcc/pic32c/8.3.1/../../../../pic32c/lib/thumb/v7e-m+fp/hard\libg-musl.a(atoi.o)
 .debug_loc     0x0000e8d6       0xe5 c:/program files/microchip/xc32/v4.30/bin/bin/../../lib/gcc/pic32c/8.3.1/../../../../pic32c/lib/thumb/v7e-m+fp/hard\libg-musl.a(memcpy.o)
 .debug_loc     0x0000e9bb       0x56 c:/program files/microchip/xc32/v4.30/bin/bin/../../lib/gcc/pic32c/8.3.1/../../../../pic32c/lib/thumb/v7e-m+fp/hard\libg-musl.a(memset.o)
 .debug_loc     0x0000ea11       0x47 c:/program files/microchip/xc32/v4.30/bin/bin/../../lib/gcc/pic32c/8.3.1/../../../../pic32c/lib/thumb/v7e-m+fp/hard\libg-musl.a(strlen.o)
 .debug_loc     0x0000ea58       0xa7 c:/program files/microchip/xc32/v4.30/bin/bin/../../lib/gcc/pic32c/8.3.1/../../../../pic32c/lib/thumb/v7e-m+fp/hard\libg-musl.a(strstr.o)
 .debug_loc     0x0000eaff       0x67 c:/program files/microchip/xc32/v4.30/bin/bin/../../lib/gcc/pic32c/8.3.1/../../../../pic32c/lib/thumb/v7e-m+fp/hard\libg-musl.a(strcpy.o)
 .debug_loc     0x0000eb66       0x4a c:/program files/microchip/xc32/v4.30/bin/bin/../../lib/gcc/pic32c/8.3.1/../../../../pic32c/lib/thumb/v7e-m+fp/hard\libg-musl.a(tolower.o)
 .debug_loc     0x0000ebb0       0x88 c:/program files/microchip/xc32/v4.30/bin/bin/../../lib/gcc/pic32c/8.3.1/../../../../pic32c/lib/thumb/v7e-m+fp/hard\libg-musl.a(__int_vfprintf.o)
 .debug_loc     0x0000ec38       0x6c c:/program files/microchip/xc32/v4.30/bin/bin/../../lib/gcc/pic32c/8.3.1/../../../../pic32c/lib/thumb/v7e-m+fp/hard\libg-musl.a(__int_vsprintf.o)
 .debug_loc     0x0000eca4      0x198 c:/program files/microchip/xc32/v4.30/bin/bin/../../lib/gcc/pic32c/8.3.1/../../../../pic32c/lib/thumb/v7e-m+fp/hard\libg-musl.a(__cvt_u.o)
 .debug_loc     0x0000ee3c       0xa6 c:/program files/microchip/xc32/v4.30/bin/bin/../../lib/gcc/pic32c/8.3.1/../../../../pic32c/lib/thumb/v7e-m+fp/hard\libg-musl.a(__pop_float.o)
 .debug_loc     0x0000eee2       0x60 c:/program files/microchip/xc32/v4.30/bin/bin/../../lib/gcc/pic32c/8.3.1/../../../../pic32c/lib/thumb/v7e-m+fp/hard\libg-musl.a(stpcpy.o)
 .debug_loc     0x0000ef42       0xfd c:/program files/microchip/xc32/v4.30/bin/bin/../../lib/gcc/pic32c/8.3.1/../../../../pic32c/lib/thumb/v7e-m+fp/hard\libg-musl.a(__int_vsnprintf.o)
 .debug_loc     0x0000f03f       0x20 c:/program files/microchip/xc32/v4.30/bin/bin/../../lib/gcc/pic32c/8.3.1/../../../../pic32c/lib/thumb/v7e-m+fp/hard\libg-musl.a(__init_stdio.o)
 .debug_loc     0x0000f05f      0x1a8 c:/program files/microchip/xc32/v4.30/bin/bin/../../lib/gcc/pic32c/8.3.1/../../../../pic32c/lib/thumb/v7e-m+fp/hard\libg-musl.a(__out.o)
 .debug_loc     0x0000f207      0xe79 c:/program files/microchip/xc32/v4.30/bin/bin/../../lib/gcc/pic32c/8.3.1/thumb/v7e-m+fp/hard\libgcc.a(_udivmoddi4.o)
 .debug_loc     0x00010080       0x14 c:/program files/microchip/xc32/v4.30/bin/bin/../../lib/gcc/pic32c/8.3.1/../../../../pic32c/lib/thumb/v7e-m+fp/hard\libpic32c.a(write.o)
 .debug_loc     0x00010094       0x14 c:/program files/microchip/xc32/v4.30/bin/bin/../../lib/gcc/pic32c/8.3.1/../../../../pic32c/lib/thumb/v7e-m+fp/hard\libpic32c.a(pic32_data_init_copy.o)

.debug_aranges  0x00000000      0xa80
 .debug_aranges
                0x00000000       0x20 build/Default/debug/examples/driver_examples.o
 .debug_aranges
                0x00000020       0x20 build/Default/debug/gcc/system_same54.o
 .debug_aranges
                0x00000040       0x20 build/Default/debug/hal/src/hal_atomic.o
 .debug_aranges
                0x00000060       0x20 build/Default/debug/hal/src/hal_cache.o
 .debug_aranges
                0x00000080       0x20 build/Default/debug/hal/src/hal_delay.o
 .debug_aranges
                0x000000a0       0x20 build/Default/debug/hal/src/hal_gpio.o
 .debug_aranges
                0x000000c0       0x20 build/Default/debug/hal/src/hal_init.o
 .debug_aranges
                0x000000e0       0x20 build/Default/debug/hal/src/hal_io.o
 .debug_aranges
                0x00000100       0x20 build/Default/debug/hal/src/hal_sleep.o
 .debug_aranges
                0x00000120       0x20 build/Default/debug/hal/src/hal_usart_sync.o
 .debug_aranges
                0x00000140       0x20 build/Default/debug/hal/utils/src/utils_assert.o
 .debug_aranges
                0x00000160       0x20 build/Default/debug/hal/utils/src/utils_event.o
 .debug_aranges
                0x00000180       0x20 build/Default/debug/hal/utils/src/utils_list.o
 .debug_aranges
                0x000001a0       0x20 build/Default/debug/hal/utils/src/utils_syscalls.o
 .debug_aranges
                0x000001c0       0x20 build/Default/debug/hpl/cmcc/hpl_cmcc.o
 .debug_aranges
                0x000001e0       0x20 build/Default/debug/hpl/core/hpl_core_m4.o
 .debug_aranges
                0x00000200       0x20 build/Default/debug/hpl/core/hpl_init.o
 .debug_aranges
                0x00000220       0x18 build/Default/debug/hpl/dmac/hpl_dmac.o
 .debug_aranges
                0x00000238       0x20 build/Default/debug/hpl/gclk/hpl_gclk.o
 .debug_aranges
                0x00000258       0x20 build/Default/debug/hpl/mclk/hpl_mclk.o
 .debug_aranges
                0x00000278       0x20 build/Default/debug/hpl/osc32kctrl/hpl_osc32kctrl.o
 .debug_aranges
                0x00000298       0x20 build/Default/debug/hpl/oscctrl/hpl_oscctrl.o
 .debug_aranges
                0x000002b8       0x20 build/Default/debug/hpl/pm/hpl_pm.o
 .debug_aranges
                0x000002d8       0x20 build/Default/debug/hpl/ramecc/hpl_ramecc.o
 .debug_aranges
                0x000002f8       0x20 build/Default/debug/hpl/sercom/hpl_sercom.o
 .debug_aranges
                0x00000318       0x20 build/Default/debug/hpl/tcc/tcc_lite.o
 .debug_aranges
                0x00000338       0x20 build/Default/debug/thirdparty/RTOS/freertos/FreeRTOSV10.0.0/Source/portable/GCC/ARM_CM4F/port.o
 .debug_aranges
                0x00000358       0x20 build/Default/debug/thirdparty/RTOS/freertos/FreeRTOSV10.0.0/Source/portable/MemMang/heap_1.o
 .debug_aranges
                0x00000378       0x18 build/Default/debug/thirdparty/RTOS/freertos/FreeRTOSV10.0.0/Source/croutine.o
 .debug_aranges
                0x00000390       0x20 build/Default/debug/thirdparty/RTOS/freertos/FreeRTOSV10.0.0/Source/event_groups.o
 .debug_aranges
                0x000003b0       0x20 build/Default/debug/thirdparty/RTOS/freertos/FreeRTOSV10.0.0/Source/list.o
 .debug_aranges
                0x000003d0       0x20 build/Default/debug/thirdparty/RTOS/freertos/FreeRTOSV10.0.0/Source/queue.o
 .debug_aranges
                0x000003f0       0x20 build/Default/debug/thirdparty/RTOS/freertos/FreeRTOSV10.0.0/Source/stream_buffer.o
 .debug_aranges
                0x00000410       0x20 build/Default/debug/thirdparty/RTOS/freertos/FreeRTOSV10.0.0/Source/tasks.o
 .debug_aranges
                0x00000430       0x20 build/Default/debug/thirdparty/RTOS/freertos/FreeRTOSV10.0.0/Source/timers.o
 .debug_aranges
                0x00000450       0x20 build/Default/debug/thirdparty/RTOS/freertos/FreeRTOSV10.0.0/rtos_port.o
 .debug_aranges
                0x00000470       0x20 build/Default/debug/main.o
 .debug_aranges
                0x00000490       0x20 build/Default/debug/driver_init.o
 .debug_aranges
                0x000004b0       0x20 build/Default/debug/rtos_start.o
 .debug_aranges
                0x000004d0       0x20 build/Default/debug/atmel_start.o
 .debug_aranges
                0x000004f0       0x20 build/Default/debug/WiFi.o
 .debug_aranges
                0x00000510       0x20 build/Default/debug/interrupts.o
 .debug_aranges
                0x00000530       0x28 C:\Users\Max\AppData\Local\Temp\cce4uX3n.o
 .debug_aranges
                0x00000558       0x28 c:/program files/microchip/xc32/v4.30/bin/bin/../../lib/gcc/pic32c/8.3.1/../../../../pic32c/lib/thumb/v7e-m+fp/hard\libpic32c.a(data_init.o)
 .debug_aranges
                0x00000580       0x28 c:/program files/microchip/xc32/v4.30/bin/bin/../../lib/gcc/pic32c/8.3.1/../../../../pic32c/lib/thumb/v7e-m+fp/hard\libg-musl.a(__libc_start_main.o)
 .debug_aranges
                0x000005a8       0x18 c:/program files/microchip/xc32/v4.30/bin/bin/../../lib/gcc/pic32c/8.3.1/../../../../pic32c/lib/thumb/v7e-m+fp/hard\libg-musl.a(libc.o)
 .debug_aranges
                0x000005c0       0x28 c:/program files/microchip/xc32/v4.30/bin/bin/../../lib/gcc/pic32c/8.3.1/../../../../pic32c/lib/thumb/v7e-m+fp/hard\libg-musl.a(__sio_printf_cdnsu.o)
 .debug_aranges
                0x000005e8       0x28 c:/program files/microchip/xc32/v4.30/bin/bin/../../lib/gcc/pic32c/8.3.1/../../../../pic32c/lib/thumb/v7e-m+fp/hard\libg-musl.a(__sio_sprintf_cdnsu.o)
 .debug_aranges
                0x00000610       0x20 c:/program files/microchip/xc32/v4.30/bin/bin/../../lib/gcc/pic32c/8.3.1/../../../../pic32c/lib/thumb/v7e-m+fp/hard\libg-musl.a(__fmt_d.o)
 .debug_aranges
                0x00000630       0x20 c:/program files/microchip/xc32/v4.30/bin/bin/../../lib/gcc/pic32c/8.3.1/../../../../pic32c/lib/thumb/v7e-m+fp/hard\libg-musl.a(__fmt_s.o)
 .debug_aranges
                0x00000650       0x20 c:/program files/microchip/xc32/v4.30/bin/bin/../../lib/gcc/pic32c/8.3.1/../../../../pic32c/lib/thumb/v7e-m+fp/hard\libg-musl.a(__fmt_u.o)
 .debug_aranges
                0x00000670       0x20 c:/program files/microchip/xc32/v4.30/bin/bin/../../lib/gcc/pic32c/8.3.1/../../../../pic32c/lib/thumb/v7e-m+fp/hard\libg-musl.a(__pop_int.o)
 .debug_aranges
                0x00000690       0x20 c:/program files/microchip/xc32/v4.30/bin/bin/../../lib/gcc/pic32c/8.3.1/../../../../pic32c/lib/thumb/v7e-m+fp/hard\libg-musl.a(__pop_ptr.o)
 .debug_aranges
                0x000006b0       0x50 c:/program files/microchip/xc32/v4.30/bin/bin/../../lib/gcc/pic32c/8.3.1/../../../../pic32c/lib/thumb/v7e-m+fp/hard\libg-musl.a(__printf_core.o)
 .debug_aranges
                0x00000700       0x30 c:/program files/microchip/xc32/v4.30/bin/bin/../../lib/gcc/pic32c/8.3.1/../../../../pic32c/lib/thumb/v7e-m+fp/hard\libg-musl.a(stdout.o)
 .debug_aranges
                0x00000730       0x20 c:/program files/microchip/xc32/v4.30/bin/bin/../../lib/gcc/pic32c/8.3.1/../../../../pic32c/lib/thumb/v7e-m+fp/hard\libg-musl.a(atoi.o)
 .debug_aranges
                0x00000750       0x20 c:/program files/microchip/xc32/v4.30/bin/bin/../../lib/gcc/pic32c/8.3.1/../../../../pic32c/lib/thumb/v7e-m+fp/hard\libg-musl.a(memcpy.o)
 .debug_aranges
                0x00000770       0x20 c:/program files/microchip/xc32/v4.30/bin/bin/../../lib/gcc/pic32c/8.3.1/../../../../pic32c/lib/thumb/v7e-m+fp/hard\libg-musl.a(memset.o)
 .debug_aranges
                0x00000790       0x20 c:/program files/microchip/xc32/v4.30/bin/bin/../../lib/gcc/pic32c/8.3.1/../../../../pic32c/lib/thumb/v7e-m+fp/hard\libg-musl.a(strlen.o)
 .debug_aranges
                0x000007b0       0x20 c:/program files/microchip/xc32/v4.30/bin/bin/../../lib/gcc/pic32c/8.3.1/../../../../pic32c/lib/thumb/v7e-m+fp/hard\libg-musl.a(strstr.o)
 .debug_aranges
                0x000007d0       0x20 c:/program files/microchip/xc32/v4.30/bin/bin/../../lib/gcc/pic32c/8.3.1/../../../../pic32c/lib/thumb/v7e-m+fp/hard\libg-musl.a(strcpy.o)
 .debug_aranges
                0x000007f0       0x28 c:/program files/microchip/xc32/v4.30/bin/bin/../../lib/gcc/pic32c/8.3.1/../../../../pic32c/lib/thumb/v7e-m+fp/hard\libg-musl.a(tolower.o)
 .debug_aranges
                0x00000818       0x18 c:/program files/microchip/xc32/v4.30/bin/bin/../../lib/gcc/pic32c/8.3.1/../../../../pic32c/lib/thumb/v7e-m+fp/hard\libg-musl.a(__environ.o)
 .debug_aranges
                0x00000830       0x18 c:/program files/microchip/xc32/v4.30/bin/bin/../../lib/gcc/pic32c/8.3.1/../../../../pic32c/lib/thumb/v7e-m+fp/hard\libg-musl.a(__errno_location.o)
 .debug_aranges
                0x00000848       0x20 c:/program files/microchip/xc32/v4.30/bin/bin/../../lib/gcc/pic32c/8.3.1/../../../../pic32c/lib/thumb/v7e-m+fp/hard\libg-musl.a(__int_vfprintf.o)
 .debug_aranges
                0x00000868       0x20 c:/program files/microchip/xc32/v4.30/bin/bin/../../lib/gcc/pic32c/8.3.1/../../../../pic32c/lib/thumb/v7e-m+fp/hard\libg-musl.a(__int_vsprintf.o)
 .debug_aranges
                0x00000888       0x20 c:/program files/microchip/xc32/v4.30/bin/bin/../../lib/gcc/pic32c/8.3.1/../../../../pic32c/lib/thumb/v7e-m+fp/hard\libg-musl.a(__cvt_u.o)
 .debug_aranges
                0x000008a8       0x28 c:/program files/microchip/xc32/v4.30/bin/bin/../../lib/gcc/pic32c/8.3.1/../../../../pic32c/lib/thumb/v7e-m+fp/hard\libg-musl.a(__io_init_needed.o)
 .debug_aranges
                0x000008d0       0x20 c:/program files/microchip/xc32/v4.30/bin/bin/../../lib/gcc/pic32c/8.3.1/../../../../pic32c/lib/thumb/v7e-m+fp/hard\libg-musl.a(__pop_float.o)
 .debug_aranges
                0x000008f0       0x20 c:/program files/microchip/xc32/v4.30/bin/bin/../../lib/gcc/pic32c/8.3.1/../../../../pic32c/lib/thumb/v7e-m+fp/hard\libg-musl.a(stpcpy.o)
 .debug_aranges
                0x00000910       0x20 c:/program files/microchip/xc32/v4.30/bin/bin/../../lib/gcc/pic32c/8.3.1/../../../../pic32c/lib/thumb/v7e-m+fp/hard\libg-musl.a(__int_vsnprintf.o)
 .debug_aranges
                0x00000930       0x28 c:/program files/microchip/xc32/v4.30/bin/bin/../../lib/gcc/pic32c/8.3.1/../../../../pic32c/lib/thumb/v7e-m+fp/hard\libg-musl.a(__init_stdio.o)
 .debug_aranges
                0x00000958       0x20 c:/program files/microchip/xc32/v4.30/bin/bin/../../lib/gcc/pic32c/8.3.1/../../../../pic32c/lib/thumb/v7e-m+fp/hard\libg-musl.a(__io_file_needed.o)
 .debug_aranges
                0x00000978       0x28 c:/program files/microchip/xc32/v4.30/bin/bin/../../lib/gcc/pic32c/8.3.1/../../../../pic32c/lib/thumb/v7e-m+fp/hard\libg-musl.a(__out.o)
 .debug_aranges
                0x000009a0       0x20 c:/program files/microchip/xc32/v4.30/bin/bin/../../lib/gcc/pic32c/8.3.1/thumb/v7e-m+fp/hard\libgcc.a(_aeabi_uldivmod.o)
 .debug_aranges
                0x000009c0       0x20 c:/program files/microchip/xc32/v4.30/bin/bin/../../lib/gcc/pic32c/8.3.1/thumb/v7e-m+fp/hard\libgcc.a(_udivmoddi4.o)
 .debug_aranges
                0x000009e0       0x20 c:/program files/microchip/xc32/v4.30/bin/bin/../../lib/gcc/pic32c/8.3.1/thumb/v7e-m+fp/hard\libgcc.a(_dvmd_tls.o)
 .debug_aranges
                0x00000a00       0x20 c:/program files/microchip/xc32/v4.30/bin/bin/../../lib/gcc/pic32c/8.3.1/../../../../pic32c/lib/thumb/v7e-m+fp/hard\libpic32c.a(write.o)
 .debug_aranges
                0x00000a20       0x20 c:/program files/microchip/xc32/v4.30/bin/bin/../../lib/gcc/pic32c/8.3.1/../../../../pic32c/lib/thumb/v7e-m+fp/hard\libpic32c.a(_mon_putc.o)
 .debug_aranges
                0x00000a40       0x20 c:/program files/microchip/xc32/v4.30/bin/bin/../../lib/gcc/pic32c/8.3.1/../../../../pic32c/lib/thumb/v7e-m+fp/hard\libpic32c.a(pic32_data_init_clear.o)
 .debug_aranges
                0x00000a60       0x20 c:/program files/microchip/xc32/v4.30/bin/bin/../../lib/gcc/pic32c/8.3.1/../../../../pic32c/lib/thumb/v7e-m+fp/hard\libpic32c.a(pic32_data_init_copy.o)

.debug_line     0x00000000     0xad7d
 .debug_line    0x00000000      0x111 build/Default/debug/examples/driver_examples.o
 .debug_line    0x00000111       0xc2 build/Default/debug/gcc/system_same54.o
 .debug_line    0x000001d3      0x120 build/Default/debug/hal/src/hal_atomic.o
 .debug_line    0x000002f3      0x17f build/Default/debug/hal/src/hal_cache.o
 .debug_line    0x00000472       0xad build/Default/debug/hal/src/hal_delay.o
 .debug_line    0x0000051f       0x97 build/Default/debug/hal/src/hal_gpio.o
 .debug_line    0x000005b6       0x97 build/Default/debug/hal/src/hal_init.o
 .debug_line    0x0000064d       0xc1 build/Default/debug/hal/src/hal_io.o
 .debug_line    0x0000070e       0xab build/Default/debug/hal/src/hal_sleep.o
 .debug_line    0x000007b9      0x20a build/Default/debug/hal/src/hal_usart_sync.o
 .debug_line    0x000009c3       0x5a build/Default/debug/hal/utils/src/utils_assert.o
 .debug_line    0x00000a1d      0x1ad build/Default/debug/hal/utils/src/utils_event.o
 .debug_line    0x00000bca      0x114 build/Default/debug/hal/utils/src/utils_list.o
 .debug_line    0x00000cde      0x140 build/Default/debug/hal/utils/src/utils_syscalls.o
 .debug_line    0x00000e1e      0x339 build/Default/debug/hpl/cmcc/hpl_cmcc.o
 .debug_line    0x00001157      0x301 build/Default/debug/hpl/core/hpl_core_m4.o
 .debug_line    0x00001458      0x102 build/Default/debug/hpl/core/hpl_init.o
 .debug_line    0x0000155a       0x1d build/Default/debug/hpl/dmac/hpl_dmac.o
 .debug_line    0x00001577      0x11a build/Default/debug/hpl/gclk/hpl_gclk.o
 .debug_line    0x00001691       0xf2 build/Default/debug/hpl/mclk/hpl_mclk.o
 .debug_line    0x00001783      0x135 build/Default/debug/hpl/osc32kctrl/hpl_osc32kctrl.o
 .debug_line    0x000018b8      0x12a build/Default/debug/hpl/oscctrl/hpl_oscctrl.o
 .debug_line    0x000019e2      0x10c build/Default/debug/hpl/pm/hpl_pm.o
 .debug_line    0x00001aee      0x252 build/Default/debug/hpl/ramecc/hpl_ramecc.o
 .debug_line    0x00001d40     0x1766 build/Default/debug/hpl/sercom/hpl_sercom.o
 .debug_line    0x000034a6      0x159 build/Default/debug/hpl/tcc/tcc_lite.o
 .debug_line    0x000035ff      0x30d build/Default/debug/thirdparty/RTOS/freertos/FreeRTOSV10.0.0/Source/portable/GCC/ARM_CM4F/port.o
 .debug_line    0x0000390c      0x183 build/Default/debug/thirdparty/RTOS/freertos/FreeRTOSV10.0.0/Source/portable/MemMang/heap_1.o
 .debug_line    0x00003a8f       0x1d build/Default/debug/thirdparty/RTOS/freertos/FreeRTOSV10.0.0/Source/croutine.o
 .debug_line    0x00003aac      0x449 build/Default/debug/thirdparty/RTOS/freertos/FreeRTOSV10.0.0/Source/event_groups.o
 .debug_line    0x00003ef5      0x1fb build/Default/debug/thirdparty/RTOS/freertos/FreeRTOSV10.0.0/Source/list.o
 .debug_line    0x000040f0      0xb94 build/Default/debug/thirdparty/RTOS/freertos/FreeRTOSV10.0.0/Source/queue.o
 .debug_line    0x00004c84      0x6f2 build/Default/debug/thirdparty/RTOS/freertos/FreeRTOSV10.0.0/Source/stream_buffer.o
 .debug_line    0x00005376      0xe14 build/Default/debug/thirdparty/RTOS/freertos/FreeRTOSV10.0.0/Source/tasks.o
 .debug_line    0x0000618a      0x4dc build/Default/debug/thirdparty/RTOS/freertos/FreeRTOSV10.0.0/Source/timers.o
 .debug_line    0x00006666      0x203 build/Default/debug/thirdparty/RTOS/freertos/FreeRTOSV10.0.0/rtos_port.o
 .debug_line    0x00006869       0xe9 build/Default/debug/main.o
 .debug_line    0x00006952      0x3fd build/Default/debug/driver_init.o
 .debug_line    0x00006d4f      0x146 build/Default/debug/rtos_start.o
 .debug_line    0x00006e95       0x74 build/Default/debug/atmel_start.o
 .debug_line    0x00006f09      0x315 build/Default/debug/WiFi.o
 .debug_line    0x0000721e      0x234 build/Default/debug/interrupts.o
 .debug_line    0x00007452      0x249 C:\Users\Max\AppData\Local\Temp\cce4uX3n.o
 .debug_line    0x0000769b       0xe9 c:/program files/microchip/xc32/v4.30/bin/bin/../../lib/gcc/pic32c/8.3.1/../../../../pic32c/lib/thumb/v7e-m+fp/hard\libpic32c.a(data_init.o)
 .debug_line    0x00007784      0x1d5 c:/program files/microchip/xc32/v4.30/bin/bin/../../lib/gcc/pic32c/8.3.1/../../../../pic32c/lib/thumb/v7e-m+fp/hard\libg-musl.a(__libc_start_main.o)
 .debug_line    0x00007959       0xbc c:/program files/microchip/xc32/v4.30/bin/bin/../../lib/gcc/pic32c/8.3.1/../../../../pic32c/lib/thumb/v7e-m+fp/hard\libg-musl.a(libc.o)
 .debug_line    0x00007a15      0x1c5 c:/program files/microchip/xc32/v4.30/bin/bin/../../lib/gcc/pic32c/8.3.1/../../../../pic32c/lib/thumb/v7e-m+fp/hard\libg-musl.a(__sio_printf_cdnsu.o)
 .debug_line    0x00007bda      0x1ae c:/program files/microchip/xc32/v4.30/bin/bin/../../lib/gcc/pic32c/8.3.1/../../../../pic32c/lib/thumb/v7e-m+fp/hard\libg-musl.a(__sio_sprintf_cdnsu.o)
 .debug_line    0x00007d88      0x20d c:/program files/microchip/xc32/v4.30/bin/bin/../../lib/gcc/pic32c/8.3.1/../../../../pic32c/lib/thumb/v7e-m+fp/hard\libg-musl.a(__fmt_d.o)
 .debug_line    0x00007f95      0x200 c:/program files/microchip/xc32/v4.30/bin/bin/../../lib/gcc/pic32c/8.3.1/../../../../pic32c/lib/thumb/v7e-m+fp/hard\libg-musl.a(__fmt_s.o)
 .debug_line    0x00008195      0x196 c:/program files/microchip/xc32/v4.30/bin/bin/../../lib/gcc/pic32c/8.3.1/../../../../pic32c/lib/thumb/v7e-m+fp/hard\libg-musl.a(__fmt_u.o)
 .debug_line    0x0000832b      0x20e c:/program files/microchip/xc32/v4.30/bin/bin/../../lib/gcc/pic32c/8.3.1/../../../../pic32c/lib/thumb/v7e-m+fp/hard\libg-musl.a(__pop_int.o)
 .debug_line    0x00008539      0x1ee c:/program files/microchip/xc32/v4.30/bin/bin/../../lib/gcc/pic32c/8.3.1/../../../../pic32c/lib/thumb/v7e-m+fp/hard\libg-musl.a(__pop_ptr.o)
 .debug_line    0x00008727      0x6a3 c:/program files/microchip/xc32/v4.30/bin/bin/../../lib/gcc/pic32c/8.3.1/../../../../pic32c/lib/thumb/v7e-m+fp/hard\libg-musl.a(__printf_core.o)
 .debug_line    0x00008dca      0x18f c:/program files/microchip/xc32/v4.30/bin/bin/../../lib/gcc/pic32c/8.3.1/../../../../pic32c/lib/thumb/v7e-m+fp/hard\libg-musl.a(stdout.o)
 .debug_line    0x00008f59      0x175 c:/program files/microchip/xc32/v4.30/bin/bin/../../lib/gcc/pic32c/8.3.1/../../../../pic32c/lib/thumb/v7e-m+fp/hard\libg-musl.a(atoi.o)
 .debug_line    0x000090ce       0xf2 c:/program files/microchip/xc32/v4.30/bin/bin/../../lib/gcc/pic32c/8.3.1/../../../../pic32c/lib/thumb/v7e-m+fp/hard\libg-musl.a(memcpy.o)
 .debug_line    0x000091c0       0xe9 c:/program files/microchip/xc32/v4.30/bin/bin/../../lib/gcc/pic32c/8.3.1/../../../../pic32c/lib/thumb/v7e-m+fp/hard\libg-musl.a(memset.o)
 .debug_line    0x000092a9       0xe5 c:/program files/microchip/xc32/v4.30/bin/bin/../../lib/gcc/pic32c/8.3.1/../../../../pic32c/lib/thumb/v7e-m+fp/hard\libg-musl.a(strlen.o)
 .debug_line    0x0000938e      0x117 c:/program files/microchip/xc32/v4.30/bin/bin/../../lib/gcc/pic32c/8.3.1/../../../../pic32c/lib/thumb/v7e-m+fp/hard\libg-musl.a(strstr.o)
 .debug_line    0x000094a5       0xb4 c:/program files/microchip/xc32/v4.30/bin/bin/../../lib/gcc/pic32c/8.3.1/../../../../pic32c/lib/thumb/v7e-m+fp/hard\libg-musl.a(strcpy.o)
 .debug_line    0x00009559      0x165 c:/program files/microchip/xc32/v4.30/bin/bin/../../lib/gcc/pic32c/8.3.1/../../../../pic32c/lib/thumb/v7e-m+fp/hard\libg-musl.a(tolower.o)
 .debug_line    0x000096be      0x109 c:/program files/microchip/xc32/v4.30/bin/bin/../../lib/gcc/pic32c/8.3.1/../../../../pic32c/lib/thumb/v7e-m+fp/hard\libg-musl.a(__environ.o)
 .debug_line    0x000097c7       0xa1 c:/program files/microchip/xc32/v4.30/bin/bin/../../lib/gcc/pic32c/8.3.1/../../../../pic32c/lib/thumb/v7e-m+fp/hard\libg-musl.a(__errno_location.o)
 .debug_line    0x00009868      0x176 c:/program files/microchip/xc32/v4.30/bin/bin/../../lib/gcc/pic32c/8.3.1/../../../../pic32c/lib/thumb/v7e-m+fp/hard\libg-musl.a(__int_vfprintf.o)
 .debug_line    0x000099de      0x15b c:/program files/microchip/xc32/v4.30/bin/bin/../../lib/gcc/pic32c/8.3.1/../../../../pic32c/lib/thumb/v7e-m+fp/hard\libg-musl.a(__int_vsprintf.o)
 .debug_line    0x00009b39      0x1d9 c:/program files/microchip/xc32/v4.30/bin/bin/../../lib/gcc/pic32c/8.3.1/../../../../pic32c/lib/thumb/v7e-m+fp/hard\libg-musl.a(__cvt_u.o)
 .debug_line    0x00009d12      0x139 c:/program files/microchip/xc32/v4.30/bin/bin/../../lib/gcc/pic32c/8.3.1/../../../../pic32c/lib/thumb/v7e-m+fp/hard\libg-musl.a(__io_init_needed.o)
 .debug_line    0x00009e4b      0x173 c:/program files/microchip/xc32/v4.30/bin/bin/../../lib/gcc/pic32c/8.3.1/../../../../pic32c/lib/thumb/v7e-m+fp/hard\libg-musl.a(__pop_float.o)
 .debug_line    0x00009fbe       0xc8 c:/program files/microchip/xc32/v4.30/bin/bin/../../lib/gcc/pic32c/8.3.1/../../../../pic32c/lib/thumb/v7e-m+fp/hard\libg-musl.a(stpcpy.o)
 .debug_line    0x0000a086      0x1c9 c:/program files/microchip/xc32/v4.30/bin/bin/../../lib/gcc/pic32c/8.3.1/../../../../pic32c/lib/thumb/v7e-m+fp/hard\libg-musl.a(__int_vsnprintf.o)
 .debug_line    0x0000a24f       0xcf c:/program files/microchip/xc32/v4.30/bin/bin/../../lib/gcc/pic32c/8.3.1/../../../../pic32c/lib/thumb/v7e-m+fp/hard\libg-musl.a(__init_stdio.o)
 .debug_line    0x0000a31e       0xb3 c:/program files/microchip/xc32/v4.30/bin/bin/../../lib/gcc/pic32c/8.3.1/../../../../pic32c/lib/thumb/v7e-m+fp/hard\libg-musl.a(__io_file_needed.o)
 .debug_line    0x0000a3d1      0x243 c:/program files/microchip/xc32/v4.30/bin/bin/../../lib/gcc/pic32c/8.3.1/../../../../pic32c/lib/thumb/v7e-m+fp/hard\libg-musl.a(__out.o)
 .debug_line    0x0000a614       0x98 c:/program files/microchip/xc32/v4.30/bin/bin/../../lib/gcc/pic32c/8.3.1/thumb/v7e-m+fp/hard\libgcc.a(_aeabi_uldivmod.o)
 .debug_line    0x0000a6ac      0x367 c:/program files/microchip/xc32/v4.30/bin/bin/../../lib/gcc/pic32c/8.3.1/thumb/v7e-m+fp/hard\libgcc.a(_udivmoddi4.o)
 .debug_line    0x0000aa13       0x98 c:/program files/microchip/xc32/v4.30/bin/bin/../../lib/gcc/pic32c/8.3.1/thumb/v7e-m+fp/hard\libgcc.a(_dvmd_tls.o)
 .debug_line    0x0000aaab       0xbf c:/program files/microchip/xc32/v4.30/bin/bin/../../lib/gcc/pic32c/8.3.1/../../../../pic32c/lib/thumb/v7e-m+fp/hard\libpic32c.a(write.o)
 .debug_line    0x0000ab6a       0x9f c:/program files/microchip/xc32/v4.30/bin/bin/../../lib/gcc/pic32c/8.3.1/../../../../pic32c/lib/thumb/v7e-m+fp/hard\libpic32c.a(_mon_putc.o)
 .debug_line    0x0000ac09       0xb6 c:/program files/microchip/xc32/v4.30/bin/bin/../../lib/gcc/pic32c/8.3.1/../../../../pic32c/lib/thumb/v7e-m+fp/hard\libpic32c.a(pic32_data_init_clear.o)
 .debug_line    0x0000acbf       0xbe c:/program files/microchip/xc32/v4.30/bin/bin/../../lib/gcc/pic32c/8.3.1/../../../../pic32c/lib/thumb/v7e-m+fp/hard\libpic32c.a(pic32_data_init_copy.o)

.debug_str      0x00000000     0x1060
 .debug_str     0x00000000        0x0 build/Default/debug/examples/driver_examples.o
 .debug_str     0x00000000        0x0 build/Default/debug/gcc/system_same54.o
 .debug_str     0x00000000        0x0 build/Default/debug/hal/src/hal_atomic.o
 .debug_str     0x00000000        0x0 build/Default/debug/hal/src/hal_cache.o
 .debug_str     0x00000000        0x0 build/Default/debug/hal/src/hal_delay.o
 .debug_str     0x00000000        0x0 build/Default/debug/hal/src/hal_gpio.o
 .debug_str     0x00000000        0x0 build/Default/debug/hal/src/hal_init.o
 .debug_str     0x00000000        0x9 build/Default/debug/hal/src/hal_io.o
 .debug_str     0x00000009        0x0 build/Default/debug/hal/src/hal_sleep.o
 .debug_str     0x00000009        0xf build/Default/debug/hal/src/hal_usart_sync.o
 .debug_str     0x00000018        0x0 build/Default/debug/hal/utils/src/utils_assert.o
 .debug_str     0x00000018        0x9 build/Default/debug/hal/utils/src/utils_event.o
 .debug_str     0x00000021        0x8 build/Default/debug/hal/utils/src/utils_list.o
 .debug_str     0x00000029        0x0 build/Default/debug/hal/utils/src/utils_syscalls.o
 .debug_str     0x00000029       0x12 build/Default/debug/hpl/cmcc/hpl_cmcc.o
 .debug_str     0x0000003b        0xa build/Default/debug/hpl/core/hpl_core_m4.o
 .debug_str     0x00000045       0x18 build/Default/debug/hpl/core/hpl_init.o
 .debug_str     0x0000005d        0x0 build/Default/debug/hpl/dmac/hpl_dmac.o
 .debug_str     0x0000005d        0x0 build/Default/debug/hpl/gclk/hpl_gclk.o
 .debug_str     0x0000005d       0x12 build/Default/debug/hpl/mclk/hpl_mclk.o
 .debug_str     0x0000006f       0x17 build/Default/debug/hpl/osc32kctrl/hpl_osc32kctrl.o
 .debug_str     0x00000086       0xe8 build/Default/debug/hpl/oscctrl/hpl_oscctrl.o
 .debug_str     0x0000016e        0x9 build/Default/debug/hpl/pm/hpl_pm.o
 .debug_str     0x00000177        0x8 build/Default/debug/hpl/ramecc/hpl_ramecc.o
 .debug_str     0x0000017f      0x1fb build/Default/debug/hpl/sercom/hpl_sercom.o
 .debug_str     0x0000037a       0x70 build/Default/debug/hpl/tcc/tcc_lite.o
 .debug_str     0x000003ea        0x0 build/Default/debug/thirdparty/RTOS/freertos/FreeRTOSV10.0.0/Source/portable/GCC/ARM_CM4F/port.o
 .debug_str     0x000003ea        0x0 build/Default/debug/thirdparty/RTOS/freertos/FreeRTOSV10.0.0/Source/portable/MemMang/heap_1.o
 .debug_str     0x000003ea        0x0 build/Default/debug/thirdparty/RTOS/freertos/FreeRTOSV10.0.0/Source/croutine.o
 .debug_str     0x000003ea      0x106 build/Default/debug/thirdparty/RTOS/freertos/FreeRTOSV10.0.0/Source/event_groups.o
 .debug_str     0x000004f0       0x2b build/Default/debug/thirdparty/RTOS/freertos/FreeRTOSV10.0.0/Source/list.o
 .debug_str     0x0000051b      0x174 build/Default/debug/thirdparty/RTOS/freertos/FreeRTOSV10.0.0/Source/queue.o
 .debug_str     0x0000068f      0x15f build/Default/debug/thirdparty/RTOS/freertos/FreeRTOSV10.0.0/Source/stream_buffer.o
 .debug_str     0x000007ee      0x1b8 build/Default/debug/thirdparty/RTOS/freertos/FreeRTOSV10.0.0/Source/tasks.o
 .debug_str     0x000009a6       0xe0 build/Default/debug/thirdparty/RTOS/freertos/FreeRTOSV10.0.0/Source/timers.o
 .debug_str     0x00000a86        0x0 build/Default/debug/thirdparty/RTOS/freertos/FreeRTOSV10.0.0/rtos_port.o
 .debug_str     0x00000a86        0x0 build/Default/debug/main.o
 .debug_str     0x00000a86      0x148 build/Default/debug/driver_init.o
 .debug_str     0x00000bce        0x0 build/Default/debug/rtos_start.o
 .debug_str     0x00000bce        0x0 build/Default/debug/atmel_start.o
 .debug_str     0x00000bce       0x64 build/Default/debug/WiFi.o
 .debug_str     0x00000c32      0x10d build/Default/debug/interrupts.o
 .debug_str     0x00000d3f        0x6 C:\Users\Max\AppData\Local\Temp\cce4uX3n.o
 .debug_str     0x00000d45        0x0 c:/program files/microchip/xc32/v4.30/bin/bin/../../lib/gcc/pic32c/8.3.1/../../../../pic32c/lib/thumb/v7e-m+fp/hard\libpic32c.a(data_init.o)
 .debug_str     0x00000d45        0x0 c:/program files/microchip/xc32/v4.30/bin/bin/../../lib/gcc/pic32c/8.3.1/../../../../pic32c/lib/thumb/v7e-m+fp/hard\libg-musl.a(__libc_start_main.o)
 .debug_str     0x00000d45        0x0 c:/program files/microchip/xc32/v4.30/bin/bin/../../lib/gcc/pic32c/8.3.1/../../../../pic32c/lib/thumb/v7e-m+fp/hard\libg-musl.a(libc.o)
 .debug_str     0x00000d45       0x5a c:/program files/microchip/xc32/v4.30/bin/bin/../../lib/gcc/pic32c/8.3.1/../../../../pic32c/lib/thumb/v7e-m+fp/hard\libg-musl.a(__sio_printf_cdnsu.o)
 .debug_str     0x00000d9f       0x5a c:/program files/microchip/xc32/v4.30/bin/bin/../../lib/gcc/pic32c/8.3.1/../../../../pic32c/lib/thumb/v7e-m+fp/hard\libg-musl.a(__sio_sprintf_cdnsu.o)
 .debug_str     0x00000df9        0x0 c:/program files/microchip/xc32/v4.30/bin/bin/../../lib/gcc/pic32c/8.3.1/../../../../pic32c/lib/thumb/v7e-m+fp/hard\libg-musl.a(__fmt_d.o)
 .debug_str     0x00000df9        0x0 c:/program files/microchip/xc32/v4.30/bin/bin/../../lib/gcc/pic32c/8.3.1/../../../../pic32c/lib/thumb/v7e-m+fp/hard\libg-musl.a(__fmt_s.o)
 .debug_str     0x00000df9        0x0 c:/program files/microchip/xc32/v4.30/bin/bin/../../lib/gcc/pic32c/8.3.1/../../../../pic32c/lib/thumb/v7e-m+fp/hard\libg-musl.a(__fmt_u.o)
 .debug_str     0x00000df9        0x0 c:/program files/microchip/xc32/v4.30/bin/bin/../../lib/gcc/pic32c/8.3.1/../../../../pic32c/lib/thumb/v7e-m+fp/hard\libg-musl.a(__pop_int.o)
 .debug_str     0x00000df9        0x0 c:/program files/microchip/xc32/v4.30/bin/bin/../../lib/gcc/pic32c/8.3.1/../../../../pic32c/lib/thumb/v7e-m+fp/hard\libg-musl.a(__pop_ptr.o)
 .debug_str     0x00000df9       0x20 c:/program files/microchip/xc32/v4.30/bin/bin/../../lib/gcc/pic32c/8.3.1/../../../../pic32c/lib/thumb/v7e-m+fp/hard\libg-musl.a(__printf_core.o)
 .debug_str     0x00000e19       0x11 c:/program files/microchip/xc32/v4.30/bin/bin/../../lib/gcc/pic32c/8.3.1/../../../../pic32c/lib/thumb/v7e-m+fp/hard\libg-musl.a(stdout.o)
 .debug_str     0x00000e2a        0x0 c:/program files/microchip/xc32/v4.30/bin/bin/../../lib/gcc/pic32c/8.3.1/../../../../pic32c/lib/thumb/v7e-m+fp/hard\libg-musl.a(atoi.o)
 .debug_str     0x00000e2a        0x0 c:/program files/microchip/xc32/v4.30/bin/bin/../../lib/gcc/pic32c/8.3.1/../../../../pic32c/lib/thumb/v7e-m+fp/hard\libg-musl.a(memcpy.o)
 .debug_str     0x00000e2a        0x0 c:/program files/microchip/xc32/v4.30/bin/bin/../../lib/gcc/pic32c/8.3.1/../../../../pic32c/lib/thumb/v7e-m+fp/hard\libg-musl.a(memset.o)
 .debug_str     0x00000e2a        0x0 c:/program files/microchip/xc32/v4.30/bin/bin/../../lib/gcc/pic32c/8.3.1/../../../../pic32c/lib/thumb/v7e-m+fp/hard\libg-musl.a(strlen.o)
 .debug_str     0x00000e2a        0x0 c:/program files/microchip/xc32/v4.30/bin/bin/../../lib/gcc/pic32c/8.3.1/../../../../pic32c/lib/thumb/v7e-m+fp/hard\libg-musl.a(strstr.o)
 .debug_str     0x00000e2a        0x9 c:/program files/microchip/xc32/v4.30/bin/bin/../../lib/gcc/pic32c/8.3.1/../../../../pic32c/lib/thumb/v7e-m+fp/hard\libg-musl.a(strcpy.o)
 .debug_str     0x00000e33        0x0 c:/program files/microchip/xc32/v4.30/bin/bin/../../lib/gcc/pic32c/8.3.1/../../../../pic32c/lib/thumb/v7e-m+fp/hard\libg-musl.a(tolower.o)
 .debug_str     0x00000e33        0x0 c:/program files/microchip/xc32/v4.30/bin/bin/../../lib/gcc/pic32c/8.3.1/../../../../pic32c/lib/thumb/v7e-m+fp/hard\libg-musl.a(__environ.o)
 .debug_str     0x00000e33        0x0 c:/program files/microchip/xc32/v4.30/bin/bin/../../lib/gcc/pic32c/8.3.1/../../../../pic32c/lib/thumb/v7e-m+fp/hard\libg-musl.a(__errno_location.o)
 .debug_str     0x00000e33        0xe c:/program files/microchip/xc32/v4.30/bin/bin/../../lib/gcc/pic32c/8.3.1/../../../../pic32c/lib/thumb/v7e-m+fp/hard\libg-musl.a(__int_vfprintf.o)
 .debug_str     0x00000e41        0xc c:/program files/microchip/xc32/v4.30/bin/bin/../../lib/gcc/pic32c/8.3.1/../../../../pic32c/lib/thumb/v7e-m+fp/hard\libg-musl.a(__int_vsprintf.o)
 .debug_str     0x00000e4d        0x0 c:/program files/microchip/xc32/v4.30/bin/bin/../../lib/gcc/pic32c/8.3.1/../../../../pic32c/lib/thumb/v7e-m+fp/hard\libg-musl.a(__cvt_u.o)
 .debug_str     0x00000e4d       0x25 c:/program files/microchip/xc32/v4.30/bin/bin/../../lib/gcc/pic32c/8.3.1/../../../../pic32c/lib/thumb/v7e-m+fp/hard\libg-musl.a(__io_init_needed.o)